<html>
<body>
<pre>
<h1>µVision Build Log</h1>
<h2>Tool Versions:</h2>
IDE-Version: µVision V5.21.1.0
Copyright (C) 2016 ARM Ltd and ARM Germany GmbH. All rights reserved.
License Information: Brandon Wiseman, NC State University (Student), LIC=----
 
Tool Versions:
Toolchain:       MDK-Lite  Version: 5.21a
Toolchain Path:  C:\Keil_v5\ARM\ARMCC\Bin
C Compiler:      Armcc.exe V5.06 update 3 (build 300)
Assembler:       Armasm.exe V5.06 update 3 (build 300)
Linker/Locator:  ArmLink.exe V5.06 update 3 (build 300)
Library Manager: ArmAr.exe V5.06 update 3 (build 300)
Hex Converter:   FromElf.exe V5.06 update 3 (build 300)
CPU DLL:         SARMCM3.DLL V5.21a
Dialog DLL:      DARMCM1.DLL V1.14.0.0
Target DLL:      Segger\JL2CM3.dll V2.99.23.0
Dialog DLL:      TARMCM1.DLL V1.10.0.0
 
<h2>Project:</h2>
C:\Users\Brandon\Documents\NCSU\Senior Design\GPS_Base_on_FRDM\02Project.uvprojx
Project File Date:  01/28/2017

<h2>Output:</h2>
*** Using Compiler 'V5.06 update 3 (build 300)', folder: 'C:\Keil_v5\ARM\ARMCC\Bin'
Rebuild target 'Target 1'
compiling queue.c...
compiling timers.c...
compiling LEDs.c...
compiling I2C.c...
compiling UART.c...
compiling main.c...
main.c(65): warning:  #167-D: argument of type "uint8_t *" is incompatible with parameter of type "const char *restrict"
  			printf(terminal_message);
main.c(81): warning:  #167-D: argument of type "uint8_t *" is incompatible with parameter of type "const char *restrict"
  			printf(iot_message);
main.c: 2 warnings, 0 errors
compiling gps.c...
gps.c(162): warning:  #550-D: variable "ten_thousands" was set but never used
  	float ten_thousands = ZERO, thousands =ZERO, hundreds=ZERO, tens=ZERO, ones = ZERO;
gps.c: 1 warning, 0 errors
compiling MMA8451.c...
assembling startup_MKL25Z4.s...
compiling delay.c...
compiling HMC5883L.c...
HMC5883L.c(63): warning:  #550-D: variable "z_mag" was set but never used
  	float heading =0, headingDegrees, x_mag, y_mag, z_mag;
HMC5883L.c: 1 warning, 0 errors
compiling i2c1.c...
compiling system_MKL25Z4.c...
compiling LED_FRDM-KL25Z.c...
linking...
Program Size: Code=13400 RO-data=932 RW-data=36 ZI-data=2996  
".\Objects\02Project.axf" - 0 Error(s), 4 Warning(s).

<h2>Software Packages used:</h2>

Package Vendor: ARM
                http://www.keil.com/pack/ARM.CMSIS.4.5.0.pack
                ARM::CMSIS:CORE:4.3.0
                CMSIS (Cortex Microcontroller Software Interface Standard)
   * Component: CORE Version: 4.3.0

Package Vendor: Keil
                http://www.keil.com/pack/Keil.Kinetis_KLxx_DFP.1.12.0.pack
                Keil::Device:Startup:2.5.0
                NXP Kinetis KLxx Series Device Support and Examples
   * Component: Startup Version: 2.5.0
   * Component: LED Version: 1.0.0

Package Vendor: Keil
                http://www.keil.com/pack/Keil.MDK-Middleware.7.2.0.pack
                ::Board Support:LED:1.00 (API)
                Keil MDK-ARM Professional Middleware for ARM Cortex-M based devices
   * Component: LED Version: 1.00

<h2>Collection of Component include folders:</h2>
  C:\Users\Brandon\Documents\NCSU\Senior Design\GPS_Base_on_FRDM\RTE
  C:\Users\Brandon\Documents\NCSU\Senior Design\GPS_Base_on_FRDM\RTE\Device\MKL25Z128xxx4
  C:\Keil_v5\ARM\PACK\ARM\CMSIS\4.5.0\CMSIS\Include
  C:\Keil_v5\ARM\PACK\Keil\Kinetis_KLxx_DFP\1.12.0\Device\Include
  C:\Keil_v5\ARM\PACK\Keil\MDK-Middleware\7.2.0\Board

<h2>Collection of Component Files used:</h2>

   * Component: ARM::CMSIS:CORE:4.3.0

   * Component: Keil::Device:Startup:2.5.0
      Source file:   Device\Source\ARM\startup_MKL25Z4.s
      Source file:   Device\Source\system_MKL25Z4.c
      Include file:  Device\Source\system_MKL25Z4.h

   * Component: Keil.FRDM-KL25Z::Board Support:LED:1.0.0
      Source file:   Boards\NXP\FRDM-KL25Z\Common\LED_FRDM-KL25Z.c

   * Component: ::Board Support:LED:1.00 (API)
      Include file:  Board\Board_LED.h
Build Time Elapsed:  00:00:01
</pre>
</body>
</html>
