Component: ARM Compiler 5.06 update 3 (build 300) Tool: armlink [4d35c9]

==============================================================================

Section Cross References

    main.o(i.main) refers to uart.o(i.Init_UART0) for Init_UART0
    main.o(i.main) refers to uart.o(i.Init_UART2) for Init_UART2
    main.o(i.main) refers to leds.o(i.Init_RGB_LEDs) for Init_RGB_LEDs
    main.o(i.main) refers to i2c1.o(i.i2c1_init) for i2c1_init
    main.o(i.main) refers to hmc5883l.o(i.init_compass) for init_compass
    main.o(i.main) refers to noretval__2printf.o(.text) for __2printf
    main.o(i.main) refers to uart.o(i.Get_Num_Rx_Chars_Available) for Get_Num_Rx_Chars_Available
    main.o(i.main) refers to queue.o(i.Q_Init) for Q_Init
    main.o(i.main) refers to gps.o(i.Task_NMEA_Decode) for Task_NMEA_Decode
    main.o(i.main) refers to frlef.o(x$fpl$frleqf) for __aeabi_cfrcmple
    main.o(i.main) refers to flef.o(x$fpl$fleqf) for __aeabi_cfcmple
    main.o(i.main) refers to leds.o(i.Control_RGB_LEDs) for Control_RGB_LEDs
    main.o(i.main) refers to hmc5883l.o(i.read_full_compass) for read_full_compass
    main.o(i.main) refers to uart.o(.bss) for RxQ
    main.o(i.main) refers to uart.o(.data) for GPS_message_received
    main.o(i.main) refers to main.o(.bss) for input_message
    main.o(i.main) refers to gps.o(.bss) for GPS_Message
    queue.o(i.Q_Dequeue) refers to queue.o(i.Q_Empty) for Q_Empty
    queue.o(i.Q_Enqueue) refers to queue.o(i.Q_Full) for Q_Full
    timers.o(i.Init_PIT) refers to timers.o(i.NVIC_SetPriority) for NVIC_SetPriority
    timers.o(i.Init_PIT) refers to timers.o(i.NVIC_ClearPendingIRQ) for NVIC_ClearPendingIRQ
    timers.o(i.PIT_IRQHandler) refers to timers.o(i.NVIC_ClearPendingIRQ) for NVIC_ClearPendingIRQ
    timers.o(i.PIT_IRQHandler) refers to timers.o(.data) for PIT_interrupt_counter
    uart.o(i.Get_Char) refers to queue.o(i.Q_Dequeue) for Q_Dequeue
    uart.o(i.Get_Char) refers to uart.o(.bss) for RxQ
    uart.o(i.Get_Num_Rx_Chars_Available) refers to queue.o(i.Q_Size) for Q_Size
    uart.o(i.Get_Num_Rx_Chars_Available) refers to uart.o(.bss) for RxQ
    uart.o(i.Init_UART0) refers to aeabi_sdiv.o(.text) for __aeabi_uidivmod
    uart.o(i.Init_UART0) refers to uart.o(i.NVIC_SetPriority) for NVIC_SetPriority
    uart.o(i.Init_UART0) refers to uart.o(i.NVIC_ClearPendingIRQ) for NVIC_ClearPendingIRQ
    uart.o(i.Init_UART0) refers to uart.o(i.NVIC_EnableIRQ) for NVIC_EnableIRQ
    uart.o(i.Init_UART0) refers to queue.o(i.Q_Init) for Q_Init
    uart.o(i.Init_UART0) refers to uart.o(.bss) for TxQ
    uart.o(i.Init_UART2) refers to dflti.o(.text) for __aeabi_ui2d
    uart.o(i.Init_UART2) refers to ddiv.o(.text) for __aeabi_ddiv
    uart.o(i.Init_UART2) refers to dfixui.o(.text) for __aeabi_d2uiz
    uart.o(i.Init_UART2) refers to uart.o(i.NVIC_SetPriority) for NVIC_SetPriority
    uart.o(i.Init_UART2) refers to uart.o(i.NVIC_ClearPendingIRQ) for NVIC_ClearPendingIRQ
    uart.o(i.Init_UART2) refers to uart.o(i.NVIC_EnableIRQ) for NVIC_EnableIRQ
    uart.o(i.Init_UART2) refers to queue.o(i.Q_Init) for Q_Init
    uart.o(i.Init_UART2) refers to uart.o(.bss) for TxQ
    uart.o(i.Send_String) refers to queue.o(i.Q_Full) for Q_Full
    uart.o(i.Send_String) refers to queue.o(i.Q_Enqueue) for Q_Enqueue
    uart.o(i.Send_String) refers to queue.o(i.Q_Dequeue) for Q_Dequeue
    uart.o(i.Send_String) refers to uart.o(.bss) for TxQ
    uart.o(i.UART0_IRQHandler) refers to uart.o(i.NVIC_ClearPendingIRQ) for NVIC_ClearPendingIRQ
    uart.o(i.UART0_IRQHandler) refers to queue.o(i.Q_Empty) for Q_Empty
    uart.o(i.UART0_IRQHandler) refers to queue.o(i.Q_Dequeue) for Q_Dequeue
    uart.o(i.UART0_IRQHandler) refers to queue.o(i.Q_Full) for Q_Full
    uart.o(i.UART0_IRQHandler) refers to queue.o(i.Q_Enqueue) for Q_Enqueue
    uart.o(i.UART0_IRQHandler) refers to noretval__2printf.o(.text) for __2printf
    uart.o(i.UART0_IRQHandler) refers to uart.o(.bss) for TxQ
    uart.o(i.UART0_IRQHandler) refers to uart.o(.data) for message_received
    uart.o(i.UART2_IRQHandler) refers to uart.o(i.NVIC_ClearPendingIRQ) for NVIC_ClearPendingIRQ
    uart.o(i.UART2_IRQHandler) refers to queue.o(i.Q_Empty) for Q_Empty
    uart.o(i.UART2_IRQHandler) refers to queue.o(i.Q_Dequeue) for Q_Dequeue
    uart.o(i.UART2_IRQHandler) refers to queue.o(i.Q_Full) for Q_Full
    uart.o(i.UART2_IRQHandler) refers to queue.o(i.Q_Enqueue) for Q_Enqueue
    uart.o(i.UART2_IRQHandler) refers to uart.o(.bss) for TxQ
    uart.o(i.UART2_IRQHandler) refers to uart.o(.data) for GPS_message_received
    gps.o(i.Convert_Number_to_Float) refers to fflti.o(.text) for __aeabi_i2f
    gps.o(i.Convert_Number_to_Float) refers to fdiv.o(.text) for __aeabi_fdiv
    gps.o(i.Convert_Number_to_Float) refers to faddsub.o(x$fpl$fadd) for __aeabi_fadd
    gps.o(i.Convert_Number_to_Float) refers to main.o(.bss) for input_message
    gps.o(i.Decode_GPS) refers to gps.o(i.__ARM_common_switch8) for __ARM_common_switch8
[...]
    ../clib/angel/sys.s                      0x00000000   Number         0  tempstk.o ABSOLUTE
    ../clib/angel/sys.s                      0x00000000   Number         0  sys_stackheap_outer.o ABSOLUTE
    ../clib/angel/sysapp.c                   0x00000000   Number         0  sys_wrch.o ABSOLUTE
    ../clib/angel/sysapp.c                   0x00000000   Number         0  sys_command.o ABSOLUTE
    ../clib/angel/sysapp.c                   0x00000000   Number         0  sys_exit.o ABSOLUTE
    ../clib/armsys.c                         0x00000000   Number         0  no_argv.o ABSOLUTE
    ../clib/armsys.c                         0x00000000   Number         0  _get_argv_nomalloc.o ABSOLUTE
    ../clib/armsys.c                         0x00000000   Number         0  argv_veneer.o ABSOLUTE
    ../clib/bigflt.c                         0x00000000   Number         0  bigflt0.o ABSOLUTE
    ../clib/btod.c                           0x00000000   Number         0  btod.o ABSOLUTE
    ../clib/division.c                       0x00000000   Number         0  lludiv10.o ABSOLUTE
    ../clib/division.c                       0x00000000   Number         0  rtudiv10.o ABSOLUTE
    ../clib/division.s                       0x00000000   Number         0  aeabi_sdiv_div0.o ABSOLUTE
    ../clib/division.s                       0x00000000   Number         0  aeabi_sdiv.o ABSOLUTE
    ../clib/fenv.c                           0x00000000   Number         0  _rserrno.o ABSOLUTE
    ../clib/heapalloc.c                      0x00000000   Number         0  hrguard.o ABSOLUTE
    ../clib/heapaux.c                        0x00000000   Number         0  heapauxi.o ABSOLUTE
    ../clib/libinit.s                        0x00000000   Number         0  libshutdown.o ABSOLUTE
    ../clib/libinit.s                        0x00000000   Number         0  libinit2.o ABSOLUTE
    ../clib/libinit.s                        0x00000000   Number         0  libshutdown2.o ABSOLUTE
    ../clib/libinit.s                        0x00000000   Number         0  libinit.o ABSOLUTE
    ../clib/locale.s                         0x00000000   Number         0  lc_numeric_c.o ABSOLUTE
    ../clib/locale.s                         0x00000000   Number         0  lc_ctype_c.o ABSOLUTE
    ../clib/misc.s                           0x00000000   Number         0  printf_stubs.o ABSOLUTE
    ../clib/printf.c                         0x00000000   Number         0  _printf_intcommon.o ABSOLUTE
    ../clib/printf.c                         0x00000000   Number         0  _printf_fp_infnan.o ABSOLUTE
    ../clib/printf.c                         0x00000000   Number         0  _printf_str.o ABSOLUTE
    ../clib/printf.c                         0x00000000   Number         0  __2printf.o ABSOLUTE
    ../clib/printf.c                         0x00000000   Number         0  __printf_flags_ss_wp.o ABSOLUTE
    ../clib/printf.c                         0x00000000   Number         0  __printf_ss_wp.o ABSOLUTE
    ../clib/printf.c                         0x00000000   Number         0  _printf_pad.o ABSOLUTE
    ../clib/printf.c                         0x00000000   Number         0  __printf_flags_wp.o ABSOLUTE
    ../clib/printf.c                         0x00000000   Number         0  _printf_char_common.o ABSOLUTE
    ../clib/printf.c                         0x00000000   Number         0  __printf_wp.o ABSOLUTE
    ../clib/printf.c                         0x00000000   Number         0  noretval__2printf.o ABSOLUTE
    ../clib/printf.c                         0x00000000   Number         0  _printf_char_file.o ABSOLUTE
    ../clib/printf.c                         0x00000000   Number         0  __printf_nopercent.o ABSOLUTE
    ../clib/printf.c                         0x00000000   Number         0  __printf_flags_ss.o ABSOLUTE
    ../clib/printf.c                         0x00000000   Number         0  __printf_ss.o ABSOLUTE
    ../clib/printf.c                         0x00000000   Number         0  __printf.o ABSOLUTE
    ../clib/printf.c                         0x00000000   Number         0  _printf_char.o ABSOLUTE
    ../clib/printf.c                         0x00000000   Number         0  _printf_dec.o ABSOLUTE
    ../clib/printf.c                         0x00000000   Number         0  _printf_fp_dec.o ABSOLUTE
    ../clib/printf.c                         0x00000000   Number         0  __printf_flags.o ABSOLUTE
    ../clib/printf_percent.s                 0x00000000   Number         0  _printf_percent.o ABSOLUTE
    ../clib/printf_percent.s                 0x00000000   Number         0  _printf_f.o ABSOLUTE
    ../clib/printf_percent.s                 0x00000000   Number         0  _printf_i.o ABSOLUTE
    ../clib/printf_percent.s                 0x00000000   Number         0  _printf_c.o ABSOLUTE
    ../clib/printf_percent.s                 0x00000000   Number         0  _printf_percent_end.o ABSOLUTE
    ../clib/scanf.c                          0x00000000   Number         0  strtol.o ABSOLUTE
    ../clib/scanf.c                          0x00000000   Number         0  _strtoul.o ABSOLUTE
    ../clib/scanf.c                          0x00000000   Number         0  _chval.o ABSOLUTE
    ../clib/signal.c                         0x00000000   Number         0  defsig_pvfn_inner.o ABSOLUTE
    ../clib/signal.c                         0x00000000   Number         0  defsig_stak_inner.o ABSOLUTE
    ../clib/signal.c                         0x00000000   Number         0  defsig_rtred_inner.o ABSOLUTE
    ../clib/signal.c                         0x00000000   Number         0  defsig_abrt_inner.o ABSOLUTE
    ../clib/signal.c                         0x00000000   Number         0  defsig_rtmem_formal.o ABSOLUTE
    ../clib/signal.c                         0x00000000   Number         0  defsig_rtmem_outer.o ABSOLUTE
    ../clib/signal.c                         0x00000000   Number         0  defsig_general.o ABSOLUTE
    ../clib/signal.c                         0x00000000   Number         0  __raise.o ABSOLUTE
    ../clib/signal.c                         0x00000000   Number         0  defsig_fpe_inner.o ABSOLUTE
    ../clib/signal.c                         0x00000000   Number         0  defsig_rtmem_inner.o ABSOLUTE
    ../clib/signal.c                         0x00000000   Number         0  defsig_fpe_formal.o ABSOLUTE
    ../clib/signal.c                         0x00000000   Number         0  defsig_fpe_outer.o ABSOLUTE
    ../clib/signal.c                         0x00000000   Number         0  defsig_exit.o ABSOLUTE
    ../clib/signal.c                         0x00000000   Number         0  defsig_other.o ABSOLUTE
    ../clib/signal.c                         0x00000000   Number         0  defsig_segv_inner.o ABSOLUTE
    ../clib/signal.c                         0x00000000   Number         0  defsig_cppl_inner.o ABSOLUTE
    ../clib/signal.s                         0x00000000   Number         0  defsig.o ABSOLUTE
    ../clib/stdio.c                          0x00000000   Number         0  ferror_locked.o ABSOLUTE
    ../clib/stdio.c                          0x00000000   Number         0  ferror.o ABSOLUTE
    ../clib/stdlib.c                         0x00000000   Number         0  exit.o ABSOLUTE
    ../clib/string.c                         0x00000000   Number         0  strcmp.o ABSOLUTE
    ../fplib/cfplib/cmpret.c                 0x00000000   Number         0  cmpret.o ABSOLUTE
    ../fplib/cfplib/d2f.c                    0x00000000   Number         0  d2f.o ABSOLUTE
    ../fplib/cfplib/daddsub.c                0x00000000   Number         0  daddsub.o ABSOLUTE
    ../fplib/cfplib/dcmpin.c                 0x00000000   Number         0  dcmpin.o ABSOLUTE
    ../fplib/cfplib/ddiv.c                   0x00000000   Number         0  ddiv.o ABSOLUTE
    ../fplib/cfplib/dmul.c                   0x00000000   Number         0  dmul.o ABSOLUTE
    ../fplib/cfplib/f2d.c                    0x00000000   Number         0  f2d.o ABSOLUTE
    ../fplib/cfplib/fcmpin.c                 0x00000000   Number         0  fcmpin.o ABSOLUTE
    ../fplib/cfplib/fdiv.c                   0x00000000   Number         0  fdiv.o ABSOLUTE
    ../fplib/cfplib/ffix.c                   0x00000000   Number         0  dfixi.o ABSOLUTE
    ../fplib/cfplib/ffix.c                   0x00000000   Number         0  dfixui.o ABSOLUTE
    ../fplib/cfplib/ffix.c                   0x00000000   Number         0  ffixi.o ABSOLUTE
    ../fplib/cfplib/fflt.c                   0x00000000   Number         0  dflti.o ABSOLUTE
    ../fplib/cfplib/fflt.c                   0x00000000   Number         0  fflti.o ABSOLUTE
    ../fplib/cfplib/fpinit.c                 0x00000000   Number         0  fpinit.o ABSOLUTE
    ../fplib/cfplib/ieee_status.c            0x00000000   Number         0  ieee_status.o ABSOLUTE
    ../fplib/cfplib/nan2.c                   0x00000000   Number         0  dnan2.o ABSOLUTE
    ../fplib/cfplib/nan2.c                   0x00000000   Number         0  fnan2.o ABSOLUTE
    ../fplib/cfplib/retnan.c                 0x00000000   Number         0  retnan.o ABSOLUTE
    ../fplib/cfplib/scalbn.c                 0x00000000   Number         0  dscalbn.o ABSOLUTE
    ../fplib/deqf6m.s                        0x00000000   Number         0  deqf.o ABSOLUTE
    ../fplib/dleqf6m.s                       0x00000000   Number         0  dlef.o ABSOLUTE
    ../fplib/faddsub6m.s                     0x00000000   Number         0  faddsub.o ABSOLUTE
    ../fplib/feqf6m.s                        0x00000000   Number         0  feqf.o ABSOLUTE
    ../fplib/fleqf6m.s                       0x00000000   Number         0  flef.o ABSOLUTE
    ../fplib/fmul6m.s                        0x00000000   Number         0  fmul.o ABSOLUTE
    ../fplib/frleqf6m.s                      0x00000000   Number         0  frlef.o ABSOLUTE
    ../fplib/printf1.s                       0x00000000   Number         0  printf1.o ABSOLUTE
    ../fplib/usenofp.s                       0x00000000   Number         0  usenofp.o ABSOLUTE
    ../mathlib/atan.c                        0x00000000   Number         0  atan_x.o ABSOLUTE
    ../mathlib/atan.c                        0x00000000   Number         0  atan.o ABSOLUTE
    ../mathlib/atan2.c                       0x00000000   Number         0  atan2_x.o ABSOLUTE
    ../mathlib/atan2.c                       0x00000000   Number         0  atan2.o ABSOLUTE
    ../mathlib/cos.c                         0x00000000   Number         0  cos_x.o ABSOLUTE
    ../mathlib/cos.c                         0x00000000   Number         0  cos.o ABSOLUTE
    ../mathlib/cos_i.c                       0x00000000   Number         0  cos_i.o ABSOLUTE
    ../mathlib/dunder.c                      0x00000000   Number         0  dunder.o ABSOLUTE
    ../mathlib/fpclassify.c                  0x00000000   Number         0  fpclassify.o ABSOLUTE
    ../mathlib/poly.c                        0x00000000   Number         0  poly.o ABSOLUTE
    ../mathlib/qnan.c                        0x00000000   Number         0  qnan.o ABSOLUTE
    ../mathlib/rred.c                        0x00000000   Number         0  rred.o ABSOLUTE
    ../mathlib/sin.c                         0x00000000   Number         0  sin_x.o ABSOLUTE
    ../mathlib/sin.c                         0x00000000   Number         0  sin.o ABSOLUTE
    ../mathlib/sin_i.c                       0x00000000   Number         0  sin_i_x.o ABSOLUTE
    ../mathlib/sin_i.c                       0x00000000   Number         0  sin_i.o ABSOLUTE
    C:\Keil_v5\ARM\PACK\Keil\Kinetis_KLxx_DFP\1.12.0\Boards\NXP\FRDM-KL25Z\Common\LED_FRDM-KL25Z.c 0x00000000   Number         0  led_frdm-kl25z.o ABSOLUTE
    C:\\Keil_v5\\ARM\\PACK\\Keil\\Kinetis_KLxx_DFP\\1.12.0\\Boards\\NXP\\FRDM-KL25Z\\Common\\LED_FRDM-KL25Z.c 0x00000000   Number         0  led_frdm-kl25z.o ABSOLUTE
    HMC5883L.c                               0x00000000   Number         0  hmc5883l.o ABSOLUTE
    HMC5883L.c                               0x00000000   Number         0  hmc5883l.o ABSOLUTE
    I2C.c                                    0x00000000   Number         0  i2c.o ABSOLUTE
    I2C.c                                    0x00000000   Number         0  i2c.o ABSOLUTE
    LEDs.c                                   0x00000000   Number         0  leds.o ABSOLUTE
    LEDs.c                                   0x00000000   Number         0  leds.o ABSOLUTE
    MMA8451.c                                0x00000000   Number         0  mma8451.o ABSOLUTE
    MMA8451.c                                0x00000000   Number         0  mma8451.o ABSOLUTE
    RTE\Device\MKL25Z128xxx4\startup_MKL25Z4.s 0x00000000   Number         0  startup_mkl25z4.o ABSOLUTE
    RTE\Device\MKL25Z128xxx4\system_MKL25Z4.c 0x00000000   Number         0  system_mkl25z4.o ABSOLUTE
    RTE\\Device\\MKL25Z128xxx4\\system_MKL25Z4.c 0x00000000   Number         0  system_mkl25z4.o ABSOLUTE
    UART.c                                   0x00000000   Number         0  uart.o ABSOLUTE
    UART.c                                   0x00000000   Number         0  uart.o ABSOLUTE
    dc.s                                     0x00000000   Number         0  dc.o ABSOLUTE
    delay.c                                  0x00000000   Number         0  delay.o ABSOLUTE
    delay.c                                  0x00000000   Number         0  delay.o ABSOLUTE
    gps.c                                    0x00000000   Number         0  gps.o ABSOLUTE
    gps.c                                    0x00000000   Number         0  gps.o ABSOLUTE
    i2c1.c                                   0x00000000   Number         0  i2c1.o ABSOLUTE
    i2c1.c                                   0x00000000   Number         0  i2c1.o ABSOLUTE
    main.c                                   0x00000000   Number         0  main.o ABSOLUTE
    main.c                                   0x00000000   Number         0  main.o ABSOLUTE
    queue.c                                  0x00000000   Number         0  queue.o ABSOLUTE
    timers.c                                 0x00000000   Number         0  timers.o ABSOLUTE
    timers.c                                 0x00000000   Number         0  timers.o ABSOLUTE
    !!!main                                  0x000000c0   Section        8  __main.o(!!!main)
    !!!scatter                               0x000000c8   Section       60  __scatter.o(!!!scatter)
    !!handler_copy                           0x00000104   Section       26  __scatter_copy.o(!!handler_copy)
    !!handler_zi                             0x00000120   Section       28  __scatter_zi.o(!!handler_zi)
    .ARM.Collect$$_printf_percent$$00000000  0x0000013c   Section        2  _printf_percent.o(.ARM.Collect$$_printf_percent$$00000000)
    .ARM.Collect$$_printf_percent$$00000003  0x0000013e   Section       10  _printf_f.o(.ARM.Collect$$_printf_percent$$00000003)
    .ARM.Collect$$_printf_percent$$00000008  0x00000148   Section       10  _printf_i.o(.ARM.Collect$$_printf_percent$$00000008)
    .ARM.Collect$$_printf_percent$$00000017  0x00000152   Section        4  _printf_percent_end.o(.ARM.Collect$$_printf_percent$$00000017)
    .ARM.Collect$$libinit$$00000000          0x00000156   Section        2  libinit.o(.ARM.Collect$$libinit$$00000000)
    .ARM.Collect$$libinit$$00000002          0x00000158   Section        0  libinit2.o(.ARM.Collect$$libinit$$00000002)
    .ARM.Collect$$libinit$$00000004          0x00000158   Section        0  libinit2.o(.ARM.Collect$$libinit$$00000004)
    .ARM.Collect$$libinit$$0000000A          0x00000158   Section        0  libinit2.o(.ARM.Collect$$libinit$$0000000A)
    .ARM.Collect$$libinit$$0000000C          0x00000158   Section        0  libinit2.o(.ARM.Collect$$libinit$$0000000C)
    .ARM.Collect$$libinit$$0000000E          0x00000158   Section        0  libinit2.o(.ARM.Collect$$libinit$$0000000E)
    .ARM.Collect$$libinit$$0000000F          0x00000158   Section        6  libinit2.o(.ARM.Collect$$libinit$$0000000F)
    .ARM.Collect$$libinit$$00000011          0x0000015e   Section        0  libinit2.o(.ARM.Collect$$libinit$$00000011)
    .ARM.Collect$$libinit$$00000012          0x0000015e   Section       12  libinit2.o(.ARM.Collect$$libinit$$00000012)
    .ARM.Collect$$libinit$$00000013          0x0000016a   Section        0  libinit2.o(.ARM.Collect$$libinit$$00000013)
    .ARM.Collect$$libinit$$00000015          0x0000016a   Section        0  libinit2.o(.ARM.Collect$$libinit$$00000015)
    .ARM.Collect$$libinit$$00000016          0x0000016a   Section       10  libinit2.o(.ARM.Collect$$libinit$$00000016)
    .ARM.Collect$$libinit$$00000017          0x00000174   Section        0  libinit2.o(.ARM.Collect$$libinit$$00000017)
    .ARM.Collect$$libinit$$00000019          0x00000174   Section        0  libinit2.o(.ARM.Collect$$libinit$$00000019)
    .ARM.Collect$$libinit$$0000001B          0x00000174   Section        0  libinit2.o(.ARM.Collect$$libinit$$0000001B)
    .ARM.Collect$$libinit$$0000001D          0x00000174   Section        0  libinit2.o(.ARM.Collect$$libinit$$0000001D)
    .ARM.Collect$$libinit$$0000001F          0x00000174   Section        0  libinit2.o(.ARM.Collect$$libinit$$0000001F)
    .ARM.Collect$$libinit$$00000021          0x00000174   Section        0  libinit2.o(.ARM.Collect$$libinit$$00000021)
    .ARM.Collect$$libinit$$00000023          0x00000174   Section        0  libinit2.o(.ARM.Collect$$libinit$$00000023)
    .ARM.Collect$$libinit$$00000025          0x00000174   Section        0  libinit2.o(.ARM.Collect$$libinit$$00000025)
    .ARM.Collect$$libinit$$0000002C          0x00000174   Section        0  libinit2.o(.ARM.Collect$$libinit$$0000002C)
    .ARM.Collect$$libinit$$0000002E          0x00000174   Section        0  libinit2.o(.ARM.Collect$$libinit$$0000002E)
    .ARM.Collect$$libinit$$00000030          0x00000174   Section        0  libinit2.o(.ARM.Collect$$libinit$$00000030)
    .ARM.Collect$$libinit$$00000032          0x00000174   Section        0  libinit2.o(.ARM.Collect$$libinit$$00000032)
    .ARM.Collect$$libinit$$00000033          0x00000174   Section        2  libinit2.o(.ARM.Collect$$libinit$$00000033)
    .ARM.Collect$$libshutdown$$00000000      0x00000176   Section        2  libshutdown.o(.ARM.Collect$$libshutdown$$00000000)
    .ARM.Collect$$libshutdown$$00000002      0x00000178   Section        0  libshutdown2.o(.ARM.Collect$$libshutdown$$00000002)
    .ARM.Collect$$libshutdown$$00000004      0x00000178   Section        0  libshutdown2.o(.ARM.Collect$$libshutdown$$00000004)
    .ARM.Collect$$libshutdown$$00000007      0x00000178   Section        0  libshutdown2.o(.ARM.Collect$$libshutdown$$00000007)
    .ARM.Collect$$libshutdown$$0000000A      0x00000178   Section        0  libshutdown2.o(.ARM.Collect$$libshutdown$$0000000A)
    .ARM.Collect$$libshutdown$$0000000C      0x00000178   Section        0  libshutdown2.o(.ARM.Collect$$libshutdown$$0000000C)
    .ARM.Collect$$libshutdown$$0000000F      0x00000178   Section        0  libshutdown2.o(.ARM.Collect$$libshutdown$$0000000F)
    .ARM.Collect$$libshutdown$$00000010      0x00000178   Section        2  libshutdown2.o(.ARM.Collect$$libshutdown$$00000010)
    .ARM.Collect$$rtentry$$00000000          0x0000017a   Section        0  __rtentry.o(.ARM.Collect$$rtentry$$00000000)
    .ARM.Collect$$rtentry$$00000002          0x0000017a   Section        0  __rtentry2.o(.ARM.Collect$$rtentry$$00000002)
    .ARM.Collect$$rtentry$$00000004          0x0000017a   Section        6  __rtentry4.o(.ARM.Collect$$rtentry$$00000004)
    .ARM.Collect$$rtentry$$00000009          0x00000180   Section        0  __rtentry2.o(.ARM.Collect$$rtentry$$00000009)
    .ARM.Collect$$rtentry$$0000000A          0x00000180   Section        4  __rtentry2.o(.ARM.Collect$$rtentry$$0000000A)
    .ARM.Collect$$rtentry$$0000000C          0x00000184   Section        0  __rtentry2.o(.ARM.Collect$$rtentry$$0000000C)
    .ARM.Collect$$rtentry$$0000000D          0x00000184   Section        8  __rtentry2.o(.ARM.Collect$$rtentry$$0000000D)
    .ARM.Collect$$rtexit$$00000000           0x0000018c   Section        2  rtexit.o(.ARM.Collect$$rtexit$$00000000)
    .ARM.Collect$$rtexit$$00000002           0x0000018e   Section        0  rtexit2.o(.ARM.Collect$$rtexit$$00000002)
    .ARM.Collect$$rtexit$$00000003           0x0000018e   Section        4  rtexit2.o(.ARM.Collect$$rtexit$$00000003)
    .ARM.Collect$$rtexit$$00000004           0x00000192   Section        6  rtexit2.o(.ARM.Collect$$rtexit$$00000004)
    .text                                    0x00000198   Section       64  startup_mkl25z4.o(.text)
    .text                                    0x000001d8   Section        0  noretval__2printf.o(.text)
    .text                                    0x000001f4   Section        0  _printf_dec.o(.text)
    .text                                    0x00000260   Section        0  __printf_wp.o(.text)
    .text                                    0x00000370   Section        0  strtol.o(.text)
    .text                                    0x000003e0   Section        0  heapauxi.o(.text)
    .text                                    0x000003e8   Section       16  rt_ctype_table.o(.text)
    .text                                    0x000003f8   Section        8  rt_errno_addr_intlibspace.o(.text)
    .ARM.__at_0x400                          0x00000400   Section       16  startup_mkl25z4.o(.ARM.__at_0x400)
    .text                                    0x00000410   Section      346  aeabi_sdiv.o(.text)
    .text                                    0x0000056c   Section        0  d2f.o(.text)
    .text                                    0x000005e8   Section        0  daddsub.o(.text)
    _dadd1                                   0x000005e9   Thumb Code   290  daddsub.o(.text)
    _dsub1                                   0x0000070b   Thumb Code   470  daddsub.o(.text)
    .text                                    0x00000940   Section        0  ddiv.o(.text)
    .text                                    0x00000d88   Section        0  dfixui.o(.text)
    .text                                    0x00000dd0   Section        0  dflti.o(.text)
    .text                                    0x00000e28   Section        0  dmul.o(.text)
    .text                                    0x00001070   Section        0  f2d.o(.text)
    .text                                    0x000010c4   Section        0  fdiv.o(.text)
    .text                                    0x00001224   Section        0  fflti.o(.text)
    .text                                    0x00001282   Section        0  _rserrno.o(.text)
    .text                                    0x00001298   Section        0  _printf_intcommon.o(.text)
    .text                                    0x00001348   Section        0  _printf_fp_dec.o(.text)
    _fp_digits                               0x0000134b   Thumb Code   408  _printf_fp_dec.o(.text)
    .text                                    0x0000175c   Section        0  _printf_char_file.o(.text)
    .text                                    0x00001784   Section        0  _strtoul.o(.text)
    .text                                    0x0000182a   Section        0  rtudiv10.o(.text)
    .text                                    0x00001854   Section        0  fcmpin.o(.text)
    .text                                    0x000018b8   Section        8  libspace.o(.text)
    .text                                    0x000018c0   Section        8  rt_locale_intlibspace.o(.text)
    .text                                    0x000018c8   Section        0  lludiv10.o(.text)
    .text                                    0x00001944   Section        0  _printf_char_common.o(.text)
    _printf_input_char                       0x00001945   Thumb Code    10  _printf_char_common.o(.text)
    .text                                    0x00001974   Section        0  _printf_fp_infnan.o(.text)
    .text                                    0x000019fc   Section        0  _chval.o(.text)
    .text                                    0x00001a1c   Section        0  bigflt0.o(.text)
    .text                                    0x00001ae4   Section        0  btod.o(.text)
    btod_internal_mul                        0x00001b25   Thumb Code   456  btod.o(.text)
    btod_internal_div                        0x00001ced   Thumb Code   494  btod.o(.text)
    .text                                    0x00001f8c   Section        0  ferror.o(.text)
    .text                                    0x00001f94   Section        0  cmpret.o(.text)
    .text                                    0x00001fc4   Section        0  dfixi.o(.text)
    .text                                    0x00002030   Section        0  dscalbn.o(.text)
    .text                                    0x00002090   Section        0  fnan2.o(.text)
    .text                                    0x000020a0   Section       62  sys_stackheap_outer.o(.text)
    .text                                    0x000020de   Section        0  exit.o(.text)
    .text                                    0x000020f0   Section        0  strcmp.o(.text)
    .text                                    0x00002178   Section        0  retnan.o(.text)
    .text                                    0x000021d8   Section        0  sys_exit.o(.text)
    .text                                    0x000021e4   Section        2  use_no_semi.o(.text)
    .text                                    0x000021e6   Section        0  indicate_semi.o(.text)
    i.Control_RGB_LEDs                       0x000021e8   Section        0  leds.o(i.Control_RGB_LEDs)
    i.Convert_Number_to_Float                0x00002234   Section        0  gps.o(i.Convert_Number_to_Float)
    i.Decode_GPS                             0x00002610   Section        0  gps.o(i.Decode_GPS)
    i.Decode_HeaderGPS                       0x0000275c   Section        0  gps.o(i.Decode_HeaderGPS)
    i.Delay                                  0x000027e8   Section        0  delay.o(i.Delay)
    i.Get_Num_Rx_Chars_Available             0x00002804   Section        0  uart.o(i.Get_Num_Rx_Chars_Available)
    i.Init_RGB_LEDs                          0x00002814   Section        0  leds.o(i.Init_RGB_LEDs)
    i.Init_UART0                             0x000028a0   Section        0  uart.o(i.Init_UART0)
    i.Init_UART2                             0x00002994   Section        0  uart.o(i.Init_UART2)
    i.NVIC_ClearPendingIRQ                   0x00002a44   Section        0  timers.o(i.NVIC_ClearPendingIRQ)
    NVIC_ClearPendingIRQ                     0x00002a45   Thumb Code    14  timers.o(i.NVIC_ClearPendingIRQ)
    i.NVIC_ClearPendingIRQ                   0x00002a58   Section        0  uart.o(i.NVIC_ClearPendingIRQ)
    NVIC_ClearPendingIRQ                     0x00002a59   Thumb Code    14  uart.o(i.NVIC_ClearPendingIRQ)
    i.NVIC_EnableIRQ                         0x00002a6c   Section        0  uart.o(i.NVIC_EnableIRQ)
    NVIC_EnableIRQ                           0x00002a6d   Thumb Code    14  uart.o(i.NVIC_EnableIRQ)
    i.NVIC_SetPriority                       0x00002a80   Section        0  uart.o(i.NVIC_SetPriority)
    NVIC_SetPriority                         0x00002a81   Thumb Code   110  uart.o(i.NVIC_SetPriority)
    i.PIT_IRQHandler                         0x00002af8   Section        0  timers.o(i.PIT_IRQHandler)
    i.Q_Dequeue                              0x00002b6c   Section        0  queue.o(i.Q_Dequeue)
    i.Q_Empty                                0x00002bb0   Section        0  queue.o(i.Q_Empty)
    i.Q_Enqueue                              0x00002bc4   Section        0  queue.o(i.Q_Enqueue)
    i.Q_Full                                 0x00002c00   Section        0  queue.o(i.Q_Full)
    i.Q_Init                                 0x00002c18   Section        0  queue.o(i.Q_Init)
    i.Q_Size                                 0x00002c38   Section        0  queue.o(i.Q_Size)
    i.SystemInit                             0x00002c44   Section        0  system_mkl25z4.o(i.SystemInit)
    i.Task_NMEA_Decode                       0x00002d7c   Section        0  gps.o(i.Task_NMEA_Decode)
    i.UART0_IRQHandler                       0x00002ddc   Section        0  uart.o(i.UART0_IRQHandler)
    i.UART2_IRQHandler                       0x00002e80   Section        0  uart.o(i.UART2_IRQHandler)
    i.__ARM_common_ll_muluu                  0x00002f00   Section        0  btod.o(i.__ARM_common_ll_muluu)
    i.__ARM_common_switch8                   0x00002f30   Section        0  gps.o(i.__ARM_common_switch8)
    i.__ARM_fpclassify                       0x00002f4c   Section        0  fpclassify.o(i.__ARM_fpclassify)
    i.__ieee754_rem_pio2                     0x00002f78   Section        0  rred.o(i.__ieee754_rem_pio2)
    i.__kernel_cos                           0x00003314   Section        0  cos_i.o(i.__kernel_cos)
    i.__kernel_poly                          0x00003408   Section        0  poly.o(i.__kernel_poly)
    i.__kernel_sin                           0x000034b4   Section        0  sin_i.o(i.__kernel_sin)
    i.__mathlib_dbl_infnan                   0x000035a0   Section        0  dunder.o(i.__mathlib_dbl_infnan)
    i.__mathlib_dbl_infnan2                  0x000035aa   Section        0  dunder.o(i.__mathlib_dbl_infnan2)
    i.__mathlib_dbl_invalid                  0x000035b2   Section        0  dunder.o(i.__mathlib_dbl_invalid)
    i.__mathlib_dbl_underflow                0x000035c4   Section        0  dunder.o(i.__mathlib_dbl_underflow)
    i._is_digit                              0x000035d8   Section        0  __printf_wp.o(i._is_digit)
    i.atan                                   0x000035e8   Section        0  atan.o(i.atan)
    i.atan2                                  0x00003804   Section        0  atan2.o(i.atan2)
    i.calculate_heading                      0x0000397c   Section        0  hmc5883l.o(i.calculate_heading)
    i.checksum                               0x00003ce8   Section        0  gps.o(i.checksum)
    i.control_antenna                        0x00003d38   Section        0  hmc5883l.o(i.control_antenna)
    i.cos                                    0x00003dbc   Section        0  cos.o(i.cos)
    i.fputc                                  0x00003e54   Section        0  uart.o(i.fputc)
    i.i2c1_busy                              0x00003e78   Section        0  i2c1.o(i.i2c1_busy)
    i.i2c1_init                              0x00003f8c   Section        0  i2c1.o(i.i2c1_init)
    i.i2c1_read_byte                         0x00003ff0   Section        0  i2c1.o(i.i2c1_read_byte)
    i.i2c1_read_setup                        0x0000406c   Section        0  i2c1.o(i.i2c1_read_setup)
    i.i2c1_start                             0x000040ac   Section        0  i2c1.o(i.i2c1_start)
    i.i2c1_wait                              0x000040cc   Section        0  i2c1.o(i.i2c1_wait)
    i.i2c1_write_byte                        0x00004118   Section        0  i2c1.o(i.i2c1_write_byte)
    i.init_compass                           0x00004160   Section        0  hmc5883l.o(i.init_compass)
    i.main                                   0x00004198   Section        0  main.o(i.main)
    i.read_full_compass                      0x00004358   Section        0  hmc5883l.o(i.read_full_compass)
    i.sin                                    0x00004458   Section        0  sin.o(i.sin)
    locale$$code                             0x000044f4   Section       44  lc_ctype_c.o(locale$$code)
    locale$$code                             0x00004520   Section       44  lc_numeric_c.o(locale$$code)
    x$fpl$fadd                               0x0000454c   Section      140  faddsub.o(x$fpl$fadd)
    _fadd1                                   0x00004559   Thumb Code     0  faddsub.o(x$fpl$fadd)
    x$fpl$fleqf                              0x000045d8   Section       84  flef.o(x$fpl$fleqf)
    x$fpl$fmul                               0x0000462c   Section      176  fmul.o(x$fpl$fmul)
    x$fpl$frleqf                             0x000046dc   Section       88  frlef.o(x$fpl$frleqf)
    x$fpl$fsub                               0x00004734   Section      208  faddsub.o(x$fpl$fsub)
    _fsub1                                   0x00004741   Thumb Code     0  faddsub.o(x$fpl$fsub)
    x$fpl$printf1                            0x00004804   Section       16  printf1.o(x$fpl$printf1)
    .constdata                               0x00004814   Section      128  ddiv.o(.constdata)
    x$fpl$usenofp                            0x00004814   Section        0  usenofp.o(x$fpl$usenofp)
    ddiv_reciptbl                            0x00004814   Data         128  ddiv.o(.constdata)
    .constdata                               0x00004894   Section       64  fdiv.o(.constdata)
    fdiv_tab                                 0x00004894   Data          64  fdiv.o(.constdata)
    .constdata                               0x000048d8   Section      152  atan.o(.constdata)
    atanhi                                   0x000048d8   Data          32  atan.o(.constdata)
    atanlo                                   0x000048f8   Data          32  atan.o(.constdata)
    aTodd                                    0x00004918   Data          40  atan.o(.constdata)
    aTeven                                   0x00004940   Data          48  atan.o(.constdata)
    .constdata                               0x00004970   Section       48  cos_i.o(.constdata)
    C                                        0x00004970   Data          48  cos_i.o(.constdata)
    .constdata                               0x000049a0   Section        8  qnan.o(.constdata)
    .constdata                               0x000049a8   Section      200  rred.o(.constdata)
    pio2s                                    0x000049a8   Data          48  rred.o(.constdata)
    twooverpi                                0x000049d8   Data         152  rred.o(.constdata)
    .constdata                               0x00004a70   Section       40  sin_i.o(.constdata)
    S                                        0x00004a70   Data          40  sin_i.o(.constdata)
    .constdata                               0x00004a98   Section      148  bigflt0.o(.constdata)
    tenpwrs_x                                0x00004a98   Data          60  bigflt0.o(.constdata)
    tenpwrs_i                                0x00004ad4   Data          64  bigflt0.o(.constdata)
    locale$$data                             0x00004b4c   Section      272  lc_ctype_c.o(locale$$data)
    __lcctype_c_name                         0x00004b50   Data           2  lc_ctype_c.o(locale$$data)
    __lcctype_c_start                        0x00004b58   Data           0  lc_ctype_c.o(locale$$data)
    locale$$data                             0x00004c5c   Section       28  lc_numeric_c.o(locale$$data)
    __lcctype_c_end                          0x00004c5c   Data           0  lc_ctype_c.o(locale$$data)
    __lcnum_c_name                           0x00004c60   Data           2  lc_numeric_c.o(locale$$data)
    __lcnum_c_start                          0x00004c68   Data           0  lc_numeric_c.o(locale$$data)
    __lcnum_c_point                          0x00004c74   Data           0  lc_numeric_c.o(locale$$data)
    __lcnum_c_thousands                      0x00004c76   Data           0  lc_numeric_c.o(locale$$data)
    __lcnum_c_grouping                       0x00004c77   Data           0  lc_numeric_c.o(locale$$data)
    __lcnum_c_end                            0x00004c78   Data           0  lc_numeric_c.o(locale$$data)
    .data                                    0x1ffff000   Section       12  timers.o(.data)
    LCD_update_delay                         0x1ffff008   Data           4  timers.o(.data)
    .data                                    0x1ffff00c   Section       12  uart.o(.data)
    .data                                    0x1ffff018   Section        9  gps.o(.data)
    .data                                    0x1ffff024   Section        8  i2c1.o(.data)
    .bss                                     0x1ffff02c   Section      256  main.o(.bss)
    .bss                                     0x1ffff12c   Section      536  uart.o(.bss)
    .bss                                     0x1ffff344   Section       32  gps.o(.bss)
    .bss                                     0x1ffff364   Section       96  libspace.o(.bss)
    HEAP                                     0x1ffff3c8   Section        0  startup_mkl25z4.o(HEAP)
    STACK                                    0x1ffff3c8   Section     1024  startup_mkl25z4.o(STACK)
    Heap_Mem                                 0x1ffff3c8   Data           0  startup_mkl25z4.o(HEAP)
    Stack_Mem                                0x1ffff3c8   Data        1024  startup_mkl25z4.o(STACK)
    __initial_sp                             0x1ffff7c8   Data           0  startup_mkl25z4.o(STACK)

    Global Symbols

    Symbol Name                              Value     Ov Type        Size  Object(Section)

    BuildAttributes$$THM_ISAv3M$S$PE$A:L22$X:L11$S22$IEEE1$IW$USESV6$~STKCKD$USESV7$~SHL$OTIME$ROPI$IEEEX$EBA8$UX$STANDARDLIB$REQ8$PRES8$EABIv2 0x00000000   Number         0  anon$$obj.o ABSOLUTE
    __ARM_use_no_argv                        0x00000000   Number         0  main.o ABSOLUTE
    __Vectors                                0x00000000   Data           4  startup_mkl25z4.o(RESET)
    _printf_flags                            0x00000000   Number         0  printf_stubs.o ABSOLUTE
    _printf_return_value                     0x00000000   Number         0  printf_stubs.o ABSOLUTE
    _printf_sizespec                         0x00000000   Number         0  printf_stubs.o ABSOLUTE
    _printf_widthprec                        0x00000000   Number         0  printf_stubs.o ABSOLUTE
    __ARM_exceptions_init                     - Undefined Weak Reference
    __alloca_initialize                       - Undefined Weak Reference
    __arm_preinit_                            - Undefined Weak Reference
    __cpp_initialize__aeabi_                  - Undefined Weak Reference
    __cxa_finalize                            - Undefined Weak Reference
    __sigvec_lookup                           - Undefined Weak Reference
    _atexit_init                              - Undefined Weak Reference
    _call_atexit_fns                          - Undefined Weak Reference
    _clock_init                               - Undefined Weak Reference
    _fp_trap_init                             - Undefined Weak Reference
    _fp_trap_shutdown                         - Undefined Weak Reference
    _get_lc_collate                           - Undefined Weak Reference
    _get_lc_monetary                          - Undefined Weak Reference
    _get_lc_time                              - Undefined Weak Reference
    _getenv_init                              - Undefined Weak Reference
    _handle_redirection                       - Undefined Weak Reference
    _init_alloc                               - Undefined Weak Reference
    _init_user_alloc                          - Undefined Weak Reference
    _initio                                   - Undefined Weak Reference
    _mutex_acquire                            - Undefined Weak Reference
    _mutex_release                            - Undefined Weak Reference
    _printf_mbtowc                            - Undefined Weak Reference
    _printf_truncate_signed                   - Undefined Weak Reference
    _printf_truncate_unsigned                 - Undefined Weak Reference
    _rand_init                                - Undefined Weak Reference
    _signal_finish                            - Undefined Weak Reference
    _signal_init                              - Undefined Weak Reference
    _terminate_alloc                          - Undefined Weak Reference
    _terminate_user_alloc                     - Undefined Weak Reference
    _terminateio                              - Undefined Weak Reference
    __Vectors_End                            0x000000c0   Data           0  startup_mkl25z4.o(RESET)
    __Vectors_Size                           0x000000c0   Number         0  startup_mkl25z4.o ABSOLUTE
    __main                                   0x000000c1   Thumb Code     8  __main.o(!!!main)
    __scatterload                            0x000000c9   Thumb Code     0  __scatter.o(!!!scatter)
    __scatterload_rt2                        0x000000c9   Thumb Code    52  __scatter.o(!!!scatter)
    __scatterload_rt2_thumb_only             0x000000c9   Thumb Code     0  __scatter.o(!!!scatter)
    __scatterload_null                       0x000000d9   Thumb Code     0  __scatter.o(!!!scatter)
    __scatterload_copy                       0x00000105   Thumb Code    26  __scatter_copy.o(!!handler_copy)
    __scatterload_zeroinit                   0x00000121   Thumb Code    28  __scatter_zi.o(!!handler_zi)
    _printf_percent                          0x0000013d   Thumb Code     0  _printf_percent.o(.ARM.Collect$$_printf_percent$$00000000)
    _printf_f                                0x0000013f   Thumb Code     0  _printf_f.o(.ARM.Collect$$_printf_percent$$00000003)
    _printf_i                                0x00000149   Thumb Code     0  _printf_i.o(.ARM.Collect$$_printf_percent$$00000008)
    _printf_percent_end                      0x00000153   Thumb Code     0  _printf_percent_end.o(.ARM.Collect$$_printf_percent$$00000017)
    __rt_lib_init                            0x00000157   Thumb Code     0  libinit.o(.ARM.Collect$$libinit$$00000000)
    __rt_lib_init_fp_1                       0x00000159   Thumb Code     0  libinit2.o(.ARM.Collect$$libinit$$00000002)
    __rt_lib_init_heap_1                     0x00000159   Thumb Code     0  libinit2.o(.ARM.Collect$$libinit$$0000000A)
    __rt_lib_init_lc_common                  0x00000159   Thumb Code     0  libinit2.o(.ARM.Collect$$libinit$$0000000F)
    __rt_lib_init_preinit_1                  0x00000159   Thumb Code     0  libinit2.o(.ARM.Collect$$libinit$$00000004)
    __rt_lib_init_rand_1                     0x00000159   Thumb Code     0  libinit2.o(.ARM.Collect$$libinit$$0000000E)
    __rt_lib_init_user_alloc_1               0x00000159   Thumb Code     0  libinit2.o(.ARM.Collect$$libinit$$0000000C)
    __rt_lib_init_lc_collate_1               0x0000015f   Thumb Code     0  libinit2.o(.ARM.Collect$$libinit$$00000011)
    __rt_lib_init_lc_ctype_2                 0x0000015f   Thumb Code     0  libinit2.o(.ARM.Collect$$libinit$$00000012)
    __rt_lib_init_lc_ctype_1                 0x0000016b   Thumb Code     0  libinit2.o(.ARM.Collect$$libinit$$00000013)
    __rt_lib_init_lc_monetary_1              0x0000016b   Thumb Code     0  libinit2.o(.ARM.Collect$$libinit$$00000015)
    __rt_lib_init_lc_numeric_2               0x0000016b   Thumb Code     0  libinit2.o(.ARM.Collect$$libinit$$00000016)
    __rt_lib_init_alloca_1                   0x00000175   Thumb Code     0  libinit2.o(.ARM.Collect$$libinit$$0000002E)
    __rt_lib_init_argv_1                     0x00000175   Thumb Code     0  libinit2.o(.ARM.Collect$$libinit$$0000002C)
    __rt_lib_init_atexit_1                   0x00000175   Thumb Code     0  libinit2.o(.ARM.Collect$$libinit$$0000001B)
    __rt_lib_init_clock_1                    0x00000175   Thumb Code     0  libinit2.o(.ARM.Collect$$libinit$$00000021)
    __rt_lib_init_cpp_1                      0x00000175   Thumb Code     0  libinit2.o(.ARM.Collect$$libinit$$00000032)
    __rt_lib_init_exceptions_1               0x00000175   Thumb Code     0  libinit2.o(.ARM.Collect$$libinit$$00000030)
    __rt_lib_init_fp_trap_1                  0x00000175   Thumb Code     0  libinit2.o(.ARM.Collect$$libinit$$0000001F)
    __rt_lib_init_getenv_1                   0x00000175   Thumb Code     0  libinit2.o(.ARM.Collect$$libinit$$00000023)
    __rt_lib_init_lc_numeric_1               0x00000175   Thumb Code     0  libinit2.o(.ARM.Collect$$libinit$$00000017)
    __rt_lib_init_lc_time_1                  0x00000175   Thumb Code     0  libinit2.o(.ARM.Collect$$libinit$$00000019)
    __rt_lib_init_return                     0x00000175   Thumb Code     0  libinit2.o(.ARM.Collect$$libinit$$00000033)
    __rt_lib_init_signal_1                   0x00000175   Thumb Code     0  libinit2.o(.ARM.Collect$$libinit$$0000001D)
    __rt_lib_init_stdio_1                    0x00000175   Thumb Code     0  libinit2.o(.ARM.Collect$$libinit$$00000025)
    __rt_lib_shutdown                        0x00000177   Thumb Code     0  libshutdown.o(.ARM.Collect$$libshutdown$$00000000)
    __rt_lib_shutdown_cpp_1                  0x00000179   Thumb Code     0  libshutdown2.o(.ARM.Collect$$libshutdown$$00000002)
    __rt_lib_shutdown_fp_trap_1              0x00000179   Thumb Code     0  libshutdown2.o(.ARM.Collect$$libshutdown$$00000007)
    __rt_lib_shutdown_heap_1                 0x00000179   Thumb Code     0  libshutdown2.o(.ARM.Collect$$libshutdown$$0000000F)
    __rt_lib_shutdown_return                 0x00000179   Thumb Code     0  libshutdown2.o(.ARM.Collect$$libshutdown$$00000010)
    __rt_lib_shutdown_signal_1               0x00000179   Thumb Code     0  libshutdown2.o(.ARM.Collect$$libshutdown$$0000000A)
    __rt_lib_shutdown_stdio_1                0x00000179   Thumb Code     0  libshutdown2.o(.ARM.Collect$$libshutdown$$00000004)
    __rt_lib_shutdown_user_alloc_1           0x00000179   Thumb Code     0  libshutdown2.o(.ARM.Collect$$libshutdown$$0000000C)
    __rt_entry                               0x0000017b   Thumb Code     0  __rtentry.o(.ARM.Collect$$rtentry$$00000000)
    __rt_entry_presh_1                       0x0000017b   Thumb Code     0  __rtentry2.o(.ARM.Collect$$rtentry$$00000002)
    __rt_entry_sh                            0x0000017b   Thumb Code     0  __rtentry4.o(.ARM.Collect$$rtentry$$00000004)
    __rt_entry_li                            0x00000181   Thumb Code     0  __rtentry2.o(.ARM.Collect$$rtentry$$0000000A)
    __rt_entry_postsh_1                      0x00000181   Thumb Code     0  __rtentry2.o(.ARM.Collect$$rtentry$$00000009)
    __rt_entry_main                          0x00000185   Thumb Code     0  __rtentry2.o(.ARM.Collect$$rtentry$$0000000D)
    __rt_entry_postli_1                      0x00000185   Thumb Code     0  __rtentry2.o(.ARM.Collect$$rtentry$$0000000C)
    __rt_exit                                0x0000018d   Thumb Code     0  rtexit.o(.ARM.Collect$$rtexit$$00000000)
    __rt_exit_ls                             0x0000018f   Thumb Code     0  rtexit2.o(.ARM.Collect$$rtexit$$00000003)
    __rt_exit_prels_1                        0x0000018f   Thumb Code     0  rtexit2.o(.ARM.Collect$$rtexit$$00000002)
    __rt_exit_exit                           0x00000193   Thumb Code     0  rtexit2.o(.ARM.Collect$$rtexit$$00000004)
    Reset_Handler                            0x00000199   Thumb Code    12  startup_mkl25z4.o(.text)
    NMI_Handler                              0x000001a5   Thumb Code     2  startup_mkl25z4.o(.text)
    HardFault_Handler                        0x000001a7   Thumb Code     2  startup_mkl25z4.o(.text)
    SVC_Handler                              0x000001a9   Thumb Code     2  startup_mkl25z4.o(.text)
    PendSV_Handler                           0x000001ab   Thumb Code     2  startup_mkl25z4.o(.text)
    SysTick_Handler                          0x000001ad   Thumb Code     2  startup_mkl25z4.o(.text)
    ADC0_IRQHandler                          0x000001af   Thumb Code     0  startup_mkl25z4.o(.text)
    CMP0_IRQHandler                          0x000001af   Thumb Code     0  startup_mkl25z4.o(.text)
    DAC0_IRQHandler                          0x000001af   Thumb Code     0  startup_mkl25z4.o(.text)
    DMA0_IRQHandler                          0x000001af   Thumb Code     0  startup_mkl25z4.o(.text)
    DMA1_IRQHandler                          0x000001af   Thumb Code     0  startup_mkl25z4.o(.text)
    DMA2_IRQHandler                          0x000001af   Thumb Code     0  startup_mkl25z4.o(.text)
    DMA3_IRQHandler                          0x000001af   Thumb Code     0  startup_mkl25z4.o(.text)
    DefaultISR                               0x000001af   Thumb Code     0  startup_mkl25z4.o(.text)
    FTFA_IRQHandler                          0x000001af   Thumb Code     0  startup_mkl25z4.o(.text)
    I2C0_IRQHandler                          0x000001af   Thumb Code     0  startup_mkl25z4.o(.text)
    I2C1_IRQHandler                          0x000001af   Thumb Code     0  startup_mkl25z4.o(.text)
    LLWU_IRQHandler                          0x000001af   Thumb Code     0  startup_mkl25z4.o(.text)
    LPTMR0_IRQHandler                        0x000001af   Thumb Code     0  startup_mkl25z4.o(.text)
    LVD_LVW_IRQHandler                       0x000001af   Thumb Code     0  startup_mkl25z4.o(.text)
    MCG_IRQHandler                           0x000001af   Thumb Code     0  startup_mkl25z4.o(.text)
    PORTA_IRQHandler                         0x000001af   Thumb Code     0  startup_mkl25z4.o(.text)
    PORTD_IRQHandler                         0x000001af   Thumb Code     0  startup_mkl25z4.o(.text)
    RTC_IRQHandler                           0x000001af   Thumb Code     0  startup_mkl25z4.o(.text)
    RTC_Seconds_IRQHandler                   0x000001af   Thumb Code     0  startup_mkl25z4.o(.text)
    Reserved20_IRQHandler                    0x000001af   Thumb Code     0  startup_mkl25z4.o(.text)
    Reserved39_IRQHandler                    0x000001af   Thumb Code     0  startup_mkl25z4.o(.text)
    Reserved45_IRQHandler                    0x000001af   Thumb Code     0  startup_mkl25z4.o(.text)
    SPI0_IRQHandler                          0x000001af   Thumb Code     0  startup_mkl25z4.o(.text)
    SPI1_IRQHandler                          0x000001af   Thumb Code     0  startup_mkl25z4.o(.text)
    TPM0_IRQHandler                          0x000001af   Thumb Code     0  startup_mkl25z4.o(.text)
    TPM1_IRQHandler                          0x000001af   Thumb Code     0  startup_mkl25z4.o(.text)
    TPM2_IRQHandler                          0x000001af   Thumb Code     0  startup_mkl25z4.o(.text)
    TSI0_IRQHandler                          0x000001af   Thumb Code     0  startup_mkl25z4.o(.text)
    UART1_IRQHandler                         0x000001af   Thumb Code     0  startup_mkl25z4.o(.text)
    USB0_IRQHandler                          0x000001af   Thumb Code     0  startup_mkl25z4.o(.text)
    __user_initial_stackheap                 0x000001b5   Thumb Code     0  startup_mkl25z4.o(.text)
    __2printf                                0x000001d9   Thumb Code    22  noretval__2printf.o(.text)
    _printf_int_dec                          0x000001f5   Thumb Code    90  _printf_dec.o(.text)
    __printf                                 0x00000261   Thumb Code   270  __printf_wp.o(.text)
    strtol                                   0x00000371   Thumb Code   108  strtol.o(.text)
    __use_two_region_memory                  0x000003e1   Thumb Code     2  heapauxi.o(.text)
    __rt_heap_escrow$2region                 0x000003e3   Thumb Code     2  heapauxi.o(.text)
    __rt_heap_expand$2region                 0x000003e5   Thumb Code     2  heapauxi.o(.text)
    __rt_ctype_table                         0x000003e9   Thumb Code    16  rt_ctype_table.o(.text)
    __aeabi_errno_addr                       0x000003f9   Thumb Code     8  rt_errno_addr_intlibspace.o(.text)
    __errno$intlibspace                      0x000003f9   Thumb Code     0  rt_errno_addr_intlibspace.o(.text)
    __rt_errno_addr$intlibspace              0x000003f9   Thumb Code     0  rt_errno_addr_intlibspace.o(.text)
    __aeabi_uidiv                            0x00000411   Thumb Code     0  aeabi_sdiv.o(.text)
    __aeabi_uidivmod                         0x00000411   Thumb Code    20  aeabi_sdiv.o(.text)
    __aeabi_idiv                             0x00000425   Thumb Code     0  aeabi_sdiv.o(.text)
    __aeabi_idivmod                          0x00000425   Thumb Code   326  aeabi_sdiv.o(.text)
    __aeabi_d2f                              0x0000056d   Thumb Code     0  d2f.o(.text)
    _d2f                                     0x0000056d   Thumb Code   120  d2f.o(.text)
    __aeabi_dadd                             0x000008e1   Thumb Code     0  daddsub.o(.text)
    _dadd                                    0x000008e1   Thumb Code    26  daddsub.o(.text)
    __aeabi_dsub                             0x000008fb   Thumb Code     0  daddsub.o(.text)
    _dsub                                    0x000008fb   Thumb Code    22  daddsub.o(.text)
    __aeabi_drsub                            0x00000911   Thumb Code     0  daddsub.o(.text)
    _drsb                                    0x00000911   Thumb Code    28  daddsub.o(.text)
    __aeabi_ddiv                             0x00000941   Thumb Code     0  ddiv.o(.text)
    _ddiv                                    0x00000941   Thumb Code  1072  ddiv.o(.text)
    _drdiv                                   0x00000d71   Thumb Code    20  ddiv.o(.text)
    __aeabi_d2uiz                            0x00000d89   Thumb Code     0  dfixui.o(.text)
    _dfixu                                   0x00000d89   Thumb Code    68  dfixui.o(.text)
    __aeabi_i2d_normalise                    0x00000dd1   Thumb Code    66  dflti.o(.text)
    __aeabi_i2d                              0x00000e13   Thumb Code    16  dflti.o(.text)
    _dflt                                    0x00000e13   Thumb Code     0  dflti.o(.text)
    __aeabi_ui2d                             0x00000e23   Thumb Code     6  dflti.o(.text)
    _dfltu                                   0x00000e23   Thumb Code     0  dflti.o(.text)
    __aeabi_dmul                             0x00000e29   Thumb Code     0  dmul.o(.text)
    _dmul                                    0x00000e29   Thumb Code   558  dmul.o(.text)
    __aeabi_f2d                              0x00001071   Thumb Code     0  f2d.o(.text)
    _f2d                                     0x00001071   Thumb Code    80  f2d.o(.text)
    __aeabi_fdiv                             0x000010c5   Thumb Code     0  fdiv.o(.text)
    _fdiv                                    0x000010c5   Thumb Code   334  fdiv.o(.text)
    _frdiv                                   0x00001213   Thumb Code     8  fdiv.o(.text)
    __aeabi_i2f_normalise                    0x00001225   Thumb Code    72  fflti.o(.text)
    __aeabi_i2f                              0x0000126d   Thumb Code    16  fflti.o(.text)
    _fflt                                    0x0000126d   Thumb Code     0  fflti.o(.text)
    __aeabi_ui2f                             0x0000127d   Thumb Code     6  fflti.o(.text)
    _ffltu                                   0x0000127d   Thumb Code     0  fflti.o(.text)
    __read_errno                             0x00001283   Thumb Code    10  _rserrno.o(.text)
    __set_errno                              0x0000128d   Thumb Code    12  _rserrno.o(.text)
    _printf_int_common                       0x00001299   Thumb Code   176  _printf_intcommon.o(.text)
    __lib_sel_fp_printf                      0x00001349   Thumb Code     2  _printf_fp_dec.o(.text)
    _printf_fp_dec_real                      0x000014e3   Thumb Code   620  _printf_fp_dec.o(.text)
    _printf_char_file                        0x0000175d   Thumb Code    34  _printf_char_file.o(.text)
    _strtoul                                 0x00001785   Thumb Code   166  _strtoul.o(.text)
    __rt_udiv10                              0x0000182b   Thumb Code    40  rtudiv10.o(.text)
    __fpl_fcmp_InfNaN                        0x00001855   Thumb Code    96  fcmpin.o(.text)
    __user_libspace                          0x000018b9   Thumb Code     8  libspace.o(.text)
    __user_perproc_libspace                  0x000018b9   Thumb Code     0  libspace.o(.text)
    __user_perthread_libspace                0x000018b9   Thumb Code     0  libspace.o(.text)
    __rt_locale                              0x000018c1   Thumb Code     8  rt_locale_intlibspace.o(.text)
    _ll_udiv10                               0x000018c9   Thumb Code   122  lludiv10.o(.text)
    _printf_char_common                      0x0000194f   Thumb Code    32  _printf_char_common.o(.text)
    _printf_fp_infnan                        0x00001975   Thumb Code   120  _printf_fp_infnan.o(.text)
    _chval                                   0x000019fd   Thumb Code    30  _chval.o(.text)
    _btod_etento                             0x00001a1d   Thumb Code   196  bigflt0.o(.text)
    _btod_d2e                                0x00001ae5   Thumb Code    64  btod.o(.text)
    _btod_emul                               0x00001edb   Thumb Code    24  btod.o(.text)
    _btod_emuld                              0x00001ef3   Thumb Code    60  btod.o(.text)
    _btod_ediv                               0x00001f2f   Thumb Code    22  btod.o(.text)
    _btod_edivd                              0x00001f45   Thumb Code    60  btod.o(.text)
    ferror                                   0x00001f8d   Thumb Code     8  ferror.o(.text)
    __fpl_cmpreturn                          0x00001f95   Thumb Code    46  cmpret.o(.text)
    __aeabi_d2iz                             0x00001fc5   Thumb Code     0  dfixi.o(.text)
    _dfix                                    0x00001fc5   Thumb Code    98  dfixi.o(.text)
    __ARM_scalbn                             0x00002031   Thumb Code    84  dscalbn.o(.text)
    __fpl_fcheck_NaN2                        0x00002091   Thumb Code    10  fnan2.o(.text)
    __user_setup_stackheap                   0x000020a1   Thumb Code    62  sys_stackheap_outer.o(.text)
    exit                                     0x000020df   Thumb Code    16  exit.o(.text)
    strcmp                                   0x000020f1   Thumb Code   132  strcmp.o(.text)
    __fpl_return_NaN                         0x00002179   Thumb Code    94  retnan.o(.text)
    _sys_exit                                0x000021d9   Thumb Code     8  sys_exit.o(.text)
    __I$use$semihosting                      0x000021e5   Thumb Code     0  use_no_semi.o(.text)
    __use_no_semihosting_swi                 0x000021e5   Thumb Code     2  use_no_semi.o(.text)
    __semihosting_library_function           0x000021e7   Thumb Code     0  indicate_semi.o(.text)
    Control_RGB_LEDs                         0x000021e9   Thumb Code    70  leds.o(i.Control_RGB_LEDs)
    Convert_Number_to_Float                  0x00002235   Thumb Code   966  gps.o(i.Convert_Number_to_Float)
    Decode_GPS                               0x00002611   Thumb Code   292  gps.o(i.Decode_GPS)
    Decode_HeaderGPS                         0x0000275d   Thumb Code   102  gps.o(i.Decode_HeaderGPS)
    Delay                                    0x000027e9   Thumb Code    24  delay.o(i.Delay)
    Get_Num_Rx_Chars_Available               0x00002805   Thumb Code    10  uart.o(i.Get_Num_Rx_Chars_Available)
    Init_RGB_LEDs                            0x00002815   Thumb Code   124  leds.o(i.Init_RGB_LEDs)
    Init_UART0                               0x000028a1   Thumb Code   214  uart.o(i.Init_UART0)
    Init_UART2                               0x00002995   Thumb Code   150  uart.o(i.Init_UART2)
    PIT_IRQHandler                           0x00002af9   Thumb Code   100  timers.o(i.PIT_IRQHandler)
    Q_Dequeue                                0x00002b6d   Thumb Code    68  queue.o(i.Q_Dequeue)
    Q_Empty                                  0x00002bb1   Thumb Code    20  queue.o(i.Q_Empty)
    Q_Enqueue                                0x00002bc5   Thumb Code    60  queue.o(i.Q_Enqueue)
    Q_Full                                   0x00002c01   Thumb Code    24  queue.o(i.Q_Full)
    Q_Init                                   0x00002c19   Thumb Code    32  queue.o(i.Q_Init)
    Q_Size                                   0x00002c39   Thumb Code    10  queue.o(i.Q_Size)
    SystemInit                               0x00002c45   Thumb Code   266  system_mkl25z4.o(i.SystemInit)
    Task_NMEA_Decode                         0x00002d7d   Thumb Code    60  gps.o(i.Task_NMEA_Decode)
    UART0_IRQHandler                         0x00002ddd   Thumb Code   130  uart.o(i.UART0_IRQHandler)
    UART2_IRQHandler                         0x00002e81   Thumb Code   110  uart.o(i.UART2_IRQHandler)
    __ARM_common_ll_muluu                    0x00002f01   Thumb Code    48  btod.o(i.__ARM_common_ll_muluu)
    __ARM_common_switch8                     0x00002f31   Thumb Code    28  gps.o(i.__ARM_common_switch8)
    __ARM_fpclassify                         0x00002f4d   Thumb Code    40  fpclassify.o(i.__ARM_fpclassify)
    __ieee754_rem_pio2                       0x00002f79   Thumb Code   838  rred.o(i.__ieee754_rem_pio2)
    __kernel_cos                             0x00003315   Thumb Code   224  cos_i.o(i.__kernel_cos)
    __kernel_poly                            0x00003409   Thumb Code   172  poly.o(i.__kernel_poly)
    __kernel_sin                             0x000034b5   Thumb Code   222  sin_i.o(i.__kernel_sin)
    __mathlib_dbl_infnan                     0x000035a1   Thumb Code    10  dunder.o(i.__mathlib_dbl_infnan)
    __mathlib_dbl_infnan2                    0x000035ab   Thumb Code     8  dunder.o(i.__mathlib_dbl_infnan2)
    __mathlib_dbl_invalid                    0x000035b3   Thumb Code    16  dunder.o(i.__mathlib_dbl_invalid)
    __mathlib_dbl_underflow                  0x000035c5   Thumb Code    14  dunder.o(i.__mathlib_dbl_underflow)
    _is_digit                                0x000035d9   Thumb Code    14  __printf_wp.o(i._is_digit)
    atan                                     0x000035e9   Thumb Code   472  atan.o(i.atan)
    atan2                                    0x00003805   Thumb Code   334  atan2.o(i.atan2)
    calculate_heading                        0x0000397d   Thumb Code   790  hmc5883l.o(i.calculate_heading)
    checksum                                 0x00003ce9   Thumb Code    72  gps.o(i.checksum)
    control_antenna                          0x00003d39   Thumb Code   120  hmc5883l.o(i.control_antenna)
    cos                                      0x00003dbd   Thumb Code   142  cos.o(i.cos)
    fputc                                    0x00003e55   Thumb Code    32  uart.o(i.fputc)
    i2c1_busy                                0x00003e79   Thumb Code   264  i2c1.o(i.i2c1_busy)
    i2c1_init                                0x00003f8d   Thumb Code    86  i2c1.o(i.i2c1_init)
    i2c1_read_byte                           0x00003ff1   Thumb Code   120  i2c1.o(i.i2c1_read_byte)
    i2c1_read_setup                          0x0000406d   Thumb Code    58  i2c1.o(i.i2c1_read_setup)
    i2c1_start                               0x000040ad   Thumb Code    26  i2c1.o(i.i2c1_start)
    i2c1_wait                                0x000040cd   Thumb Code    66  i2c1.o(i.i2c1_wait)
    i2c1_write_byte                          0x00004119   Thumb Code    68  i2c1.o(i.i2c1_write_byte)
    init_compass                             0x00004161   Thumb Code    54  hmc5883l.o(i.init_compass)
    main                                     0x00004199   Thumb Code   354  main.o(i.main)
    read_full_compass                        0x00004359   Thumb Code   242  hmc5883l.o(i.read_full_compass)
    sin                                      0x00004459   Thumb Code   146  sin.o(i.sin)
    _get_lc_ctype                            0x000044f5   Thumb Code    44  lc_ctype_c.o(locale$$code)
    _get_lc_numeric                          0x00004521   Thumb Code    44  lc_numeric_c.o(locale$$code)
    __aeabi_fadd                             0x0000454d   Thumb Code     0  faddsub.o(x$fpl$fadd)
    _fadd                                    0x0000454d   Thumb Code   134  faddsub.o(x$fpl$fadd)
    __aeabi_cfcmple                          0x000045d9   Thumb Code     0  flef.o(x$fpl$fleqf)
    _fcmple                                  0x000045d9   Thumb Code    78  flef.o(x$fpl$fleqf)
    __aeabi_fmul                             0x0000462d   Thumb Code     0  fmul.o(x$fpl$fmul)
    _fmul                                    0x0000462d   Thumb Code   172  fmul.o(x$fpl$fmul)
    __aeabi_cfrcmple                         0x000046dd   Thumb Code     0  frlef.o(x$fpl$frleqf)
    _frcmple                                 0x000046dd   Thumb Code    84  frlef.o(x$fpl$frleqf)
    __aeabi_fsub                             0x00004735   Thumb Code     0  faddsub.o(x$fpl$fsub)
    _fsub                                    0x00004735   Thumb Code   204  faddsub.o(x$fpl$fsub)
    _printf_fp_dec                           0x00004805   Thumb Code    16  printf1.o(x$fpl$printf1)
    __I$use$fp                               0x00004814   Number         0  usenofp.o(x$fpl$usenofp)
    __mathlib_zero                           0x000049a0   Data           8  qnan.o(.constdata)
    Region$$Table$$Base                      0x00004b2c   Number         0  anon$$obj.o(Region$$Table)
    Region$$Table$$Limit                     0x00004b4c   Number         0  anon$$obj.o(Region$$Table)
    __ctype                                  0x00004b59   Data           0  lc_ctype_c.o(locale$$data)
    PIT_interrupt_counter                    0x1ffff000   Data           4  timers.o(.data)
    LCD_update_requested                     0x1ffff004   Data           4  timers.o(.data)
    message_received                         0x1ffff00c   Data           1  uart.o(.data)
    GPS_message_received                     0x1ffff00d   Data           1  uart.o(.data)
    __stdout                                 0x1ffff010   Data           4  uart.o(.data)
    __stdin                                  0x1ffff014   Data           4  uart.o(.data)
    message_type                             0x1ffff018   Data           4  gps.o(.data)
    given_sum                                0x1ffff01c   Data           4  gps.o(.data)
    direction                                0x1ffff020   Data           1  gps.o(.data)
    lock_detect1                             0x1ffff024   Data           4  i2c1.o(.data)
    i2c_lock1                                0x1ffff028   Data           4  i2c1.o(.data)
    input_message                            0x1ffff02c   Data         256  main.o(.bss)
    TxQ                                      0x1ffff12c   Data         268  uart.o(.bss)
    RxQ                                      0x1ffff238   Data         268  uart.o(.bss)
    GPS_Message                              0x1ffff344   Data          32  gps.o(.bss)
    __libspace_start                         0x1ffff364   Data          96  libspace.o(.bss)
    __temporary_stack_top$libspace           0x1ffff3c4   Data           0  libspace.o(.bss)



==============================================================================

Memory Map of the image

  Image Entry point : 0x00000199

  Load Region LR_1 (Base: 0x00000000, Size: 0x00004ca4, Max: 0xffffffff, ABSOLUTE)

    Execution Region ER_RO (Base: 0x00000000, Size: 0x00004c78, Max: 0xffffffff, ABSOLUTE)

    Base Addr    Size         Type   Attr      Idx    E Section Name        Object

    0x00000000   0x000000c0   Data   RO          736    RESET               startup_mkl25z4.o
    0x000000c0   0x00000008   Code   RO          822  * !!!main             c_p.l(__main.o)
    0x000000c8   0x0000003c   Code   RO         1177    !!!scatter          c_p.l(__scatter.o)
    0x00000104   0x0000001a   Code   RO         1179    !!handler_copy      c_p.l(__scatter_copy.o)
    0x0000011e   0x00000002   PAD
    0x00000120   0x0000001c   Code   RO         1181    !!handler_zi        c_p.l(__scatter_zi.o)
    0x0000013c   0x00000002   Code   RO          813    .ARM.Collect$$_printf_percent$$00000000  c_p.l(_printf_percent.o)
    0x0000013e   0x0000000a   Code   RO          812    .ARM.Collect$$_printf_percent$$00000003  c_p.l(_printf_f.o)
    0x00000148   0x0000000a   Code   RO          811    .ARM.Collect$$_printf_percent$$00000008  c_p.l(_printf_i.o)
    0x00000152   0x00000004   Code   RO          912    .ARM.Collect$$_printf_percent$$00000017  c_p.l(_printf_percent_end.o)
    0x00000156   0x00000002   Code   RO         1048    .ARM.Collect$$libinit$$00000000  c_p.l(libinit.o)
    0x00000158   0x00000000   Code   RO         1050    .ARM.Collect$$libinit$$00000002  c_p.l(libinit2.o)
    0x00000158   0x00000000   Code   RO         1052    .ARM.Collect$$libinit$$00000004  c_p.l(libinit2.o)
    0x00000158   0x00000000   Code   RO         1055    .ARM.Collect$$libinit$$0000000A  c_p.l(libinit2.o)
    0x00000158   0x00000000   Code   RO         1057    .ARM.Collect$$libinit$$0000000C  c_p.l(libinit2.o)
    0x00000158   0x00000000   Code   RO         1059    .ARM.Collect$$libinit$$0000000E  c_p.l(libinit2.o)
    0x00000158   0x00000006   Code   RO         1060    .ARM.Collect$$libinit$$0000000F  c_p.l(libinit2.o)
    0x0000015e   0x00000000   Code   RO         1062    .ARM.Collect$$libinit$$00000011  c_p.l(libinit2.o)
    0x0000015e   0x0000000c   Code   RO         1063    .ARM.Collect$$libinit$$00000012  c_p.l(libinit2.o)
    0x0000016a   0x00000000   Code   RO         1064    .ARM.Collect$$libinit$$00000013  c_p.l(libinit2.o)
    0x0000016a   0x00000000   Code   RO         1066    .ARM.Collect$$libinit$$00000015  c_p.l(libinit2.o)
    0x0000016a   0x0000000a   Code   RO         1067    .ARM.Collect$$libinit$$00000016  c_p.l(libinit2.o)
    0x00000174   0x00000000   Code   RO         1068    .ARM.Collect$$libinit$$00000017  c_p.l(libinit2.o)
    0x00000174   0x00000000   Code   RO         1070    .ARM.Collect$$libinit$$00000019  c_p.l(libinit2.o)
    0x00000174   0x00000000   Code   RO         1072    .ARM.Collect$$libinit$$0000001B  c_p.l(libinit2.o)
    0x00000174   0x00000000   Code   RO         1074    .ARM.Collect$$libinit$$0000001D  c_p.l(libinit2.o)
    0x00000174   0x00000000   Code   RO         1076    .ARM.Collect$$libinit$$0000001F  c_p.l(libinit2.o)
    0x00000174   0x00000000   Code   RO         1078    .ARM.Collect$$libinit$$00000021  c_p.l(libinit2.o)
    0x00000174   0x00000000   Code   RO         1080    .ARM.Collect$$libinit$$00000023  c_p.l(libinit2.o)
    0x00000174   0x00000000   Code   RO         1082    .ARM.Collect$$libinit$$00000025  c_p.l(libinit2.o)
    0x00000174   0x00000000   Code   RO         1086    .ARM.Collect$$libinit$$0000002C  c_p.l(libinit2.o)
    0x00000174   0x00000000   Code   RO         1088    .ARM.Collect$$libinit$$0000002E  c_p.l(libinit2.o)
    0x00000174   0x00000000   Code   RO         1090    .ARM.Collect$$libinit$$00000030  c_p.l(libinit2.o)
    0x00000174   0x00000000   Code   RO         1092    .ARM.Collect$$libinit$$00000032  c_p.l(libinit2.o)
    0x00000174   0x00000002   Code   RO         1093    .ARM.Collect$$libinit$$00000033  c_p.l(libinit2.o)
    0x00000176   0x00000002   Code   RO         1143    .ARM.Collect$$libshutdown$$00000000  c_p.l(libshutdown.o)
    0x00000178   0x00000000   Code   RO         1161    .ARM.Collect$$libshutdown$$00000002  c_p.l(libshutdown2.o)
    0x00000178   0x00000000   Code   RO         1163    .ARM.Collect$$libshutdown$$00000004  c_p.l(libshutdown2.o)
    0x00000178   0x00000000   Code   RO         1166    .ARM.Collect$$libshutdown$$00000007  c_p.l(libshutdown2.o)
    0x00000178   0x00000000   Code   RO         1169    .ARM.Collect$$libshutdown$$0000000A  c_p.l(libshutdown2.o)
    0x00000178   0x00000000   Code   RO         1171    .ARM.Collect$$libshutdown$$0000000C  c_p.l(libshutdown2.o)
    0x00000178   0x00000000   Code   RO         1174    .ARM.Collect$$libshutdown$$0000000F  c_p.l(libshutdown2.o)
    0x00000178   0x00000002   Code   RO         1175    .ARM.Collect$$libshutdown$$00000010  c_p.l(libshutdown2.o)
    0x0000017a   0x00000000   Code   RO          890    .ARM.Collect$$rtentry$$00000000  c_p.l(__rtentry.o)
    0x0000017a   0x00000000   Code   RO          967    .ARM.Collect$$rtentry$$00000002  c_p.l(__rtentry2.o)
    0x0000017a   0x00000006   Code   RO          979    .ARM.Collect$$rtentry$$00000004  c_p.l(__rtentry4.o)
    0x00000180   0x00000000   Code   RO          969    .ARM.Collect$$rtentry$$00000009  c_p.l(__rtentry2.o)
    0x00000180   0x00000004   Code   RO          970    .ARM.Collect$$rtentry$$0000000A  c_p.l(__rtentry2.o)
    0x00000184   0x00000000   Code   RO          972    .ARM.Collect$$rtentry$$0000000C  c_p.l(__rtentry2.o)
    0x00000184   0x00000008   Code   RO          973    .ARM.Collect$$rtentry$$0000000D  c_p.l(__rtentry2.o)
    0x0000018c   0x00000002   Code   RO         1097    .ARM.Collect$$rtexit$$00000000  c_p.l(rtexit.o)
    0x0000018e   0x00000000   Code   RO         1112    .ARM.Collect$$rtexit$$00000002  c_p.l(rtexit2.o)
    0x0000018e   0x00000004   Code   RO         1113    .ARM.Collect$$rtexit$$00000003  c_p.l(rtexit2.o)
    0x00000192   0x00000006   Code   RO         1114    .ARM.Collect$$rtexit$$00000004  c_p.l(rtexit2.o)
    0x00000198   0x00000040   Code   RO          738  * .text               startup_mkl25z4.o
    0x000001d8   0x0000001c   Code   RO          780    .text               c_p.l(noretval__2printf.o)
    0x000001f4   0x0000006c   Code   RO          788    .text               c_p.l(_printf_dec.o)
    0x00000260   0x0000010e   Code   RO          798    .text               c_p.l(__printf_wp.o)
    0x0000036e   0x00000002   PAD
    0x00000370   0x00000070   Code   RO          814    .text               c_p.l(strtol.o)
    0x000003e0   0x00000006   Code   RO          820    .text               c_p.l(heapauxi.o)
    0x000003e6   0x00000002   PAD
    0x000003e8   0x00000010   Code   RO          891    .text               c_p.l(rt_ctype_table.o)
    0x000003f8   0x00000008   Code   RO          900    .text               c_p.l(rt_errno_addr_intlibspace.o)
    0x00000400   0x00000010   Code   RO          737    .ARM.__at_0x400     startup_mkl25z4.o
    0x00000410   0x0000015a   Code   RO          816    .text               c_p.l(aeabi_sdiv.o)
    0x0000056a   0x00000002   PAD
    0x0000056c   0x0000007c   Code   RO          824    .text               fz_ps.l(d2f.o)
    0x000005e8   0x00000358   Code   RO          826    .text               fz_ps.l(daddsub.o)
    0x00000940   0x00000448   Code   RO          828    .text               fz_ps.l(ddiv.o)
    0x00000d88   0x00000048   Code   RO          833    .text               fz_ps.l(dfixui.o)
    0x00000dd0   0x00000058   Code   RO          835    .text               fz_ps.l(dflti.o)
    0x00000e28   0x00000248   Code   RO          839    .text               fz_ps.l(dmul.o)
    0x00001070   0x00000054   Code   RO          841    .text               fz_ps.l(f2d.o)
    0x000010c4   0x00000160   Code   RO          849    .text               fz_ps.l(fdiv.o)
    0x00001224   0x0000005e   Code   RO          856    .text               fz_ps.l(fflti.o)
    0x00001282   0x00000016   Code   RO          902    .text               c_p.l(_rserrno.o)
    0x00001298   0x000000b0   Code   RO          904    .text               c_p.l(_printf_intcommon.o)
    0x00001348   0x00000414   Code   RO          906    .text               c_p.l(_printf_fp_dec.o)
    0x0000175c   0x00000028   Code   RO          910    .text               c_p.l(_printf_char_file.o)
    0x00001784   0x000000a6   Code   RO          913    .text               c_p.l(_strtoul.o)
    0x0000182a   0x00000028   Code   RO          915    .text               c_p.l(rtudiv10.o)
    0x00001852   0x00000002   PAD
    0x00001854   0x00000064   Code   RO          919    .text               fz_ps.l(fcmpin.o)
    0x000018b8   0x00000008   Code   RO          963    .text               c_p.l(libspace.o)
    0x000018c0   0x00000008   Code   RO          986    .text               c_p.l(rt_locale_intlibspace.o)
    0x000018c8   0x0000007a   Code   RO          988    .text               c_p.l(lludiv10.o)
    0x00001942   0x00000002   PAD
    0x00001944   0x00000030   Code   RO          990    .text               c_p.l(_printf_char_common.o)
    0x00001974   0x00000088   Code   RO          992    .text               c_p.l(_printf_fp_infnan.o)
    0x000019fc   0x0000001e   Code   RO          994    .text               c_p.l(_chval.o)
    0x00001a1a   0x00000002   PAD
    0x00001a1c   0x000000c8   Code   RO          996    .text               c_p.l(bigflt0.o)
    0x00001ae4   0x000004a8   Code   RO          999    .text               c_p.l(btod.o)
    0x00001f8c   0x00000008   Code   RO         1004    .text               c_p.l(ferror.o)
    0x00001f94   0x0000002e   Code   RO         1014    .text               fz_ps.l(cmpret.o)
    0x00001fc2   0x00000002   PAD
    0x00001fc4   0x0000006c   Code   RO         1016    .text               fz_ps.l(dfixi.o)
    0x00002030   0x00000060   Code   RO         1020    .text               fz_ps.l(dscalbn.o)
    0x00002090   0x00000010   Code   RO         1022    .text               fz_ps.l(fnan2.o)
    0x000020a0   0x0000003e   Code   RO         1030    .text               c_p.l(sys_stackheap_outer.o)
    0x000020de   0x00000010   Code   RO         1035    .text               c_p.l(exit.o)
    0x000020ee   0x00000002   PAD
    0x000020f0   0x00000088   Code   RO         1041    .text               c_p.l(strcmp.o)
    0x00002178   0x0000005e   Code   RO         1094    .text               fz_ps.l(retnan.o)
    0x000021d6   0x00000002   PAD
    0x000021d8   0x0000000c   Code   RO         1109    .text               c_p.l(sys_exit.o)
    0x000021e4   0x00000002   Code   RO         1130    .text               c_p.l(use_no_semi.o)
    0x000021e6   0x00000000   Code   RO         1132    .text               c_p.l(indicate_semi.o)
    0x000021e6   0x00000002   PAD
    0x000021e8   0x0000004c   Code   RO          311    i.Control_RGB_LEDs  leds.o
    0x00002234   0x000003dc   Code   RO          340    i.Convert_Number_to_Float  gps.o
    0x00002610   0x0000014c   Code   RO          341    i.Decode_GPS        gps.o
    0x0000275c   0x0000008c   Code   RO          342    i.Decode_HeaderGPS  gps.o
    0x000027e8   0x0000001c   Code   RO          538    i.Delay             delay.o
    0x00002804   0x00000010   Code   RO          194    i.Get_Num_Rx_Chars_Available  uart.o
    0x00002814   0x0000008c   Code   RO          312    i.Init_RGB_LEDs     leds.o
    0x000028a0   0x000000f4   Code   RO          195    i.Init_UART0        uart.o
    0x00002994   0x000000b0   Code   RO          196    i.Init_UART2        uart.o
    0x00002a44   0x00000014   Code   RO          126    i.NVIC_ClearPendingIRQ  timers.o
    0x00002a58   0x00000014   Code   RO          197    i.NVIC_ClearPendingIRQ  uart.o
    0x00002a6c   0x00000014   Code   RO          198    i.NVIC_EnableIRQ    uart.o
    0x00002a80   0x00000078   Code   RO          199    i.NVIC_SetPriority  uart.o
    0x00002af8   0x00000074   Code   RO          128    i.PIT_IRQHandler    timers.o
    0x00002b6c   0x00000044   Code   RO           80    i.Q_Dequeue         queue.o
    0x00002bb0   0x00000014   Code   RO           81    i.Q_Empty           queue.o
    0x00002bc4   0x0000003c   Code   RO           82    i.Q_Enqueue         queue.o
    0x00002c00   0x00000018   Code   RO           83    i.Q_Full            queue.o
    0x00002c18   0x00000020   Code   RO           84    i.Q_Init            queue.o
    0x00002c38   0x0000000a   Code   RO           85    i.Q_Size            queue.o
    0x00002c42   0x00000002   PAD
    0x00002c44   0x00000138   Code   RO          747    i.SystemInit        system_mkl25z4.o
    0x00002d7c   0x00000060   Code   RO          343    i.Task_NMEA_Decode  gps.o
    0x00002ddc   0x000000a4   Code   RO          201    i.UART0_IRQHandler  uart.o
    0x00002e80   0x00000080   Code   RO          204    i.UART2_IRQHandler  uart.o
    0x00002f00   0x00000030   Code   RO         1002    i.__ARM_common_ll_muluu  c_p.l(btod.o)
    0x00002f30   0x0000001c   Code   RO          389    i.__ARM_common_switch8  gps.o
    0x00002f4c   0x0000002c   Code   RO         1026    i.__ARM_fpclassify  m_ps.l(fpclassify.o)
    0x00002f78   0x0000039c   Code   RO          950    i.__ieee754_rem_pio2  m_ps.l(rred.o)
    0x00003314   0x000000f4   Code   RO          932    i.__kernel_cos      m_ps.l(cos_i.o)
    0x00003408   0x000000ac   Code   RO         1028    i.__kernel_poly     m_ps.l(poly.o)
    0x000034b4   0x000000ec   Code   RO          957    i.__kernel_sin      m_ps.l(sin_i.o)
    0x000035a0   0x0000000a   Code   RO          936    i.__mathlib_dbl_infnan  m_ps.l(dunder.o)
    0x000035aa   0x00000008   Code   RO          937    i.__mathlib_dbl_infnan2  m_ps.l(dunder.o)
    0x000035b2   0x00000010   Code   RO          938    i.__mathlib_dbl_invalid  m_ps.l(dunder.o)
    0x000035c2   0x00000002   PAD
    0x000035c4   0x00000014   Code   RO          941    i.__mathlib_dbl_underflow  m_ps.l(dunder.o)
    0x000035d8   0x0000000e   Code   RO          800    i._is_digit         c_p.l(__printf_wp.o)
    0x000035e6   0x00000002   PAD
    0x000035e8   0x0000021c   Code   RO          923    i.atan              m_ps.l(atan.o)
    0x00003804   0x00000178   Code   RO          867    i.atan2             m_ps.l(atan2.o)
    0x0000397c   0x0000036c   Code   RO          564    i.calculate_heading  hmc5883l.o
    0x00003ce8   0x00000050   Code   RO          345    i.checksum          gps.o
    0x00003d38   0x00000084   Code   RO          565    i.control_antenna   hmc5883l.o
    0x00003dbc   0x00000098   Code   RO          875    i.cos               m_ps.l(cos.o)
    0x00003e54   0x00000024   Code   RO          208    i.fputc             uart.o
    0x00003e78   0x00000114   Code   RO          609    i.i2c1_busy         i2c1.o
    0x00003f8c   0x00000064   Code   RO          610    i.i2c1_init         i2c1.o
    0x00003ff0   0x0000007c   Code   RO          611    i.i2c1_read_byte    i2c1.o
    0x0000406c   0x00000040   Code   RO          612    i.i2c1_read_setup   i2c1.o
    0x000040ac   0x00000020   Code   RO          614    i.i2c1_start        i2c1.o
    0x000040cc   0x0000004c   Code   RO          615    i.i2c1_wait         i2c1.o
    0x00004118   0x00000048   Code   RO          616    i.i2c1_write_byte   i2c1.o
    0x00004160   0x00000036   Code   RO          566    i.init_compass      hmc5883l.o
    0x00004196   0x00000002   PAD
    0x00004198   0x000001c0   Code   RO            3    i.main              main.o
    0x00004358   0x00000100   Code   RO          567    i.read_full_compass  hmc5883l.o
    0x00004458   0x0000009c   Code   RO          883    i.sin               m_ps.l(sin.o)
    0x000044f4   0x0000002c   Code   RO         1009    locale$$code        c_p.l(lc_ctype_c.o)
    0x00004520   0x0000002c   Code   RO         1012    locale$$code        c_p.l(lc_numeric_c.o)
    0x0000454c   0x0000008c   Code   RO          843    x$fpl$fadd          fz_ps.l(faddsub.o)
    0x000045d8   0x00000054   Code   RO          858    x$fpl$fleqf         fz_ps.l(flef.o)
    0x0000462c   0x000000b0   Code   RO          860    x$fpl$fmul          fz_ps.l(fmul.o)
    0x000046dc   0x00000058   Code   RO          862    x$fpl$frleqf        fz_ps.l(frlef.o)
    0x00004734   0x000000d0   Code   RO          845    x$fpl$fsub          fz_ps.l(faddsub.o)
    0x00004804   0x00000010   Code   RO          864    x$fpl$printf1       fz_ps.l(printf1.o)
    0x00004814   0x00000000   Code   RO          921    x$fpl$usenofp       fz_ps.l(usenofp.o)
    0x00004814   0x00000080   Data   RO          829    .constdata          fz_ps.l(ddiv.o)
    0x00004894   0x00000040   Data   RO          850    .constdata          fz_ps.l(fdiv.o)
    0x000048d4   0x00000004   PAD
    0x000048d8   0x00000098   Data   RO          924    .constdata          m_ps.l(atan.o)
    0x00004970   0x00000030   Data   RO          933    .constdata          m_ps.l(cos_i.o)
    0x000049a0   0x00000008   Data   RO          949    .constdata          m_ps.l(qnan.o)
    0x000049a8   0x000000c8   Data   RO          952    .constdata          m_ps.l(rred.o)
    0x00004a70   0x00000028   Data   RO          958    .constdata          m_ps.l(sin_i.o)
    0x00004a98   0x00000094   Data   RO          997    .constdata          c_p.l(bigflt0.o)
    0x00004b2c   0x00000020   Data   RO         1176    Region$$Table       anon$$obj.o
    0x00004b4c   0x00000110   Data   RO         1008    locale$$data        c_p.l(lc_ctype_c.o)
    0x00004c5c   0x0000001c   Data   RO         1011    locale$$data        c_p.l(lc_numeric_c.o)


    Execution Region ER_RW (Base: 0x1ffff000, Size: 0x0000002c, Max: 0xffffffff, ABSOLUTE)

    Base Addr    Size         Type   Attr      Idx    E Section Name        Object

    0x1ffff000   0x0000000c   Data   RW          132    .data               timers.o
    0x1ffff00c   0x0000000c   Data   RW          210    .data               uart.o
    0x1ffff018   0x00000009   Data   RW          347    .data               gps.o
    0x1ffff021   0x00000003   PAD
    0x1ffff024   0x00000008   Data   RW          617    .data               i2c1.o


    Execution Region ER_ZI (Base: 0x1ffff02c, Size: 0x0000079c, Max: 0xffffffff, ABSOLUTE)

    Base Addr    Size         Type   Attr      Idx    E Section Name        Object

    0x1ffff02c   0x00000100   Zero   RW            4    .bss                main.o
    0x1ffff12c   0x00000218   Zero   RW          209    .bss                uart.o
    0x1ffff344   0x00000020   Zero   RW          346    .bss                gps.o
    0x1ffff364   0x00000060   Zero   RW          964    .bss                c_p.l(libspace.o)
    0x1ffff3c4   0x00000004   PAD
    0x1ffff3c8   0x00000000   Zero   RW          735    HEAP                startup_mkl25z4.o
    0x1ffff3c8   0x00000400   Zero   RW          734    STACK               startup_mkl25z4.o


==============================================================================

Image component sizes


      Code (inc. data)   RO Data    RW Data    ZI Data      Debug   Object Name

        28          4          0          0          0        760   delay.o
      1664        156          0          9         32       3827   gps.o
      1318        112          0          0          0       2553   hmc5883l.o
       744         56          0          8          0       3667   i2c1.o
       216         22          0          0          0        995   leds.o
       448         94          0          0        256     226051   main.o
       214          0          0          0          0       3193   queue.o
        80         44        192          0       1024        904   startup_mkl25z4.o
       312         46          0          0          0        589   system_mkl25z4.o
       136         22          0         12          0       7798   timers.o
       924        140          0         12        536      12969   uart.o

    ----------------------------------------------------------------------
      6088        696        224         44       1848     263306   Object Totals
         0          0         32          0          0          0   (incl. Generated)
         4          0          0          3          0          0   (incl. Padding)

    ----------------------------------------------------------------------

      Code (inc. data)   RO Data    RW Data    ZI Data      Debug   Library Member Name

         8          0          0          0          0         68   __main.o
       284          0          0          0          0        136   __printf_wp.o
         0          0          0          0          0          0   __rtentry.o
        12          0          0          0          0          0   __rtentry2.o
         6          0          0          0          0          0   __rtentry4.o
        60          8          0          0          0          0   __scatter.o
        26          0          0          0          0          0   __scatter_copy.o
        28          0          0          0          0          0   __scatter_zi.o
        30          0          0          0          0         60   _chval.o
        48          6          0          0          0         88   _printf_char_common.o
        40          6          0          0          0         72   _printf_char_file.o
       108         18          0          0          0         76   _printf_dec.o
        10          0          0          0          0          0   _printf_f.o
      1044         14          0          0          0        176   _printf_fp_dec.o
       136         16          0          0          0         76   _printf_fp_infnan.o
        10          0          0          0          0          0   _printf_i.o
       176          0          0          0          0         84   _printf_intcommon.o
         2          0          0          0          0          0   _printf_percent.o
         4          0          0          0          0          0   _printf_percent_end.o
        22          0          0          0          0         92   _rserrno.o
       166          0          0          0          0         84   _strtoul.o
       346          0          0          0          0         92   aeabi_sdiv.o
       200          4        148          0          0         80   bigflt0.o
      1240         12          0          0          0        316   btod.o
        16          0          0          0          0         68   exit.o
         8          0          0          0          0         60   ferror.o
         6          0          0          0          0        136   heapauxi.o
         0          0          0          0          0          0   indicate_semi.o
        44         10        272          0          0         76   lc_ctype_c.o
        44         10         28          0          0         76   lc_numeric_c.o
         2          0          0          0          0          0   libinit.o
        30          0          0          0          0          0   libinit2.o
         2          0          0          0          0          0   libshutdown.o
         2          0          0          0          0          0   libshutdown2.o
         8          4          0          0         96         68   libspace.o
       122          0          0          0          0         72   lludiv10.o
        28          6          0          0          0         84   noretval__2printf.o
        16          4          0          0          0         76   rt_ctype_table.o
         8          4          0          0          0         68   rt_errno_addr_intlibspace.o
         8          4          0          0          0         68   rt_locale_intlibspace.o
         2          0          0          0          0          0   rtexit.o
        10          0          0          0          0          0   rtexit2.o
        40          0          0          0          0         60   rtudiv10.o
       136          4          0          0          0         72   strcmp.o
       112          4          0          0          0         76   strtol.o
        12          4          0          0          0         60   sys_exit.o
        62          0          0          0          0         80   sys_stackheap_outer.o
         2          0          0          0          0         68   use_no_semi.o
        46          0          0          0          0         60   cmpret.o
       124          4          0          0          0         72   d2f.o
       856         20          0          0          0        208   daddsub.o
      1096         26        128          0          0        112   ddiv.o
       108         10          0          0          0         72   dfixi.o
        72          4          0          0          0         68   dfixui.o
        88          0          0          0          0         92   dflti.o
       584         26          0          0          0         84   dmul.o
        96         12          0          0          0         72   dscalbn.o
        84          4          0          0          0         60   f2d.o
       348          8          0          0          0        160   faddsub.o
       100          4          0          0          0         68   fcmpin.o
       352         10         64          0          0         92   fdiv.o
        94          0          0          0          0         92   fflti.o
        84          4          0          0          0         76   flef.o
       176          4          0          0          0         80   fmul.o
        16          6          0          0          0         68   fnan2.o
        88          4          0          0          0         76   frlef.o
        16          4          0          0          0         76   printf1.o
        94          0          0          0          0         68   retnan.o
         0          0          0          0          0          0   usenofp.o
       540         68        152          0          0        112   atan.o
       376         42          0          0          0        144   atan2.o
       152         10          0          0          0        104   cos.o
       244         20         48          0          0         92   cos_i.o
        54          6          0          0          0        272   dunder.o
        44          4          0          0          0         60   fpclassify.o
       172          0          0          0          0         76   poly.o
         0          0          8          0          0          0   qnan.o
       924         86        200          0          0        120   rred.o
       156         10          0          0          0        104   sin.o
       236         14         40          0          0        100   sin_i.o

    ----------------------------------------------------------------------
     12172        548       1092          0        100       5708   Library Totals
        26          0          4          0          4          0   (incl. Padding)

    ----------------------------------------------------------------------

      Code (inc. data)   RO Data    RW Data    ZI Data      Debug   Library Name

      4726        138        448          0         96       2768   c_p.l
      4522        150        192          0          0       1756   fz_ps.l
      2898        260        448          0          0       1184   m_ps.l

    ----------------------------------------------------------------------
     12172        548       1092          0        100       5708   Library Totals

    ----------------------------------------------------------------------

==============================================================================


      Code (inc. data)   RO Data    RW Data    ZI Data      Debug   

     18260       1244       1316         44       1948     264558   Grand Totals
     18260       1244       1316         44       1948     264558   ELF Image Totals
     18260       1244       1316         44          0          0   ROM Totals

==============================================================================

    Total RO  Size (Code + RO Data)                19576 (  19.12kB)
    Total RW  Size (RW Data + ZI Data)              1992 (   1.95kB)
    Total ROM Size (Code + RO Data + RW Data)      19620 (  19.16kB)

==============================================================================

