Component: ARM Compiler 5.06 update 3 (build 300) Tool: armlink [4d35c9]

==============================================================================

Section Cross References

    main.o(i.main) refers to uart.o(i.Init_UART0) for Init_UART0
    main.o(i.main) refers to uart.o(i.Init_UART2) for Init_UART2
    main.o(i.main) refers to leds.o(i.Init_RGB_LEDs) for Init_RGB_LEDs
    main.o(i.main) refers to __2printf.o(.text) for __2printf
    main.o(i.main) refers to leds.o(i.Control_RGB_LEDs) for Control_RGB_LEDs
    main.o(i.main) refers to uart.o(i.Get_Num_Rx_Chars_Available) for Get_Num_Rx_Chars_Available
    main.o(i.main) refers to c89printf.o(.text) for __c89printf
    main.o(i.main) refers to queue.o(i.Q_Init) for Q_Init
    main.o(i.main) refers to gps.o(i.Task_NMEA_Decode) for Task_NMEA_Decode
    main.o(i.main) refers to frlef.o(x$fpl$frleqf) for __aeabi_cfrcmple
    main.o(i.main) refers to flef.o(x$fpl$fleqf) for __aeabi_cfcmple
    main.o(i.main) refers to gps.o(i.Task_Report_Drift) for Task_Report_Drift
    main.o(i.main) refers to uart.o(.bss) for RxQ
    main.o(i.main) refers to uart.o(.data) for message_received
    main.o(i.main) refers to main.o(.bss) for terminal_message
    main.o(i.main) refers to gps.o(.bss) for GPS_Message
    queue.o(i.Q_Dequeue) refers to queue.o(i.Q_Empty) for Q_Empty
    queue.o(i.Q_Enqueue) refers to queue.o(i.Q_Full) for Q_Full
    timers.o(i.Init_PIT) refers to timers.o(i.NVIC_SetPriority) for NVIC_SetPriority
    timers.o(i.Init_PIT) refers to timers.o(i.NVIC_ClearPendingIRQ) for NVIC_ClearPendingIRQ
    timers.o(i.PIT_IRQHandler) refers to timers.o(i.NVIC_ClearPendingIRQ) for NVIC_ClearPendingIRQ
    timers.o(i.PIT_IRQHandler) refers to timers.o(.data) for PIT_interrupt_counter
    uart.o(i.Get_Char) refers to queue.o(i.Q_Dequeue) for Q_Dequeue
    uart.o(i.Get_Char) refers to uart.o(.bss) for RxQ
    uart.o(i.Get_Num_Rx_Chars_Available) refers to queue.o(i.Q_Size) for Q_Size
    uart.o(i.Get_Num_Rx_Chars_Available) refers to uart.o(.bss) for RxQ
    uart.o(i.Init_UART0) refers to aeabi_sdiv.o(.text) for __aeabi_uidivmod
    uart.o(i.Init_UART0) refers to uart.o(i.NVIC_SetPriority) for NVIC_SetPriority
    uart.o(i.Init_UART0) refers to uart.o(i.NVIC_ClearPendingIRQ) for NVIC_ClearPendingIRQ
    uart.o(i.Init_UART0) refers to uart.o(i.NVIC_EnableIRQ) for NVIC_EnableIRQ
    uart.o(i.Init_UART0) refers to queue.o(i.Q_Init) for Q_Init
    uart.o(i.Init_UART0) refers to uart.o(.bss) for TxQ
    uart.o(i.Init_UART1) refers to dflti.o(.text) for __aeabi_ui2d
    uart.o(i.Init_UART1) refers to ddiv.o(.text) for __aeabi_ddiv
    uart.o(i.Init_UART1) refers to dfixui.o(.text) for __aeabi_d2uiz
    uart.o(i.Init_UART1) refers to uart.o(i.NVIC_SetPriority) for NVIC_SetPriority
    uart.o(i.Init_UART1) refers to uart.o(i.NVIC_ClearPendingIRQ) for NVIC_ClearPendingIRQ
    uart.o(i.Init_UART1) refers to uart.o(i.NVIC_EnableIRQ) for NVIC_EnableIRQ
    uart.o(i.Init_UART1) refers to queue.o(i.Q_Init) for Q_Init
    uart.o(i.Init_UART1) refers to uart.o(.bss) for TxQ
    uart.o(i.Init_UART2) refers to dflti.o(.text) for __aeabi_ui2d
    uart.o(i.Init_UART2) refers to ddiv.o(.text) for __aeabi_ddiv
    uart.o(i.Init_UART2) refers to dfixui.o(.text) for __aeabi_d2uiz
    uart.o(i.Init_UART2) refers to uart.o(i.NVIC_SetPriority) for NVIC_SetPriority
    uart.o(i.Init_UART2) refers to uart.o(i.NVIC_ClearPendingIRQ) for NVIC_ClearPendingIRQ
    uart.o(i.Init_UART2) refers to uart.o(i.NVIC_EnableIRQ) for NVIC_EnableIRQ
    uart.o(i.Init_UART2) refers to queue.o(i.Q_Init) for Q_Init
    uart.o(i.Init_UART2) refers to uart.o(.bss) for TxQ
    uart.o(i.Send_String) refers to queue.o(i.Q_Full) for Q_Full
    uart.o(i.Send_String) refers to queue.o(i.Q_Enqueue) for Q_Enqueue
    uart.o(i.Send_String) refers to queue.o(i.Q_Dequeue) for Q_Dequeue
    uart.o(i.Send_String) refers to uart.o(.bss) for TxQ
    uart.o(i.UART0_IRQHandler) refers to uart.o(i.NVIC_ClearPendingIRQ) for NVIC_ClearPendingIRQ
    uart.o(i.UART0_IRQHandler) refers to queue.o(i.Q_Empty) for Q_Empty
    uart.o(i.UART0_IRQHandler) refers to queue.o(i.Q_Dequeue) for Q_Dequeue
    uart.o(i.UART0_IRQHandler) refers to queue.o(i.Q_Full) for Q_Full
    uart.o(i.UART0_IRQHandler) refers to queue.o(i.Q_Enqueue) for Q_Enqueue
    uart.o(i.UART0_IRQHandler) refers to __2printf.o(.text) for __2printf
    uart.o(i.UART0_IRQHandler) refers to uart.o(.bss) for TxQ
    uart.o(i.UART0_IRQHandler) refers to uart.o(.data) for message_received
    uart.o(i.UART1_IRQHandler) refers to uart.o(i.NVIC_ClearPendingIRQ) for NVIC_ClearPendingIRQ
    uart.o(i.UART1_IRQHandler) refers to queue.o(i.Q_Empty) for Q_Empty
    uart.o(i.UART1_IRQHandler) refers to queue.o(i.Q_Dequeue) for Q_Dequeue
    uart.o(i.UART1_IRQHandler) refers to queue.o(i.Q_Full) for Q_Full
    uart.o(i.UART1_IRQHandler) refers to queue.o(i.Q_Enqueue) for Q_Enqueue
    uart.o(i.UART1_IRQHandler) refers to uart.o(.bss) for WTxQ
[...]
    ../clib/printf_percent.s                 0x00000000   Number         0  _printf_llo.o ABSOLUTE
    ../clib/printf_percent.s                 0x00000000   Number         0  _printf_ls.o ABSOLUTE
    ../clib/printf_percent.s                 0x00000000   Number         0  _printf_lc.o ABSOLUTE
    ../clib/printf_percent.s                 0x00000000   Number         0  _printf_p.o ABSOLUTE
    ../clib/printf_percent.s                 0x00000000   Number         0  _printf_ll.o ABSOLUTE
    ../clib/printf_percent.s                 0x00000000   Number         0  _printf_llu.o ABSOLUTE
    ../clib/scanf.c                          0x00000000   Number         0  _strtoul.o ABSOLUTE
    ../clib/scanf.c                          0x00000000   Number         0  _chval.o ABSOLUTE
    ../clib/scanf.c                          0x00000000   Number         0  strtol.o ABSOLUTE
    ../clib/signal.c                         0x00000000   Number         0  defsig_other.o ABSOLUTE
    ../clib/signal.c                         0x00000000   Number         0  defsig_fpe_outer.o ABSOLUTE
    ../clib/signal.c                         0x00000000   Number         0  defsig_rtmem_formal.o ABSOLUTE
    ../clib/signal.c                         0x00000000   Number         0  defsig_segv_inner.o ABSOLUTE
    ../clib/signal.c                         0x00000000   Number         0  defsig_cppl_inner.o ABSOLUTE
    ../clib/signal.c                         0x00000000   Number         0  defsig_pvfn_inner.o ABSOLUTE
    ../clib/signal.c                         0x00000000   Number         0  defsig_stak_inner.o ABSOLUTE
    ../clib/signal.c                         0x00000000   Number         0  defsig_rtmem_inner.o ABSOLUTE
    ../clib/signal.c                         0x00000000   Number         0  defsig_general.o ABSOLUTE
    ../clib/signal.c                         0x00000000   Number         0  __raise.o ABSOLUTE
    ../clib/signal.c                         0x00000000   Number         0  defsig_rtred_inner.o ABSOLUTE
    ../clib/signal.c                         0x00000000   Number         0  defsig_abrt_inner.o ABSOLUTE
    ../clib/signal.c                         0x00000000   Number         0  defsig_fpe_inner.o ABSOLUTE
    ../clib/signal.c                         0x00000000   Number         0  defsig_exit.o ABSOLUTE
    ../clib/signal.c                         0x00000000   Number         0  defsig_fpe_formal.o ABSOLUTE
    ../clib/signal.c                         0x00000000   Number         0  defsig_rtmem_outer.o ABSOLUTE
    ../clib/signal.s                         0x00000000   Number         0  defsig.o ABSOLUTE
    ../clib/stdio.c                          0x00000000   Number         0  ferror.o ABSOLUTE
    ../clib/stdio.c                          0x00000000   Number         0  ferror_locked.o ABSOLUTE
    ../clib/stdlib.c                         0x00000000   Number         0  exit.o ABSOLUTE
    ../clib/string.c                         0x00000000   Number         0  strcmp.o ABSOLUTE
    ../fplib/cfplib/cmpret.c                 0x00000000   Number         0  cmpret.o ABSOLUTE
    ../fplib/cfplib/d2f.c                    0x00000000   Number         0  d2f.o ABSOLUTE
    ../fplib/cfplib/daddsub.c                0x00000000   Number         0  daddsub.o ABSOLUTE
    ../fplib/cfplib/dcmpin.c                 0x00000000   Number         0  dcmpin.o ABSOLUTE
    ../fplib/cfplib/ddiv.c                   0x00000000   Number         0  ddiv.o ABSOLUTE
    ../fplib/cfplib/dmul.c                   0x00000000   Number         0  dmul.o ABSOLUTE
    ../fplib/cfplib/f2d.c                    0x00000000   Number         0  f2d.o ABSOLUTE
    ../fplib/cfplib/fcmpin.c                 0x00000000   Number         0  fcmpin.o ABSOLUTE
    ../fplib/cfplib/fdiv.c                   0x00000000   Number         0  fdiv.o ABSOLUTE
    ../fplib/cfplib/ffix.c                   0x00000000   Number         0  dfixi.o ABSOLUTE
    ../fplib/cfplib/ffix.c                   0x00000000   Number         0  dfixui.o ABSOLUTE
    ../fplib/cfplib/ffix.c                   0x00000000   Number         0  ffixi.o ABSOLUTE
    ../fplib/cfplib/fflt.c                   0x00000000   Number         0  dflti.o ABSOLUTE
    ../fplib/cfplib/fflt.c                   0x00000000   Number         0  fflti.o ABSOLUTE
    ../fplib/cfplib/fpinit.c                 0x00000000   Number         0  fpinit.o ABSOLUTE
    ../fplib/cfplib/ieee_status.c            0x00000000   Number         0  ieee_status.o ABSOLUTE
    ../fplib/cfplib/nan2.c                   0x00000000   Number         0  dnan2.o ABSOLUTE
    ../fplib/cfplib/nan2.c                   0x00000000   Number         0  fnan2.o ABSOLUTE
    ../fplib/cfplib/retnan.c                 0x00000000   Number         0  retnan.o ABSOLUTE
    ../fplib/cfplib/scalbn.c                 0x00000000   Number         0  dscalbn.o ABSOLUTE
    ../fplib/deqf6m.s                        0x00000000   Number         0  deqf.o ABSOLUTE
    ../fplib/dleqf6m.s                       0x00000000   Number         0  dlef.o ABSOLUTE
    ../fplib/faddsub6m.s                     0x00000000   Number         0  faddsub.o ABSOLUTE
    ../fplib/feqf6m.s                        0x00000000   Number         0  feqf.o ABSOLUTE
    ../fplib/fleqf6m.s                       0x00000000   Number         0  flef.o ABSOLUTE
    ../fplib/fmul6m.s                        0x00000000   Number         0  fmul.o ABSOLUTE
    ../fplib/frleqf6m.s                      0x00000000   Number         0  frlef.o ABSOLUTE
    ../fplib/printf1.s                       0x00000000   Number         0  printf1.o ABSOLUTE
    ../fplib/usenofp.s                       0x00000000   Number         0  usenofp.o ABSOLUTE
    ../mathlib/atan.c                        0x00000000   Number         0  atan.o ABSOLUTE
    ../mathlib/atan.c                        0x00000000   Number         0  atan_x.o ABSOLUTE
    ../mathlib/atan2.c                       0x00000000   Number         0  atan2_x.o ABSOLUTE
    ../mathlib/atan2.c                       0x00000000   Number         0  atan2.o ABSOLUTE
    ../mathlib/cos.c                         0x00000000   Number         0  cos_x.o ABSOLUTE
    ../mathlib/cos.c                         0x00000000   Number         0  cos.o ABSOLUTE
    ../mathlib/cos_i.c                       0x00000000   Number         0  cos_i.o ABSOLUTE
    ../mathlib/dunder.c                      0x00000000   Number         0  dunder.o ABSOLUTE
    ../mathlib/fpclassify.c                  0x00000000   Number         0  fpclassify.o ABSOLUTE
    ../mathlib/poly.c                        0x00000000   Number         0  poly.o ABSOLUTE
    ../mathlib/qnan.c                        0x00000000   Number         0  qnan.o ABSOLUTE
    ../mathlib/rred.c                        0x00000000   Number         0  rred.o ABSOLUTE
    ../mathlib/sin.c                         0x00000000   Number         0  sin.o ABSOLUTE
    ../mathlib/sin.c                         0x00000000   Number         0  sin_x.o ABSOLUTE
    ../mathlib/sin_i.c                       0x00000000   Number         0  sin_i.o ABSOLUTE
    ../mathlib/sin_i.c                       0x00000000   Number         0  sin_i_x.o ABSOLUTE
    C:\Keil_v5\ARM\PACK\Keil\Kinetis_KLxx_DFP\1.12.0\Boards\NXP\FRDM-KL25Z\Common\LED_FRDM-KL25Z.c 0x00000000   Number         0  led_frdm-kl25z.o ABSOLUTE
    C:\\Keil_v5\\ARM\\PACK\\Keil\\Kinetis_KLxx_DFP\\1.12.0\\Boards\\NXP\\FRDM-KL25Z\\Common\\LED_FRDM-KL25Z.c 0x00000000   Number         0  led_frdm-kl25z.o ABSOLUTE
    HMC5883L.c                               0x00000000   Number         0  hmc5883l.o ABSOLUTE
    HMC5883L.c                               0x00000000   Number         0  hmc5883l.o ABSOLUTE
    I2C.c                                    0x00000000   Number         0  i2c.o ABSOLUTE
    I2C.c                                    0x00000000   Number         0  i2c.o ABSOLUTE
    LEDs.c                                   0x00000000   Number         0  leds.o ABSOLUTE
    LEDs.c                                   0x00000000   Number         0  leds.o ABSOLUTE
    MMA8451.c                                0x00000000   Number         0  mma8451.o ABSOLUTE
    MMA8451.c                                0x00000000   Number         0  mma8451.o ABSOLUTE
    RTE\Device\MKL25Z128xxx4\startup_MKL25Z4.s 0x00000000   Number         0  startup_mkl25z4.o ABSOLUTE
    RTE\Device\MKL25Z128xxx4\system_MKL25Z4.c 0x00000000   Number         0  system_mkl25z4.o ABSOLUTE
    RTE\\Device\\MKL25Z128xxx4\\system_MKL25Z4.c 0x00000000   Number         0  system_mkl25z4.o ABSOLUTE
    UART.c                                   0x00000000   Number         0  uart.o ABSOLUTE
    UART.c                                   0x00000000   Number         0  uart.o ABSOLUTE
    dc.s                                     0x00000000   Number         0  dc.o ABSOLUTE
    delay.c                                  0x00000000   Number         0  delay.o ABSOLUTE
    delay.c                                  0x00000000   Number         0  delay.o ABSOLUTE
    gps.c                                    0x00000000   Number         0  gps.o ABSOLUTE
    gps.c                                    0x00000000   Number         0  gps.o ABSOLUTE
    i2c1.c                                   0x00000000   Number         0  i2c1.o ABSOLUTE
    i2c1.c                                   0x00000000   Number         0  i2c1.o ABSOLUTE
    main.c                                   0x00000000   Number         0  main.o ABSOLUTE
    main.c                                   0x00000000   Number         0  main.o ABSOLUTE
    queue.c                                  0x00000000   Number         0  queue.o ABSOLUTE
    timers.c                                 0x00000000   Number         0  timers.o ABSOLUTE
    timers.c                                 0x00000000   Number         0  timers.o ABSOLUTE
    !!!main                                  0x000000c0   Section        8  __main.o(!!!main)
    !!!scatter                               0x000000c8   Section       60  __scatter.o(!!!scatter)
    !!handler_copy                           0x00000104   Section       26  __scatter_copy.o(!!handler_copy)
    !!handler_zi                             0x00000120   Section       28  __scatter_zi.o(!!handler_zi)
    .ARM.Collect$$_printf_percent$$00000000  0x0000013c   Section        2  _printf_percent.o(.ARM.Collect$$_printf_percent$$00000000)
    .ARM.Collect$$_printf_percent$$00000001  0x0000013e   Section       10  _printf_n.o(.ARM.Collect$$_printf_percent$$00000001)
    .ARM.Collect$$_printf_percent$$00000002  0x00000148   Section       10  _printf_p.o(.ARM.Collect$$_printf_percent$$00000002)
    .ARM.Collect$$_printf_percent$$00000003  0x00000152   Section       10  _printf_f.o(.ARM.Collect$$_printf_percent$$00000003)
    .ARM.Collect$$_printf_percent$$00000004  0x0000015c   Section       10  _printf_e.o(.ARM.Collect$$_printf_percent$$00000004)
    .ARM.Collect$$_printf_percent$$00000005  0x00000166   Section       10  _printf_g.o(.ARM.Collect$$_printf_percent$$00000005)
    .ARM.Collect$$_printf_percent$$00000006  0x00000170   Section       10  _printf_a.o(.ARM.Collect$$_printf_percent$$00000006)
    .ARM.Collect$$_printf_percent$$00000007  0x0000017a   Section       10  _printf_ll.o(.ARM.Collect$$_printf_percent$$00000007)
    .ARM.Collect$$_printf_percent$$00000008  0x00000184   Section       10  _printf_i.o(.ARM.Collect$$_printf_percent$$00000008)
    .ARM.Collect$$_printf_percent$$00000009  0x0000018e   Section       10  _printf_d.o(.ARM.Collect$$_printf_percent$$00000009)
    .ARM.Collect$$_printf_percent$$0000000A  0x00000198   Section       10  _printf_u.o(.ARM.Collect$$_printf_percent$$0000000A)
    .ARM.Collect$$_printf_percent$$0000000B  0x000001a2   Section       10  _printf_o.o(.ARM.Collect$$_printf_percent$$0000000B)
    .ARM.Collect$$_printf_percent$$0000000C  0x000001ac   Section       10  _printf_x.o(.ARM.Collect$$_printf_percent$$0000000C)
    .ARM.Collect$$_printf_percent$$0000000D  0x000001b6   Section       10  _printf_lli.o(.ARM.Collect$$_printf_percent$$0000000D)
    .ARM.Collect$$_printf_percent$$0000000E  0x000001c0   Section       10  _printf_lld.o(.ARM.Collect$$_printf_percent$$0000000E)
    .ARM.Collect$$_printf_percent$$0000000F  0x000001ca   Section       10  _printf_llu.o(.ARM.Collect$$_printf_percent$$0000000F)
    .ARM.Collect$$_printf_percent$$00000010  0x000001d4   Section       10  _printf_llo.o(.ARM.Collect$$_printf_percent$$00000010)
    .ARM.Collect$$_printf_percent$$00000011  0x000001de   Section       10  _printf_llx.o(.ARM.Collect$$_printf_percent$$00000011)
    .ARM.Collect$$_printf_percent$$00000012  0x000001e8   Section       10  _printf_l.o(.ARM.Collect$$_printf_percent$$00000012)
    .ARM.Collect$$_printf_percent$$00000013  0x000001f2   Section       10  _printf_c.o(.ARM.Collect$$_printf_percent$$00000013)
    .ARM.Collect$$_printf_percent$$00000014  0x000001fc   Section       10  _printf_s.o(.ARM.Collect$$_printf_percent$$00000014)
    .ARM.Collect$$_printf_percent$$00000015  0x00000206   Section       10  _printf_lc.o(.ARM.Collect$$_printf_percent$$00000015)
    .ARM.Collect$$_printf_percent$$00000016  0x00000210   Section       10  _printf_ls.o(.ARM.Collect$$_printf_percent$$00000016)
    .ARM.Collect$$_printf_percent$$00000017  0x0000021a   Section        4  _printf_percent_end.o(.ARM.Collect$$_printf_percent$$00000017)
    .ARM.Collect$$libinit$$00000000          0x0000021e   Section        2  libinit.o(.ARM.Collect$$libinit$$00000000)
    .ARM.Collect$$libinit$$00000002          0x00000220   Section        0  libinit2.o(.ARM.Collect$$libinit$$00000002)
    .ARM.Collect$$libinit$$00000004          0x00000220   Section        0  libinit2.o(.ARM.Collect$$libinit$$00000004)
    .ARM.Collect$$libinit$$0000000A          0x00000220   Section        0  libinit2.o(.ARM.Collect$$libinit$$0000000A)
    .ARM.Collect$$libinit$$0000000C          0x00000220   Section        0  libinit2.o(.ARM.Collect$$libinit$$0000000C)
    .ARM.Collect$$libinit$$0000000E          0x00000220   Section        0  libinit2.o(.ARM.Collect$$libinit$$0000000E)
    .ARM.Collect$$libinit$$0000000F          0x00000220   Section        6  libinit2.o(.ARM.Collect$$libinit$$0000000F)
    .ARM.Collect$$libinit$$00000011          0x00000226   Section        0  libinit2.o(.ARM.Collect$$libinit$$00000011)
    .ARM.Collect$$libinit$$00000012          0x00000226   Section       12  libinit2.o(.ARM.Collect$$libinit$$00000012)
    .ARM.Collect$$libinit$$00000013          0x00000232   Section        0  libinit2.o(.ARM.Collect$$libinit$$00000013)
    .ARM.Collect$$libinit$$00000015          0x00000232   Section        0  libinit2.o(.ARM.Collect$$libinit$$00000015)
    .ARM.Collect$$libinit$$00000016          0x00000232   Section       10  libinit2.o(.ARM.Collect$$libinit$$00000016)
    .ARM.Collect$$libinit$$00000017          0x0000023c   Section        0  libinit2.o(.ARM.Collect$$libinit$$00000017)
    .ARM.Collect$$libinit$$00000019          0x0000023c   Section        0  libinit2.o(.ARM.Collect$$libinit$$00000019)
    .ARM.Collect$$libinit$$0000001B          0x0000023c   Section        0  libinit2.o(.ARM.Collect$$libinit$$0000001B)
    .ARM.Collect$$libinit$$0000001D          0x0000023c   Section        0  libinit2.o(.ARM.Collect$$libinit$$0000001D)
    .ARM.Collect$$libinit$$0000001F          0x0000023c   Section        0  libinit2.o(.ARM.Collect$$libinit$$0000001F)
    .ARM.Collect$$libinit$$00000021          0x0000023c   Section        0  libinit2.o(.ARM.Collect$$libinit$$00000021)
    .ARM.Collect$$libinit$$00000023          0x0000023c   Section        0  libinit2.o(.ARM.Collect$$libinit$$00000023)
    .ARM.Collect$$libinit$$00000025          0x0000023c   Section        0  libinit2.o(.ARM.Collect$$libinit$$00000025)
    .ARM.Collect$$libinit$$0000002C          0x0000023c   Section        0  libinit2.o(.ARM.Collect$$libinit$$0000002C)
    .ARM.Collect$$libinit$$0000002E          0x0000023c   Section        0  libinit2.o(.ARM.Collect$$libinit$$0000002E)
    .ARM.Collect$$libinit$$00000030          0x0000023c   Section        0  libinit2.o(.ARM.Collect$$libinit$$00000030)
    .ARM.Collect$$libinit$$00000032          0x0000023c   Section        0  libinit2.o(.ARM.Collect$$libinit$$00000032)
    .ARM.Collect$$libinit$$00000033          0x0000023c   Section        2  libinit2.o(.ARM.Collect$$libinit$$00000033)
    .ARM.Collect$$libshutdown$$00000000      0x0000023e   Section        2  libshutdown.o(.ARM.Collect$$libshutdown$$00000000)
    .ARM.Collect$$libshutdown$$00000002      0x00000240   Section        0  libshutdown2.o(.ARM.Collect$$libshutdown$$00000002)
    .ARM.Collect$$libshutdown$$00000004      0x00000240   Section        0  libshutdown2.o(.ARM.Collect$$libshutdown$$00000004)
    .ARM.Collect$$libshutdown$$00000007      0x00000240   Section        0  libshutdown2.o(.ARM.Collect$$libshutdown$$00000007)
    .ARM.Collect$$libshutdown$$0000000A      0x00000240   Section        0  libshutdown2.o(.ARM.Collect$$libshutdown$$0000000A)
    .ARM.Collect$$libshutdown$$0000000C      0x00000240   Section        0  libshutdown2.o(.ARM.Collect$$libshutdown$$0000000C)
    .ARM.Collect$$libshutdown$$0000000F      0x00000240   Section        0  libshutdown2.o(.ARM.Collect$$libshutdown$$0000000F)
    .ARM.Collect$$libshutdown$$00000010      0x00000240   Section        2  libshutdown2.o(.ARM.Collect$$libshutdown$$00000010)
    .ARM.Collect$$rtentry$$00000000          0x00000242   Section        0  __rtentry.o(.ARM.Collect$$rtentry$$00000000)
    .ARM.Collect$$rtentry$$00000002          0x00000242   Section        0  __rtentry2.o(.ARM.Collect$$rtentry$$00000002)
    .ARM.Collect$$rtentry$$00000004          0x00000242   Section        6  __rtentry4.o(.ARM.Collect$$rtentry$$00000004)
    .ARM.Collect$$rtentry$$00000009          0x00000248   Section        0  __rtentry2.o(.ARM.Collect$$rtentry$$00000009)
    .ARM.Collect$$rtentry$$0000000A          0x00000248   Section        4  __rtentry2.o(.ARM.Collect$$rtentry$$0000000A)
    .ARM.Collect$$rtentry$$0000000C          0x0000024c   Section        0  __rtentry2.o(.ARM.Collect$$rtentry$$0000000C)
    .ARM.Collect$$rtentry$$0000000D          0x0000024c   Section        8  __rtentry2.o(.ARM.Collect$$rtentry$$0000000D)
    .ARM.Collect$$rtexit$$00000000           0x00000254   Section        2  rtexit.o(.ARM.Collect$$rtexit$$00000000)
    .ARM.Collect$$rtexit$$00000002           0x00000256   Section        0  rtexit2.o(.ARM.Collect$$rtexit$$00000002)
    .ARM.Collect$$rtexit$$00000003           0x00000256   Section        4  rtexit2.o(.ARM.Collect$$rtexit$$00000003)
    .ARM.Collect$$rtexit$$00000004           0x0000025a   Section        6  rtexit2.o(.ARM.Collect$$rtexit$$00000004)
    .text                                    0x00000260   Section       64  startup_mkl25z4.o(.text)
    .text                                    0x000002a0   Section        0  c89printf.o(.text)
    .text                                    0x000002bc   Section        0  __2printf.o(.text)
    .text                                    0x000002d8   Section        0  _printf_pad.o(.text)
    .text                                    0x00000326   Section        0  _printf_str.o(.text)
    .text                                    0x00000378   Section        0  _printf_dec.o(.text)
    .text                                    0x000003e4   Section        0  heapauxi.o(.text)
    .text                                    0x000003ec   Section       16  rt_ctype_table.o(.text)
    .text                                    0x000003fc   Section        2  use_no_semi.o(.text)
    .text                                    0x000003fe   Section        0  indicate_semi.o(.text)
    x$fpl$usenofp                            0x000003fe   Section        0  usenofp.o(x$fpl$usenofp)
    .ARM.__at_0x400                          0x00000400   Section       16  startup_mkl25z4.o(.ARM.__at_0x400)
    .text                                    0x00000410   Section        0  __printf_flags_ss_wp.o(.text)
    .text                                    0x00000598   Section        0  strtol.o(.text)
    .text                                    0x00000608   Section      346  aeabi_sdiv.o(.text)
    .text                                    0x00000764   Section        0  ddiv.o(.text)
    .text                                    0x00000bac   Section        0  dfixui.o(.text)
    .text                                    0x00000bf4   Section        0  dflti.o(.text)
    .text                                    0x00000c4c   Section        0  f2d.o(.text)
    .text                                    0x00000ca0   Section        0  fdiv.o(.text)
    .text                                    0x00000e00   Section        0  ffixi.o(.text)
    .text                                    0x00000e4c   Section        0  fflti.o(.text)
    .text                                    0x00000eac   Section        8  rt_errno_addr_intlibspace.o(.text)
    .text                                    0x00000eb4   Section        0  _printf_truncate.o(.text)
    .text                                    0x00000ed8   Section        0  _printf_intcommon.o(.text)
    .text                                    0x00000f88   Section        0  _printf_charcount.o(.text)
    .text                                    0x00000fb0   Section        0  _printf_fp_dec.o(.text)
    _fp_digits                               0x00000fb3   Thumb Code   408  _printf_fp_dec.o(.text)
    .text                                    0x000013c4   Section        0  _printf_char.o(.text)
    .text                                    0x000013f4   Section        0  _printf_char_file.o(.text)
    .text                                    0x0000141c   Section        0  _printf_wctomb.o(.text)
    .text                                    0x000014d8   Section        0  _printf_longlong_dec.o(.text)
    .text                                    0x00001548   Section        0  _printf_oct_int_ll.o(.text)
    _printf_longlong_oct_internal            0x00001549   Thumb Code     0  _printf_oct_int_ll.o(.text)
    .text                                    0x000015b8   Section        0  _printf_hex_int_ll_ptr.o(.text)
    _printf_hex_common                       0x000015b9   Thumb Code     0  _printf_hex_int_ll_ptr.o(.text)
    .text                                    0x00001650   Section        0  _strtoul.o(.text)
    .text                                    0x000016f6   Section        0  rtudiv10.o(.text)
    .text                                    0x00001720   Section        0  fcmpin.o(.text)
    .text                                    0x00001784   Section        8  libspace.o(.text)
    .text                                    0x0000178c   Section        8  rt_locale_intlibspace.o(.text)
    .text                                    0x00001794   Section        0  lludiv10.o(.text)
    .text                                    0x00001810   Section        0  _printf_char_common.o(.text)
    _printf_input_char                       0x00001811   Thumb Code    10  _printf_char_common.o(.text)
    .text                                    0x00001840   Section        0  _printf_fp_infnan.o(.text)
    .text                                    0x000018c8   Section        0  _printf_wchar.o(.text)
    .text                                    0x000018f6   Section        0  _chval.o(.text)
    .text                                    0x00001914   Section        0  bigflt0.o(.text)
    .text                                    0x000019dc   Section        0  btod.o(.text)
    btod_internal_mul                        0x00001a1d   Thumb Code   456  btod.o(.text)
    btod_internal_div                        0x00001be5   Thumb Code   494  btod.o(.text)
    .text                                    0x00001e84   Section        0  ferror.o(.text)
    .text                                    0x00001e8c   Section        0  _wcrtomb.o(.text)
    .text                                    0x00001ecc   Section        0  cmpret.o(.text)
    .text                                    0x00001efc   Section        0  fnan2.o(.text)
    .text                                    0x00001f0c   Section       62  sys_stackheap_outer.o(.text)
    .text                                    0x00001f4a   Section        0  exit.o(.text)
    .text                                    0x00001f5c   Section        0  strcmp.o(.text)
    .text                                    0x00001fe4   Section        0  retnan.o(.text)
    .text                                    0x00002044   Section        0  sys_exit.o(.text)
    i.Control_RGB_LEDs                       0x00002050   Section        0  leds.o(i.Control_RGB_LEDs)
    i.Convert_Number_to_Float                0x0000209c   Section        0  gps.o(i.Convert_Number_to_Float)
    i.Decode_GPS                             0x00002478   Section        0  gps.o(i.Decode_GPS)
    i.Decode_HeaderGPS                       0x000025c4   Section        0  gps.o(i.Decode_HeaderGPS)
    i.Get_Num_Rx_Chars_Available             0x00002650   Section        0  uart.o(i.Get_Num_Rx_Chars_Available)
    i.Init_RGB_LEDs                          0x00002660   Section        0  leds.o(i.Init_RGB_LEDs)
    i.Init_UART0                             0x000026ec   Section        0  uart.o(i.Init_UART0)
    i.Init_UART2                             0x000027e0   Section        0  uart.o(i.Init_UART2)
    i.NVIC_ClearPendingIRQ                   0x00002890   Section        0  timers.o(i.NVIC_ClearPendingIRQ)
    NVIC_ClearPendingIRQ                     0x00002891   Thumb Code    14  timers.o(i.NVIC_ClearPendingIRQ)
    i.NVIC_ClearPendingIRQ                   0x000028a4   Section        0  uart.o(i.NVIC_ClearPendingIRQ)
    NVIC_ClearPendingIRQ                     0x000028a5   Thumb Code    14  uart.o(i.NVIC_ClearPendingIRQ)
    i.NVIC_EnableIRQ                         0x000028b8   Section        0  uart.o(i.NVIC_EnableIRQ)
    NVIC_EnableIRQ                           0x000028b9   Thumb Code    14  uart.o(i.NVIC_EnableIRQ)
    i.NVIC_SetPriority                       0x000028cc   Section        0  uart.o(i.NVIC_SetPriority)
    NVIC_SetPriority                         0x000028cd   Thumb Code   110  uart.o(i.NVIC_SetPriority)
    i.PIT_IRQHandler                         0x00002944   Section        0  timers.o(i.PIT_IRQHandler)
    i.Q_Dequeue                              0x000029b8   Section        0  queue.o(i.Q_Dequeue)
    i.Q_Empty                                0x000029fc   Section        0  queue.o(i.Q_Empty)
    i.Q_Enqueue                              0x00002a10   Section        0  queue.o(i.Q_Enqueue)
    i.Q_Full                                 0x00002a4c   Section        0  queue.o(i.Q_Full)
    i.Q_Init                                 0x00002a64   Section        0  queue.o(i.Q_Init)
    i.Q_Size                                 0x00002a84   Section        0  queue.o(i.Q_Size)
    i.SystemInit                             0x00002a90   Section        0  system_mkl25z4.o(i.SystemInit)
    i.Task_NMEA_Decode                       0x00002bc8   Section        0  gps.o(i.Task_NMEA_Decode)
    i.Task_Report_Drift                      0x00002c28   Section        0  gps.o(i.Task_Report_Drift)
    i.UART0_IRQHandler                       0x00002cb4   Section        0  uart.o(i.UART0_IRQHandler)
    i.UART1_IRQHandler                       0x00002d58   Section        0  uart.o(i.UART1_IRQHandler)
    i.UART2_IRQHandler                       0x00002dd8   Section        0  uart.o(i.UART2_IRQHandler)
    i.__ARM_common_ll_muluu                  0x00002e58   Section        0  btod.o(i.__ARM_common_ll_muluu)
    i.__ARM_common_switch8                   0x00002e88   Section        0  gps.o(i.__ARM_common_switch8)
    i.__ARM_fpclassify                       0x00002ea4   Section        0  fpclassify.o(i.__ARM_fpclassify)
    i._is_digit                              0x00002ed0   Section        0  __printf_wp.o(i._is_digit)
    i.checksum                               0x00002ee0   Section        0  gps.o(i.checksum)
    i.fputc                                  0x00002f30   Section        0  uart.o(i.fputc)
    i.main                                   0x00002f54   Section        0  main.o(i.main)
    locale$$code                             0x000031f8   Section       44  lc_ctype_c.o(locale$$code)
    locale$$code                             0x00003224   Section       44  lc_numeric_c.o(locale$$code)
    x$fpl$fadd                               0x00003250   Section      140  faddsub.o(x$fpl$fadd)
    _fadd1                                   0x0000325d   Thumb Code     0  faddsub.o(x$fpl$fadd)
    x$fpl$fleqf                              0x000032dc   Section       84  flef.o(x$fpl$fleqf)
    x$fpl$fmul                               0x00003330   Section      176  fmul.o(x$fpl$fmul)
    x$fpl$frleqf                             0x000033e0   Section       88  frlef.o(x$fpl$frleqf)
    x$fpl$fsub                               0x00003438   Section      208  faddsub.o(x$fpl$fsub)
    _fsub1                                   0x00003445   Thumb Code     0  faddsub.o(x$fpl$fsub)
    x$fpl$printf1                            0x00003508   Section       16  printf1.o(x$fpl$printf1)
    .constdata                               0x00003518   Section       17  __printf_flags_ss_wp.o(.constdata)
    maptable                                 0x00003518   Data          17  __printf_flags_ss_wp.o(.constdata)
    .constdata                               0x00003529   Section      128  ddiv.o(.constdata)
    ddiv_reciptbl                            0x00003529   Data         128  ddiv.o(.constdata)
    .constdata                               0x000035a9   Section       64  fdiv.o(.constdata)
    fdiv_tab                                 0x000035a9   Data          64  fdiv.o(.constdata)
    .constdata                               0x000035ec   Section        8  _printf_wctomb.o(.constdata)
    initial_mbstate                          0x000035ec   Data           8  _printf_wctomb.o(.constdata)
    .constdata                               0x000035f4   Section       40  _printf_hex_int_ll_ptr.o(.constdata)
    uc_hextab                                0x000035f4   Data          20  _printf_hex_int_ll_ptr.o(.constdata)
    lc_hextab                                0x00003608   Data          20  _printf_hex_int_ll_ptr.o(.constdata)
    .constdata                               0x0000361c   Section      148  bigflt0.o(.constdata)
    tenpwrs_x                                0x0000361c   Data          60  bigflt0.o(.constdata)
    tenpwrs_i                                0x00003658   Data          64  bigflt0.o(.constdata)
    locale$$data                             0x000036d0   Section      272  lc_ctype_c.o(locale$$data)
    __lcctype_c_name                         0x000036d4   Data           2  lc_ctype_c.o(locale$$data)
    __lcctype_c_start                        0x000036dc   Data           0  lc_ctype_c.o(locale$$data)
    locale$$data                             0x000037e0   Section       28  lc_numeric_c.o(locale$$data)
    __lcctype_c_end                          0x000037e0   Data           0  lc_ctype_c.o(locale$$data)
    __lcnum_c_name                           0x000037e4   Data           2  lc_numeric_c.o(locale$$data)
    __lcnum_c_start                          0x000037ec   Data           0  lc_numeric_c.o(locale$$data)
    __lcnum_c_point                          0x000037f8   Data           0  lc_numeric_c.o(locale$$data)
    __lcnum_c_thousands                      0x000037fa   Data           0  lc_numeric_c.o(locale$$data)
    __lcnum_c_grouping                       0x000037fb   Data           0  lc_numeric_c.o(locale$$data)
    __lcnum_c_end                            0x000037fc   Data           0  lc_numeric_c.o(locale$$data)
    .data                                    0x1ffff000   Section       12  timers.o(.data)
    LCD_update_delay                         0x1ffff008   Data           4  timers.o(.data)
    .data                                    0x1ffff00c   Section       12  uart.o(.data)
    .data                                    0x1ffff018   Section        9  gps.o(.data)
    .bss                                     0x1ffff024   Section      768  main.o(.bss)
    .bss                                     0x1ffff324   Section     1072  uart.o(.bss)
    .bss                                     0x1ffff754   Section       32  gps.o(.bss)
    .bss                                     0x1ffff774   Section       96  libspace.o(.bss)
    HEAP                                     0x1ffff7d8   Section        0  startup_mkl25z4.o(HEAP)
    STACK                                    0x1ffff7d8   Section     1024  startup_mkl25z4.o(STACK)
    Heap_Mem                                 0x1ffff7d8   Data           0  startup_mkl25z4.o(HEAP)
    Stack_Mem                                0x1ffff7d8   Data        1024  startup_mkl25z4.o(STACK)
    __initial_sp                             0x1ffffbd8   Data           0  startup_mkl25z4.o(STACK)

    Global Symbols

    Symbol Name                              Value     Ov Type        Size  Object(Section)

    BuildAttributes$$THM_ISAv3M$S$PE$A:L22$X:L11$S22$IEEE1$IW$USESV6$~STKCKD$USESV7$~SHL$OTIME$ROPI$IEEEX$EBA8$UX$STANDARDLIB$REQ8$PRES8$EABIv2 0x00000000   Number         0  anon$$obj.o ABSOLUTE
    __ARM_use_no_argv                        0x00000000   Number         0  main.o ABSOLUTE
    __Vectors                                0x00000000   Data           4  startup_mkl25z4.o(RESET)
    _printf_flags                            0x00000000   Number         0  printf_stubs.o ABSOLUTE
    _printf_return_value                     0x00000000   Number         0  printf_stubs.o ABSOLUTE
    _printf_sizespec                         0x00000000   Number         0  printf_stubs.o ABSOLUTE
    _printf_widthprec                        0x00000000   Number         0  printf_stubs.o ABSOLUTE
    __ARM_exceptions_init                     - Undefined Weak Reference
    __alloca_initialize                       - Undefined Weak Reference
    __arm_preinit_                            - Undefined Weak Reference
    __cpp_initialize__aeabi_                  - Undefined Weak Reference
    __cxa_finalize                            - Undefined Weak Reference
    __sigvec_lookup                           - Undefined Weak Reference
    _atexit_init                              - Undefined Weak Reference
    _call_atexit_fns                          - Undefined Weak Reference
    _clock_init                               - Undefined Weak Reference
    _fp_trap_init                             - Undefined Weak Reference
    _fp_trap_shutdown                         - Undefined Weak Reference
    _get_lc_collate                           - Undefined Weak Reference
    _get_lc_monetary                          - Undefined Weak Reference
    _get_lc_time                              - Undefined Weak Reference
    _getenv_init                              - Undefined Weak Reference
    _handle_redirection                       - Undefined Weak Reference
    _init_alloc                               - Undefined Weak Reference
    _init_user_alloc                          - Undefined Weak Reference
    _initio                                   - Undefined Weak Reference
    _mutex_acquire                            - Undefined Weak Reference
    _mutex_release                            - Undefined Weak Reference
    _printf_fp_hex                            - Undefined Weak Reference
    _printf_mbtowc                            - Undefined Weak Reference
    _printf_wc                                - Undefined Weak Reference
    _rand_init                                - Undefined Weak Reference
    _signal_finish                            - Undefined Weak Reference
    _signal_init                              - Undefined Weak Reference
    _terminate_alloc                          - Undefined Weak Reference
    _terminate_user_alloc                     - Undefined Weak Reference
    _terminateio                              - Undefined Weak Reference
    __Vectors_End                            0x000000c0   Data           0  startup_mkl25z4.o(RESET)
    __Vectors_Size                           0x000000c0   Number         0  startup_mkl25z4.o ABSOLUTE
    __main                                   0x000000c1   Thumb Code     8  __main.o(!!!main)
    __scatterload                            0x000000c9   Thumb Code     0  __scatter.o(!!!scatter)
    __scatterload_rt2                        0x000000c9   Thumb Code    52  __scatter.o(!!!scatter)
    __scatterload_rt2_thumb_only             0x000000c9   Thumb Code     0  __scatter.o(!!!scatter)
    __scatterload_null                       0x000000d9   Thumb Code     0  __scatter.o(!!!scatter)
    __scatterload_copy                       0x00000105   Thumb Code    26  __scatter_copy.o(!!handler_copy)
    __scatterload_zeroinit                   0x00000121   Thumb Code    28  __scatter_zi.o(!!handler_zi)
    _printf_percent                          0x0000013d   Thumb Code     0  _printf_percent.o(.ARM.Collect$$_printf_percent$$00000000)
    _printf_n                                0x0000013f   Thumb Code     0  _printf_n.o(.ARM.Collect$$_printf_percent$$00000001)
    _printf_p                                0x00000149   Thumb Code     0  _printf_p.o(.ARM.Collect$$_printf_percent$$00000002)
    _printf_f                                0x00000153   Thumb Code     0  _printf_f.o(.ARM.Collect$$_printf_percent$$00000003)
    _printf_e                                0x0000015d   Thumb Code     0  _printf_e.o(.ARM.Collect$$_printf_percent$$00000004)
    _printf_g                                0x00000167   Thumb Code     0  _printf_g.o(.ARM.Collect$$_printf_percent$$00000005)
    _printf_a                                0x00000171   Thumb Code     0  _printf_a.o(.ARM.Collect$$_printf_percent$$00000006)
    _printf_ll                               0x0000017b   Thumb Code     0  _printf_ll.o(.ARM.Collect$$_printf_percent$$00000007)
    _printf_i                                0x00000185   Thumb Code     0  _printf_i.o(.ARM.Collect$$_printf_percent$$00000008)
    _printf_d                                0x0000018f   Thumb Code     0  _printf_d.o(.ARM.Collect$$_printf_percent$$00000009)
    _printf_u                                0x00000199   Thumb Code     0  _printf_u.o(.ARM.Collect$$_printf_percent$$0000000A)
    _printf_o                                0x000001a3   Thumb Code     0  _printf_o.o(.ARM.Collect$$_printf_percent$$0000000B)
    _printf_x                                0x000001ad   Thumb Code     0  _printf_x.o(.ARM.Collect$$_printf_percent$$0000000C)
    _printf_lli                              0x000001b7   Thumb Code     0  _printf_lli.o(.ARM.Collect$$_printf_percent$$0000000D)
    _printf_lld                              0x000001c1   Thumb Code     0  _printf_lld.o(.ARM.Collect$$_printf_percent$$0000000E)
    _printf_llu                              0x000001cb   Thumb Code     0  _printf_llu.o(.ARM.Collect$$_printf_percent$$0000000F)
    _printf_llo                              0x000001d5   Thumb Code     0  _printf_llo.o(.ARM.Collect$$_printf_percent$$00000010)
    _printf_llx                              0x000001df   Thumb Code     0  _printf_llx.o(.ARM.Collect$$_printf_percent$$00000011)
    _printf_l                                0x000001e9   Thumb Code     0  _printf_l.o(.ARM.Collect$$_printf_percent$$00000012)
    _printf_c                                0x000001f3   Thumb Code     0  _printf_c.o(.ARM.Collect$$_printf_percent$$00000013)
    _printf_s                                0x000001fd   Thumb Code     0  _printf_s.o(.ARM.Collect$$_printf_percent$$00000014)
    _printf_lc                               0x00000207   Thumb Code     0  _printf_lc.o(.ARM.Collect$$_printf_percent$$00000015)
    _printf_ls                               0x00000211   Thumb Code     0  _printf_ls.o(.ARM.Collect$$_printf_percent$$00000016)
    _printf_percent_end                      0x0000021b   Thumb Code     0  _printf_percent_end.o(.ARM.Collect$$_printf_percent$$00000017)
    __rt_lib_init                            0x0000021f   Thumb Code     0  libinit.o(.ARM.Collect$$libinit$$00000000)
    __rt_lib_init_fp_1                       0x00000221   Thumb Code     0  libinit2.o(.ARM.Collect$$libinit$$00000002)
    __rt_lib_init_heap_1                     0x00000221   Thumb Code     0  libinit2.o(.ARM.Collect$$libinit$$0000000A)
    __rt_lib_init_lc_common                  0x00000221   Thumb Code     0  libinit2.o(.ARM.Collect$$libinit$$0000000F)
    __rt_lib_init_preinit_1                  0x00000221   Thumb Code     0  libinit2.o(.ARM.Collect$$libinit$$00000004)
    __rt_lib_init_rand_1                     0x00000221   Thumb Code     0  libinit2.o(.ARM.Collect$$libinit$$0000000E)
    __rt_lib_init_user_alloc_1               0x00000221   Thumb Code     0  libinit2.o(.ARM.Collect$$libinit$$0000000C)
    __rt_lib_init_lc_collate_1               0x00000227   Thumb Code     0  libinit2.o(.ARM.Collect$$libinit$$00000011)
    __rt_lib_init_lc_ctype_2                 0x00000227   Thumb Code     0  libinit2.o(.ARM.Collect$$libinit$$00000012)
    __rt_lib_init_lc_ctype_1                 0x00000233   Thumb Code     0  libinit2.o(.ARM.Collect$$libinit$$00000013)
    __rt_lib_init_lc_monetary_1              0x00000233   Thumb Code     0  libinit2.o(.ARM.Collect$$libinit$$00000015)
    __rt_lib_init_lc_numeric_2               0x00000233   Thumb Code     0  libinit2.o(.ARM.Collect$$libinit$$00000016)
    __rt_lib_init_alloca_1                   0x0000023d   Thumb Code     0  libinit2.o(.ARM.Collect$$libinit$$0000002E)
    __rt_lib_init_argv_1                     0x0000023d   Thumb Code     0  libinit2.o(.ARM.Collect$$libinit$$0000002C)
    __rt_lib_init_atexit_1                   0x0000023d   Thumb Code     0  libinit2.o(.ARM.Collect$$libinit$$0000001B)
    __rt_lib_init_clock_1                    0x0000023d   Thumb Code     0  libinit2.o(.ARM.Collect$$libinit$$00000021)
    __rt_lib_init_cpp_1                      0x0000023d   Thumb Code     0  libinit2.o(.ARM.Collect$$libinit$$00000032)
    __rt_lib_init_exceptions_1               0x0000023d   Thumb Code     0  libinit2.o(.ARM.Collect$$libinit$$00000030)
    __rt_lib_init_fp_trap_1                  0x0000023d   Thumb Code     0  libinit2.o(.ARM.Collect$$libinit$$0000001F)
    __rt_lib_init_getenv_1                   0x0000023d   Thumb Code     0  libinit2.o(.ARM.Collect$$libinit$$00000023)
    __rt_lib_init_lc_numeric_1               0x0000023d   Thumb Code     0  libinit2.o(.ARM.Collect$$libinit$$00000017)
    __rt_lib_init_lc_time_1                  0x0000023d   Thumb Code     0  libinit2.o(.ARM.Collect$$libinit$$00000019)
    __rt_lib_init_return                     0x0000023d   Thumb Code     0  libinit2.o(.ARM.Collect$$libinit$$00000033)
    __rt_lib_init_signal_1                   0x0000023d   Thumb Code     0  libinit2.o(.ARM.Collect$$libinit$$0000001D)
    __rt_lib_init_stdio_1                    0x0000023d   Thumb Code     0  libinit2.o(.ARM.Collect$$libinit$$00000025)
    __rt_lib_shutdown                        0x0000023f   Thumb Code     0  libshutdown.o(.ARM.Collect$$libshutdown$$00000000)
    __rt_lib_shutdown_cpp_1                  0x00000241   Thumb Code     0  libshutdown2.o(.ARM.Collect$$libshutdown$$00000002)
    __rt_lib_shutdown_fp_trap_1              0x00000241   Thumb Code     0  libshutdown2.o(.ARM.Collect$$libshutdown$$00000007)
    __rt_lib_shutdown_heap_1                 0x00000241   Thumb Code     0  libshutdown2.o(.ARM.Collect$$libshutdown$$0000000F)
    __rt_lib_shutdown_return                 0x00000241   Thumb Code     0  libshutdown2.o(.ARM.Collect$$libshutdown$$00000010)
    __rt_lib_shutdown_signal_1               0x00000241   Thumb Code     0  libshutdown2.o(.ARM.Collect$$libshutdown$$0000000A)
    __rt_lib_shutdown_stdio_1                0x00000241   Thumb Code     0  libshutdown2.o(.ARM.Collect$$libshutdown$$00000004)
    __rt_lib_shutdown_user_alloc_1           0x00000241   Thumb Code     0  libshutdown2.o(.ARM.Collect$$libshutdown$$0000000C)
    __rt_entry                               0x00000243   Thumb Code     0  __rtentry.o(.ARM.Collect$$rtentry$$00000000)
    __rt_entry_presh_1                       0x00000243   Thumb Code     0  __rtentry2.o(.ARM.Collect$$rtentry$$00000002)
    __rt_entry_sh                            0x00000243   Thumb Code     0  __rtentry4.o(.ARM.Collect$$rtentry$$00000004)
    __rt_entry_li                            0x00000249   Thumb Code     0  __rtentry2.o(.ARM.Collect$$rtentry$$0000000A)
    __rt_entry_postsh_1                      0x00000249   Thumb Code     0  __rtentry2.o(.ARM.Collect$$rtentry$$00000009)
    __rt_entry_main                          0x0000024d   Thumb Code     0  __rtentry2.o(.ARM.Collect$$rtentry$$0000000D)
    __rt_entry_postli_1                      0x0000024d   Thumb Code     0  __rtentry2.o(.ARM.Collect$$rtentry$$0000000C)
    __rt_exit                                0x00000255   Thumb Code     0  rtexit.o(.ARM.Collect$$rtexit$$00000000)
    __rt_exit_ls                             0x00000257   Thumb Code     0  rtexit2.o(.ARM.Collect$$rtexit$$00000003)
    __rt_exit_prels_1                        0x00000257   Thumb Code     0  rtexit2.o(.ARM.Collect$$rtexit$$00000002)
    __rt_exit_exit                           0x0000025b   Thumb Code     0  rtexit2.o(.ARM.Collect$$rtexit$$00000004)
    Reset_Handler                            0x00000261   Thumb Code    12  startup_mkl25z4.o(.text)
    NMI_Handler                              0x0000026d   Thumb Code     2  startup_mkl25z4.o(.text)
    HardFault_Handler                        0x0000026f   Thumb Code     2  startup_mkl25z4.o(.text)
    SVC_Handler                              0x00000271   Thumb Code     2  startup_mkl25z4.o(.text)
    PendSV_Handler                           0x00000273   Thumb Code     2  startup_mkl25z4.o(.text)
    SysTick_Handler                          0x00000275   Thumb Code     2  startup_mkl25z4.o(.text)
    ADC0_IRQHandler                          0x00000277   Thumb Code     0  startup_mkl25z4.o(.text)
    CMP0_IRQHandler                          0x00000277   Thumb Code     0  startup_mkl25z4.o(.text)
    DAC0_IRQHandler                          0x00000277   Thumb Code     0  startup_mkl25z4.o(.text)
    DMA0_IRQHandler                          0x00000277   Thumb Code     0  startup_mkl25z4.o(.text)
    DMA1_IRQHandler                          0x00000277   Thumb Code     0  startup_mkl25z4.o(.text)
    DMA2_IRQHandler                          0x00000277   Thumb Code     0  startup_mkl25z4.o(.text)
    DMA3_IRQHandler                          0x00000277   Thumb Code     0  startup_mkl25z4.o(.text)
    DefaultISR                               0x00000277   Thumb Code     0  startup_mkl25z4.o(.text)
    FTFA_IRQHandler                          0x00000277   Thumb Code     0  startup_mkl25z4.o(.text)
    I2C0_IRQHandler                          0x00000277   Thumb Code     0  startup_mkl25z4.o(.text)
    I2C1_IRQHandler                          0x00000277   Thumb Code     0  startup_mkl25z4.o(.text)
    LLWU_IRQHandler                          0x00000277   Thumb Code     0  startup_mkl25z4.o(.text)
    LPTMR0_IRQHandler                        0x00000277   Thumb Code     0  startup_mkl25z4.o(.text)
    LVD_LVW_IRQHandler                       0x00000277   Thumb Code     0  startup_mkl25z4.o(.text)
    MCG_IRQHandler                           0x00000277   Thumb Code     0  startup_mkl25z4.o(.text)
    PORTA_IRQHandler                         0x00000277   Thumb Code     0  startup_mkl25z4.o(.text)
    PORTD_IRQHandler                         0x00000277   Thumb Code     0  startup_mkl25z4.o(.text)
    RTC_IRQHandler                           0x00000277   Thumb Code     0  startup_mkl25z4.o(.text)
    RTC_Seconds_IRQHandler                   0x00000277   Thumb Code     0  startup_mkl25z4.o(.text)
    Reserved20_IRQHandler                    0x00000277   Thumb Code     0  startup_mkl25z4.o(.text)
    Reserved39_IRQHandler                    0x00000277   Thumb Code     0  startup_mkl25z4.o(.text)
    Reserved45_IRQHandler                    0x00000277   Thumb Code     0  startup_mkl25z4.o(.text)
    SPI0_IRQHandler                          0x00000277   Thumb Code     0  startup_mkl25z4.o(.text)
    SPI1_IRQHandler                          0x00000277   Thumb Code     0  startup_mkl25z4.o(.text)
    TPM0_IRQHandler                          0x00000277   Thumb Code     0  startup_mkl25z4.o(.text)
    TPM1_IRQHandler                          0x00000277   Thumb Code     0  startup_mkl25z4.o(.text)
    TPM2_IRQHandler                          0x00000277   Thumb Code     0  startup_mkl25z4.o(.text)
    TSI0_IRQHandler                          0x00000277   Thumb Code     0  startup_mkl25z4.o(.text)
    USB0_IRQHandler                          0x00000277   Thumb Code     0  startup_mkl25z4.o(.text)
    __user_initial_stackheap                 0x0000027d   Thumb Code     0  startup_mkl25z4.o(.text)
    __c89printf                              0x000002a1   Thumb Code    22  c89printf.o(.text)
    __2printf                                0x000002bd   Thumb Code    22  __2printf.o(.text)
    _printf_pre_padding                      0x000002d9   Thumb Code    44  _printf_pad.o(.text)
    _printf_post_padding                     0x00000305   Thumb Code    34  _printf_pad.o(.text)
    _printf_str                              0x00000327   Thumb Code    82  _printf_str.o(.text)
    _printf_int_dec                          0x00000379   Thumb Code    90  _printf_dec.o(.text)
    __use_two_region_memory                  0x000003e5   Thumb Code     2  heapauxi.o(.text)
    __rt_heap_escrow$2region                 0x000003e7   Thumb Code     2  heapauxi.o(.text)
    __rt_heap_expand$2region                 0x000003e9   Thumb Code     2  heapauxi.o(.text)
    __rt_ctype_table                         0x000003ed   Thumb Code    16  rt_ctype_table.o(.text)
    __I$use$semihosting                      0x000003fd   Thumb Code     0  use_no_semi.o(.text)
    __use_no_semihosting_swi                 0x000003fd   Thumb Code     2  use_no_semi.o(.text)
    __I$use$fp                               0x000003fe   Number         0  usenofp.o(x$fpl$usenofp)
    __semihosting_library_function           0x000003ff   Thumb Code     0  indicate_semi.o(.text)
    __printf                                 0x00000411   Thumb Code   386  __printf_flags_ss_wp.o(.text)
    strtol                                   0x00000599   Thumb Code   108  strtol.o(.text)
    __aeabi_uidiv                            0x00000609   Thumb Code     0  aeabi_sdiv.o(.text)
    __aeabi_uidivmod                         0x00000609   Thumb Code    20  aeabi_sdiv.o(.text)
    __aeabi_idiv                             0x0000061d   Thumb Code     0  aeabi_sdiv.o(.text)
    __aeabi_idivmod                          0x0000061d   Thumb Code   326  aeabi_sdiv.o(.text)
    __aeabi_ddiv                             0x00000765   Thumb Code     0  ddiv.o(.text)
    _ddiv                                    0x00000765   Thumb Code  1072  ddiv.o(.text)
    _drdiv                                   0x00000b95   Thumb Code    20  ddiv.o(.text)
    __aeabi_d2uiz                            0x00000bad   Thumb Code     0  dfixui.o(.text)
    _dfixu                                   0x00000bad   Thumb Code    68  dfixui.o(.text)
    __aeabi_i2d_normalise                    0x00000bf5   Thumb Code    66  dflti.o(.text)
    __aeabi_i2d                              0x00000c37   Thumb Code    16  dflti.o(.text)
    _dflt                                    0x00000c37   Thumb Code     0  dflti.o(.text)
    __aeabi_ui2d                             0x00000c47   Thumb Code     6  dflti.o(.text)
    _dfltu                                   0x00000c47   Thumb Code     0  dflti.o(.text)
    __aeabi_f2d                              0x00000c4d   Thumb Code     0  f2d.o(.text)
    _f2d                                     0x00000c4d   Thumb Code    80  f2d.o(.text)
    __aeabi_fdiv                             0x00000ca1   Thumb Code     0  fdiv.o(.text)
    _fdiv                                    0x00000ca1   Thumb Code   334  fdiv.o(.text)
    _frdiv                                   0x00000def   Thumb Code     8  fdiv.o(.text)
    __aeabi_f2iz                             0x00000e01   Thumb Code     0  ffixi.o(.text)
    _ffix                                    0x00000e01   Thumb Code    76  ffixi.o(.text)
    __aeabi_i2f_normalise                    0x00000e4d   Thumb Code    72  fflti.o(.text)
    __aeabi_i2f                              0x00000e95   Thumb Code    16  fflti.o(.text)
    _fflt                                    0x00000e95   Thumb Code     0  fflti.o(.text)
    __aeabi_ui2f                             0x00000ea5   Thumb Code     6  fflti.o(.text)
    _ffltu                                   0x00000ea5   Thumb Code     0  fflti.o(.text)
    __aeabi_errno_addr                       0x00000ead   Thumb Code     8  rt_errno_addr_intlibspace.o(.text)
    __errno$intlibspace                      0x00000ead   Thumb Code     0  rt_errno_addr_intlibspace.o(.text)
    __rt_errno_addr$intlibspace              0x00000ead   Thumb Code     0  rt_errno_addr_intlibspace.o(.text)
    _printf_truncate_signed                  0x00000eb5   Thumb Code    18  _printf_truncate.o(.text)
    _printf_truncate_unsigned                0x00000ec7   Thumb Code    18  _printf_truncate.o(.text)
    _printf_int_common                       0x00000ed9   Thumb Code   176  _printf_intcommon.o(.text)
    _printf_charcount                        0x00000f89   Thumb Code    38  _printf_charcount.o(.text)
    __lib_sel_fp_printf                      0x00000fb1   Thumb Code     2  _printf_fp_dec.o(.text)
    _printf_fp_dec_real                      0x0000114b   Thumb Code   620  _printf_fp_dec.o(.text)
    _printf_cs_common                        0x000013c5   Thumb Code    22  _printf_char.o(.text)
    _printf_char                             0x000013db   Thumb Code    16  _printf_char.o(.text)
    _printf_string                           0x000013eb   Thumb Code     8  _printf_char.o(.text)
    _printf_char_file                        0x000013f5   Thumb Code    34  _printf_char_file.o(.text)
    _printf_wctomb                           0x0000141d   Thumb Code   182  _printf_wctomb.o(.text)
    _printf_longlong_dec                     0x000014d9   Thumb Code    94  _printf_longlong_dec.o(.text)
    _printf_longlong_oct                     0x00001549   Thumb Code    68  _printf_oct_int_ll.o(.text)
    _printf_int_oct                          0x0000158d   Thumb Code    24  _printf_oct_int_ll.o(.text)
    _printf_ll_oct                           0x000015a5   Thumb Code    10  _printf_oct_int_ll.o(.text)
    _printf_longlong_hex                     0x000015b9   Thumb Code    88  _printf_hex_int_ll_ptr.o(.text)
    _printf_int_hex                          0x00001611   Thumb Code    28  _printf_hex_int_ll_ptr.o(.text)
    _printf_ll_hex                           0x0000162d   Thumb Code    10  _printf_hex_int_ll_ptr.o(.text)
    _printf_hex_ptr                          0x00001637   Thumb Code    22  _printf_hex_int_ll_ptr.o(.text)
    _strtoul                                 0x00001651   Thumb Code   166  _strtoul.o(.text)
    __rt_udiv10                              0x000016f7   Thumb Code    40  rtudiv10.o(.text)
    __fpl_fcmp_InfNaN                        0x00001721   Thumb Code    96  fcmpin.o(.text)
    __user_libspace                          0x00001785   Thumb Code     8  libspace.o(.text)
    __user_perproc_libspace                  0x00001785   Thumb Code     0  libspace.o(.text)
    __user_perthread_libspace                0x00001785   Thumb Code     0  libspace.o(.text)
    __rt_locale                              0x0000178d   Thumb Code     8  rt_locale_intlibspace.o(.text)
    _ll_udiv10                               0x00001795   Thumb Code   122  lludiv10.o(.text)
    _printf_char_common                      0x0000181b   Thumb Code    32  _printf_char_common.o(.text)
    _printf_fp_infnan                        0x00001841   Thumb Code   120  _printf_fp_infnan.o(.text)
    _printf_lcs_common                       0x000018c9   Thumb Code    22  _printf_wchar.o(.text)
    _printf_wchar                            0x000018df   Thumb Code    16  _printf_wchar.o(.text)
    _printf_wstring                          0x000018ef   Thumb Code     8  _printf_wchar.o(.text)
    _chval                                   0x000018f7   Thumb Code    30  _chval.o(.text)
    _btod_etento                             0x00001915   Thumb Code   196  bigflt0.o(.text)
    _btod_d2e                                0x000019dd   Thumb Code    64  btod.o(.text)
    _btod_emul                               0x00001dd3   Thumb Code    24  btod.o(.text)
    _btod_emuld                              0x00001deb   Thumb Code    60  btod.o(.text)
    _btod_ediv                               0x00001e27   Thumb Code    22  btod.o(.text)
    _btod_edivd                              0x00001e3d   Thumb Code    60  btod.o(.text)
    ferror                                   0x00001e85   Thumb Code     8  ferror.o(.text)
    _wcrtomb                                 0x00001e8d   Thumb Code    64  _wcrtomb.o(.text)
    __fpl_cmpreturn                          0x00001ecd   Thumb Code    46  cmpret.o(.text)
    __fpl_fcheck_NaN2                        0x00001efd   Thumb Code    10  fnan2.o(.text)
    __user_setup_stackheap                   0x00001f0d   Thumb Code    62  sys_stackheap_outer.o(.text)
    exit                                     0x00001f4b   Thumb Code    16  exit.o(.text)
    strcmp                                   0x00001f5d   Thumb Code   132  strcmp.o(.text)
    __fpl_return_NaN                         0x00001fe5   Thumb Code    94  retnan.o(.text)
    _sys_exit                                0x00002045   Thumb Code     8  sys_exit.o(.text)
    Control_RGB_LEDs                         0x00002051   Thumb Code    70  leds.o(i.Control_RGB_LEDs)
    Convert_Number_to_Float                  0x0000209d   Thumb Code   966  gps.o(i.Convert_Number_to_Float)
    Decode_GPS                               0x00002479   Thumb Code   292  gps.o(i.Decode_GPS)
    Decode_HeaderGPS                         0x000025c5   Thumb Code   102  gps.o(i.Decode_HeaderGPS)
    Get_Num_Rx_Chars_Available               0x00002651   Thumb Code    10  uart.o(i.Get_Num_Rx_Chars_Available)
    Init_RGB_LEDs                            0x00002661   Thumb Code   124  leds.o(i.Init_RGB_LEDs)
    Init_UART0                               0x000026ed   Thumb Code   214  uart.o(i.Init_UART0)
    Init_UART2                               0x000027e1   Thumb Code   150  uart.o(i.Init_UART2)
    PIT_IRQHandler                           0x00002945   Thumb Code   100  timers.o(i.PIT_IRQHandler)
    Q_Dequeue                                0x000029b9   Thumb Code    68  queue.o(i.Q_Dequeue)
    Q_Empty                                  0x000029fd   Thumb Code    20  queue.o(i.Q_Empty)
    Q_Enqueue                                0x00002a11   Thumb Code    60  queue.o(i.Q_Enqueue)
    Q_Full                                   0x00002a4d   Thumb Code    24  queue.o(i.Q_Full)
    Q_Init                                   0x00002a65   Thumb Code    32  queue.o(i.Q_Init)
    Q_Size                                   0x00002a85   Thumb Code    10  queue.o(i.Q_Size)
    SystemInit                               0x00002a91   Thumb Code   266  system_mkl25z4.o(i.SystemInit)
    Task_NMEA_Decode                         0x00002bc9   Thumb Code    60  gps.o(i.Task_NMEA_Decode)
    Task_Report_Drift                        0x00002c29   Thumb Code    88  gps.o(i.Task_Report_Drift)
    UART0_IRQHandler                         0x00002cb5   Thumb Code   130  uart.o(i.UART0_IRQHandler)
    UART1_IRQHandler                         0x00002d59   Thumb Code   110  uart.o(i.UART1_IRQHandler)
    UART2_IRQHandler                         0x00002dd9   Thumb Code   110  uart.o(i.UART2_IRQHandler)
    __ARM_common_ll_muluu                    0x00002e59   Thumb Code    48  btod.o(i.__ARM_common_ll_muluu)
    __ARM_common_switch8                     0x00002e89   Thumb Code    28  gps.o(i.__ARM_common_switch8)
    __ARM_fpclassify                         0x00002ea5   Thumb Code    40  fpclassify.o(i.__ARM_fpclassify)
    _is_digit                                0x00002ed1   Thumb Code    14  __printf_wp.o(i._is_digit)
    checksum                                 0x00002ee1   Thumb Code    72  gps.o(i.checksum)
    fputc                                    0x00002f31   Thumb Code    32  uart.o(i.fputc)
    main                                     0x00002f55   Thumb Code   568  main.o(i.main)
    _get_lc_ctype                            0x000031f9   Thumb Code    44  lc_ctype_c.o(locale$$code)
    _get_lc_numeric                          0x00003225   Thumb Code    44  lc_numeric_c.o(locale$$code)
    __aeabi_fadd                             0x00003251   Thumb Code     0  faddsub.o(x$fpl$fadd)
    _fadd                                    0x00003251   Thumb Code   134  faddsub.o(x$fpl$fadd)
    __aeabi_cfcmple                          0x000032dd   Thumb Code     0  flef.o(x$fpl$fleqf)
    _fcmple                                  0x000032dd   Thumb Code    78  flef.o(x$fpl$fleqf)
    __aeabi_fmul                             0x00003331   Thumb Code     0  fmul.o(x$fpl$fmul)
    _fmul                                    0x00003331   Thumb Code   172  fmul.o(x$fpl$fmul)
    __aeabi_cfrcmple                         0x000033e1   Thumb Code     0  frlef.o(x$fpl$frleqf)
    _frcmple                                 0x000033e1   Thumb Code    84  frlef.o(x$fpl$frleqf)
    __aeabi_fsub                             0x00003439   Thumb Code     0  faddsub.o(x$fpl$fsub)
    _fsub                                    0x00003439   Thumb Code   204  faddsub.o(x$fpl$fsub)
    _printf_fp_dec                           0x00003509   Thumb Code    16  printf1.o(x$fpl$printf1)
    Region$$Table$$Base                      0x000036b0   Number         0  anon$$obj.o(Region$$Table)
    Region$$Table$$Limit                     0x000036d0   Number         0  anon$$obj.o(Region$$Table)
    __ctype                                  0x000036dd   Data           0  lc_ctype_c.o(locale$$data)
    PIT_interrupt_counter                    0x1ffff000   Data           4  timers.o(.data)
    LCD_update_requested                     0x1ffff004   Data           4  timers.o(.data)
    message_received                         0x1ffff00c   Data           1  uart.o(.data)
    GPS_message_received                     0x1ffff00d   Data           1  uart.o(.data)
    iot_message_received                     0x1ffff00e   Data           1  uart.o(.data)
    __stdout                                 0x1ffff010   Data           4  uart.o(.data)
    __stdin                                  0x1ffff014   Data           4  uart.o(.data)
    message_type                             0x1ffff018   Data           4  gps.o(.data)
    given_sum                                0x1ffff01c   Data           4  gps.o(.data)
    direction                                0x1ffff020   Data           1  gps.o(.data)
    input_message                            0x1ffff024   Data         256  main.o(.bss)
    terminal_message                         0x1ffff124   Data         256  main.o(.bss)
    iot_message                              0x1ffff224   Data         256  main.o(.bss)
    TxQ                                      0x1ffff324   Data         268  uart.o(.bss)
    RxQ                                      0x1ffff430   Data         268  uart.o(.bss)
    WTxQ                                     0x1ffff53c   Data         268  uart.o(.bss)
    WRxQ                                     0x1ffff648   Data         268  uart.o(.bss)
    GPS_Message                              0x1ffff754   Data          32  gps.o(.bss)
    __libspace_start                         0x1ffff774   Data          96  libspace.o(.bss)
    __temporary_stack_top$libspace           0x1ffff7d4   Data           0  libspace.o(.bss)



==============================================================================

Memory Map of the image

  Image Entry point : 0x00000261

  Load Region LR_1 (Base: 0x00000000, Size: 0x00003820, Max: 0xffffffff, ABSOLUTE)

    Execution Region ER_RO (Base: 0x00000000, Size: 0x000037fc, Max: 0xffffffff, ABSOLUTE)

    Base Addr    Size         Type   Attr      Idx    E Section Name        Object

    0x00000000   0x000000c0   Data   RO          761    RESET               startup_mkl25z4.o
    0x000000c0   0x00000008   Code   RO          849  * !!!main             c_p.l(__main.o)
    0x000000c8   0x0000003c   Code   RO         1263    !!!scatter          c_p.l(__scatter.o)
    0x00000104   0x0000001a   Code   RO         1265    !!handler_copy      c_p.l(__scatter_copy.o)
    0x0000011e   0x00000002   PAD
    0x00000120   0x0000001c   Code   RO         1267    !!handler_zi        c_p.l(__scatter_zi.o)
    0x0000013c   0x00000002   Code   RO          840    .ARM.Collect$$_printf_percent$$00000000  c_p.l(_printf_percent.o)
    0x0000013e   0x0000000a   Code   RO          976    .ARM.Collect$$_printf_percent$$00000001  c_p.l(_printf_n.o)
    0x00000148   0x0000000a   Code   RO          978    .ARM.Collect$$_printf_percent$$00000002  c_p.l(_printf_p.o)
    0x00000152   0x0000000a   Code   RO          839    .ARM.Collect$$_printf_percent$$00000003  c_p.l(_printf_f.o)
    0x0000015c   0x0000000a   Code   RO          982    .ARM.Collect$$_printf_percent$$00000004  c_p.l(_printf_e.o)
    0x00000166   0x0000000a   Code   RO          983    .ARM.Collect$$_printf_percent$$00000005  c_p.l(_printf_g.o)
    0x00000170   0x0000000a   Code   RO          984    .ARM.Collect$$_printf_percent$$00000006  c_p.l(_printf_a.o)
    0x0000017a   0x0000000a   Code   RO          989    .ARM.Collect$$_printf_percent$$00000007  c_p.l(_printf_ll.o)
    0x00000184   0x0000000a   Code   RO          838    .ARM.Collect$$_printf_percent$$00000008  c_p.l(_printf_i.o)
    0x0000018e   0x0000000a   Code   RO          980    .ARM.Collect$$_printf_percent$$00000009  c_p.l(_printf_d.o)
    0x00000198   0x0000000a   Code   RO          981    .ARM.Collect$$_printf_percent$$0000000A  c_p.l(_printf_u.o)
    0x000001a2   0x0000000a   Code   RO          979    .ARM.Collect$$_printf_percent$$0000000B  c_p.l(_printf_o.o)
    0x000001ac   0x0000000a   Code   RO          977    .ARM.Collect$$_printf_percent$$0000000C  c_p.l(_printf_x.o)
    0x000001b6   0x0000000a   Code   RO          986    .ARM.Collect$$_printf_percent$$0000000D  c_p.l(_printf_lli.o)
    0x000001c0   0x0000000a   Code   RO          987    .ARM.Collect$$_printf_percent$$0000000E  c_p.l(_printf_lld.o)
    0x000001ca   0x0000000a   Code   RO          988    .ARM.Collect$$_printf_percent$$0000000F  c_p.l(_printf_llu.o)
    0x000001d4   0x0000000a   Code   RO          993    .ARM.Collect$$_printf_percent$$00000010  c_p.l(_printf_llo.o)
    0x000001de   0x0000000a   Code   RO          994    .ARM.Collect$$_printf_percent$$00000011  c_p.l(_printf_llx.o)
    0x000001e8   0x0000000a   Code   RO          990    .ARM.Collect$$_printf_percent$$00000012  c_p.l(_printf_l.o)
    0x000001f2   0x0000000a   Code   RO          837    .ARM.Collect$$_printf_percent$$00000013  c_p.l(_printf_c.o)
    0x000001fc   0x0000000a   Code   RO          975    .ARM.Collect$$_printf_percent$$00000014  c_p.l(_printf_s.o)
    0x00000206   0x0000000a   Code   RO          991    .ARM.Collect$$_printf_percent$$00000015  c_p.l(_printf_lc.o)
    0x00000210   0x0000000a   Code   RO          992    .ARM.Collect$$_printf_percent$$00000016  c_p.l(_printf_ls.o)
    0x0000021a   0x00000004   Code   RO          985    .ARM.Collect$$_printf_percent$$00000017  c_p.l(_printf_percent_end.o)
    0x0000021e   0x00000002   Code   RO         1134    .ARM.Collect$$libinit$$00000000  c_p.l(libinit.o)
    0x00000220   0x00000000   Code   RO         1136    .ARM.Collect$$libinit$$00000002  c_p.l(libinit2.o)
    0x00000220   0x00000000   Code   RO         1138    .ARM.Collect$$libinit$$00000004  c_p.l(libinit2.o)
    0x00000220   0x00000000   Code   RO         1141    .ARM.Collect$$libinit$$0000000A  c_p.l(libinit2.o)
    0x00000220   0x00000000   Code   RO         1143    .ARM.Collect$$libinit$$0000000C  c_p.l(libinit2.o)
    0x00000220   0x00000000   Code   RO         1145    .ARM.Collect$$libinit$$0000000E  c_p.l(libinit2.o)
    0x00000220   0x00000006   Code   RO         1146    .ARM.Collect$$libinit$$0000000F  c_p.l(libinit2.o)
    0x00000226   0x00000000   Code   RO         1148    .ARM.Collect$$libinit$$00000011  c_p.l(libinit2.o)
    0x00000226   0x0000000c   Code   RO         1149    .ARM.Collect$$libinit$$00000012  c_p.l(libinit2.o)
    0x00000232   0x00000000   Code   RO         1150    .ARM.Collect$$libinit$$00000013  c_p.l(libinit2.o)
    0x00000232   0x00000000   Code   RO         1152    .ARM.Collect$$libinit$$00000015  c_p.l(libinit2.o)
    0x00000232   0x0000000a   Code   RO         1153    .ARM.Collect$$libinit$$00000016  c_p.l(libinit2.o)
    0x0000023c   0x00000000   Code   RO         1154    .ARM.Collect$$libinit$$00000017  c_p.l(libinit2.o)
    0x0000023c   0x00000000   Code   RO         1156    .ARM.Collect$$libinit$$00000019  c_p.l(libinit2.o)
    0x0000023c   0x00000000   Code   RO         1158    .ARM.Collect$$libinit$$0000001B  c_p.l(libinit2.o)
    0x0000023c   0x00000000   Code   RO         1160    .ARM.Collect$$libinit$$0000001D  c_p.l(libinit2.o)
    0x0000023c   0x00000000   Code   RO         1162    .ARM.Collect$$libinit$$0000001F  c_p.l(libinit2.o)
    0x0000023c   0x00000000   Code   RO         1164    .ARM.Collect$$libinit$$00000021  c_p.l(libinit2.o)
    0x0000023c   0x00000000   Code   RO         1166    .ARM.Collect$$libinit$$00000023  c_p.l(libinit2.o)
    0x0000023c   0x00000000   Code   RO         1168    .ARM.Collect$$libinit$$00000025  c_p.l(libinit2.o)
    0x0000023c   0x00000000   Code   RO         1172    .ARM.Collect$$libinit$$0000002C  c_p.l(libinit2.o)
    0x0000023c   0x00000000   Code   RO         1174    .ARM.Collect$$libinit$$0000002E  c_p.l(libinit2.o)
    0x0000023c   0x00000000   Code   RO         1176    .ARM.Collect$$libinit$$00000030  c_p.l(libinit2.o)
    0x0000023c   0x00000000   Code   RO         1178    .ARM.Collect$$libinit$$00000032  c_p.l(libinit2.o)
    0x0000023c   0x00000002   Code   RO         1179    .ARM.Collect$$libinit$$00000033  c_p.l(libinit2.o)
    0x0000023e   0x00000002   Code   RO         1229    .ARM.Collect$$libshutdown$$00000000  c_p.l(libshutdown.o)
    0x00000240   0x00000000   Code   RO         1247    .ARM.Collect$$libshutdown$$00000002  c_p.l(libshutdown2.o)
    0x00000240   0x00000000   Code   RO         1249    .ARM.Collect$$libshutdown$$00000004  c_p.l(libshutdown2.o)
    0x00000240   0x00000000   Code   RO         1252    .ARM.Collect$$libshutdown$$00000007  c_p.l(libshutdown2.o)
    0x00000240   0x00000000   Code   RO         1255    .ARM.Collect$$libshutdown$$0000000A  c_p.l(libshutdown2.o)
    0x00000240   0x00000000   Code   RO         1257    .ARM.Collect$$libshutdown$$0000000C  c_p.l(libshutdown2.o)
    0x00000240   0x00000000   Code   RO         1260    .ARM.Collect$$libshutdown$$0000000F  c_p.l(libshutdown2.o)
    0x00000240   0x00000002   Code   RO         1261    .ARM.Collect$$libshutdown$$00000010  c_p.l(libshutdown2.o)
    0x00000242   0x00000000   Code   RO          917    .ARM.Collect$$rtentry$$00000000  c_p.l(__rtentry.o)
    0x00000242   0x00000000   Code   RO         1049    .ARM.Collect$$rtentry$$00000002  c_p.l(__rtentry2.o)
    0x00000242   0x00000006   Code   RO         1061    .ARM.Collect$$rtentry$$00000004  c_p.l(__rtentry4.o)
    0x00000248   0x00000000   Code   RO         1051    .ARM.Collect$$rtentry$$00000009  c_p.l(__rtentry2.o)
    0x00000248   0x00000004   Code   RO         1052    .ARM.Collect$$rtentry$$0000000A  c_p.l(__rtentry2.o)
    0x0000024c   0x00000000   Code   RO         1054    .ARM.Collect$$rtentry$$0000000C  c_p.l(__rtentry2.o)
    0x0000024c   0x00000008   Code   RO         1055    .ARM.Collect$$rtentry$$0000000D  c_p.l(__rtentry2.o)
    0x00000254   0x00000002   Code   RO         1183    .ARM.Collect$$rtexit$$00000000  c_p.l(rtexit.o)
    0x00000256   0x00000000   Code   RO         1198    .ARM.Collect$$rtexit$$00000002  c_p.l(rtexit2.o)
    0x00000256   0x00000004   Code   RO         1199    .ARM.Collect$$rtexit$$00000003  c_p.l(rtexit2.o)
    0x0000025a   0x00000006   Code   RO         1200    .ARM.Collect$$rtexit$$00000004  c_p.l(rtexit2.o)
    0x00000260   0x00000040   Code   RO          763  * .text               startup_mkl25z4.o
    0x000002a0   0x0000001c   Code   RO          803    .text               c_p.l(c89printf.o)
    0x000002bc   0x0000001c   Code   RO          805    .text               c_p.l(__2printf.o)
    0x000002d8   0x0000004e   Code   RO          811    .text               c_p.l(_printf_pad.o)
    0x00000326   0x00000052   Code   RO          813    .text               c_p.l(_printf_str.o)
    0x00000378   0x0000006c   Code   RO          815    .text               c_p.l(_printf_dec.o)
    0x000003e4   0x00000006   Code   RO          847    .text               c_p.l(heapauxi.o)
    0x000003ea   0x00000002   PAD
    0x000003ec   0x00000010   Code   RO          918    .text               c_p.l(rt_ctype_table.o)
    0x000003fc   0x00000002   Code   RO         1216    .text               c_p.l(use_no_semi.o)
    0x000003fe   0x00000000   Code   RO         1218    .text               c_p.l(indicate_semi.o)
    0x000003fe   0x00000000   Code   RO         1003    x$fpl$usenofp       fz_ps.l(usenofp.o)
    0x000003fe   0x00000002   PAD
    0x00000400   0x00000010   Code   RO          762    .ARM.__at_0x400     startup_mkl25z4.o
    0x00000410   0x00000188   Code   RO          834    .text               c_p.l(__printf_flags_ss_wp.o)
    0x00000598   0x00000070   Code   RO          841    .text               c_p.l(strtol.o)
    0x00000608   0x0000015a   Code   RO          843    .text               c_p.l(aeabi_sdiv.o)
    0x00000762   0x00000002   PAD
    0x00000764   0x00000448   Code   RO          855    .text               fz_ps.l(ddiv.o)
    0x00000bac   0x00000048   Code   RO          860    .text               fz_ps.l(dfixui.o)
    0x00000bf4   0x00000058   Code   RO          862    .text               fz_ps.l(dflti.o)
    0x00000c4c   0x00000054   Code   RO          868    .text               fz_ps.l(f2d.o)
    0x00000ca0   0x00000160   Code   RO          876    .text               fz_ps.l(fdiv.o)
    0x00000e00   0x0000004c   Code   RO          881    .text               fz_ps.l(ffixi.o)
    0x00000e4c   0x0000005e   Code   RO          883    .text               fz_ps.l(fflti.o)
    0x00000eaa   0x00000002   PAD
    0x00000eac   0x00000008   Code   RO          927    .text               c_p.l(rt_errno_addr_intlibspace.o)
    0x00000eb4   0x00000024   Code   RO          931    .text               c_p.l(_printf_truncate.o)
    0x00000ed8   0x000000b0   Code   RO          933    .text               c_p.l(_printf_intcommon.o)
    0x00000f88   0x00000026   Code   RO          935    .text               c_p.l(_printf_charcount.o)
    0x00000fae   0x00000002   PAD
    0x00000fb0   0x00000414   Code   RO          937    .text               c_p.l(_printf_fp_dec.o)
    0x000013c4   0x0000002e   Code   RO          939    .text               c_p.l(_printf_char.o)
    0x000013f2   0x00000002   PAD
    0x000013f4   0x00000028   Code   RO          941    .text               c_p.l(_printf_char_file.o)
    0x0000141c   0x000000bc   Code   RO          943    .text               c_p.l(_printf_wctomb.o)
    0x000014d8   0x00000070   Code   RO          946    .text               c_p.l(_printf_longlong_dec.o)
    0x00001548   0x00000070   Code   RO          952    .text               c_p.l(_printf_oct_int_ll.o)
    0x000015b8   0x00000098   Code   RO          972    .text               c_p.l(_printf_hex_int_ll_ptr.o)
    0x00001650   0x000000a6   Code   RO          995    .text               c_p.l(_strtoul.o)
    0x000016f6   0x00000028   Code   RO          997    .text               c_p.l(rtudiv10.o)
    0x0000171e   0x00000002   PAD
    0x00001720   0x00000064   Code   RO         1001    .text               fz_ps.l(fcmpin.o)
    0x00001784   0x00000008   Code   RO         1045    .text               c_p.l(libspace.o)
    0x0000178c   0x00000008   Code   RO         1068    .text               c_p.l(rt_locale_intlibspace.o)
    0x00001794   0x0000007a   Code   RO         1070    .text               c_p.l(lludiv10.o)
    0x0000180e   0x00000002   PAD
    0x00001810   0x00000030   Code   RO         1072    .text               c_p.l(_printf_char_common.o)
    0x00001840   0x00000088   Code   RO         1074    .text               c_p.l(_printf_fp_infnan.o)
    0x000018c8   0x0000002e   Code   RO         1076    .text               c_p.l(_printf_wchar.o)
    0x000018f6   0x0000001e   Code   RO         1078    .text               c_p.l(_chval.o)
    0x00001914   0x000000c8   Code   RO         1080    .text               c_p.l(bigflt0.o)
    0x000019dc   0x000004a8   Code   RO         1083    .text               c_p.l(btod.o)
    0x00001e84   0x00000008   Code   RO         1088    .text               c_p.l(ferror.o)
    0x00001e8c   0x00000040   Code   RO         1092    .text               c_p.l(_wcrtomb.o)
    0x00001ecc   0x0000002e   Code   RO         1100    .text               fz_ps.l(cmpret.o)
    0x00001efa   0x00000002   PAD
    0x00001efc   0x00000010   Code   RO         1108    .text               fz_ps.l(fnan2.o)
    0x00001f0c   0x0000003e   Code   RO         1116    .text               c_p.l(sys_stackheap_outer.o)
    0x00001f4a   0x00000010   Code   RO         1121    .text               c_p.l(exit.o)
    0x00001f5a   0x00000002   PAD
    0x00001f5c   0x00000088   Code   RO         1127    .text               c_p.l(strcmp.o)
    0x00001fe4   0x0000005e   Code   RO         1180    .text               fz_ps.l(retnan.o)
    0x00002042   0x00000002   PAD
    0x00002044   0x0000000c   Code   RO         1195    .text               c_p.l(sys_exit.o)
    0x00002050   0x0000004c   Code   RO          336    i.Control_RGB_LEDs  leds.o
    0x0000209c   0x000003dc   Code   RO          365    i.Convert_Number_to_Float  gps.o
    0x00002478   0x0000014c   Code   RO          366    i.Decode_GPS        gps.o
    0x000025c4   0x0000008c   Code   RO          367    i.Decode_HeaderGPS  gps.o
    0x00002650   0x00000010   Code   RO          195    i.Get_Num_Rx_Chars_Available  uart.o
    0x00002660   0x0000008c   Code   RO          337    i.Init_RGB_LEDs     leds.o
    0x000026ec   0x000000f4   Code   RO          196    i.Init_UART0        uart.o
    0x000027e0   0x000000b0   Code   RO          198    i.Init_UART2        uart.o
    0x00002890   0x00000014   Code   RO          127    i.NVIC_ClearPendingIRQ  timers.o
    0x000028a4   0x00000014   Code   RO          199    i.NVIC_ClearPendingIRQ  uart.o
    0x000028b8   0x00000014   Code   RO          200    i.NVIC_EnableIRQ    uart.o
    0x000028cc   0x00000078   Code   RO          201    i.NVIC_SetPriority  uart.o
    0x00002944   0x00000074   Code   RO          129    i.PIT_IRQHandler    timers.o
    0x000029b8   0x00000044   Code   RO           81    i.Q_Dequeue         queue.o
    0x000029fc   0x00000014   Code   RO           82    i.Q_Empty           queue.o
    0x00002a10   0x0000003c   Code   RO           83    i.Q_Enqueue         queue.o
    0x00002a4c   0x00000018   Code   RO           84    i.Q_Full            queue.o
    0x00002a64   0x00000020   Code   RO           85    i.Q_Init            queue.o
    0x00002a84   0x0000000a   Code   RO           86    i.Q_Size            queue.o
    0x00002a8e   0x00000002   PAD
    0x00002a90   0x00000138   Code   RO          772    i.SystemInit        system_mkl25z4.o
    0x00002bc8   0x00000060   Code   RO          368    i.Task_NMEA_Decode  gps.o
    0x00002c28   0x0000008c   Code   RO          369    i.Task_Report_Drift  gps.o
    0x00002cb4   0x000000a4   Code   RO          203    i.UART0_IRQHandler  uart.o
    0x00002d58   0x00000080   Code   RO          206    i.UART1_IRQHandler  uart.o
    0x00002dd8   0x00000080   Code   RO          209    i.UART2_IRQHandler  uart.o
    0x00002e58   0x00000030   Code   RO         1086    i.__ARM_common_ll_muluu  c_p.l(btod.o)
    0x00002e88   0x0000001c   Code   RO          414    i.__ARM_common_switch8  gps.o
    0x00002ea4   0x0000002c   Code   RO         1112    i.__ARM_fpclassify  m_ps.l(fpclassify.o)
    0x00002ed0   0x0000000e   Code   RO          827    i._is_digit         c_p.l(__printf_wp.o)
    0x00002ede   0x00000002   PAD
    0x00002ee0   0x00000050   Code   RO          370    i.checksum          gps.o
    0x00002f30   0x00000024   Code   RO          213    i.fputc             uart.o
    0x00002f54   0x000002a4   Code   RO            3    i.main              main.o
    0x000031f8   0x0000002c   Code   RO         1095    locale$$code        c_p.l(lc_ctype_c.o)
    0x00003224   0x0000002c   Code   RO         1098    locale$$code        c_p.l(lc_numeric_c.o)
    0x00003250   0x0000008c   Code   RO          870    x$fpl$fadd          fz_ps.l(faddsub.o)
    0x000032dc   0x00000054   Code   RO          885    x$fpl$fleqf         fz_ps.l(flef.o)
    0x00003330   0x000000b0   Code   RO          887    x$fpl$fmul          fz_ps.l(fmul.o)
    0x000033e0   0x00000058   Code   RO          889    x$fpl$frleqf        fz_ps.l(frlef.o)
    0x00003438   0x000000d0   Code   RO          872    x$fpl$fsub          fz_ps.l(faddsub.o)
    0x00003508   0x00000010   Code   RO          891    x$fpl$printf1       fz_ps.l(printf1.o)
    0x00003518   0x00000011   Data   RO          835    .constdata          c_p.l(__printf_flags_ss_wp.o)
    0x00003529   0x00000080   Data   RO          856    .constdata          fz_ps.l(ddiv.o)
    0x000035a9   0x00000040   Data   RO          877    .constdata          fz_ps.l(fdiv.o)
    0x000035e9   0x00000003   PAD
    0x000035ec   0x00000008   Data   RO          944    .constdata          c_p.l(_printf_wctomb.o)
    0x000035f4   0x00000028   Data   RO          973    .constdata          c_p.l(_printf_hex_int_ll_ptr.o)
    0x0000361c   0x00000094   Data   RO         1081    .constdata          c_p.l(bigflt0.o)
    0x000036b0   0x00000020   Data   RO         1262    Region$$Table       anon$$obj.o
    0x000036d0   0x00000110   Data   RO         1094    locale$$data        c_p.l(lc_ctype_c.o)
    0x000037e0   0x0000001c   Data   RO         1097    locale$$data        c_p.l(lc_numeric_c.o)


    Execution Region ER_RW (Base: 0x1ffff000, Size: 0x00000024, Max: 0xffffffff, ABSOLUTE)

    Base Addr    Size         Type   Attr      Idx    E Section Name        Object

    0x1ffff000   0x0000000c   Data   RW          133    .data               timers.o
    0x1ffff00c   0x0000000c   Data   RW          215    .data               uart.o
    0x1ffff018   0x00000009   Data   RW          372    .data               gps.o


    Execution Region ER_ZI (Base: 0x1ffff024, Size: 0x00000bb4, Max: 0xffffffff, ABSOLUTE)

    Base Addr    Size         Type   Attr      Idx    E Section Name        Object

    0x1ffff024   0x00000300   Zero   RW            4    .bss                main.o
    0x1ffff324   0x00000430   Zero   RW          214    .bss                uart.o
    0x1ffff754   0x00000020   Zero   RW          371    .bss                gps.o
    0x1ffff774   0x00000060   Zero   RW         1046    .bss                c_p.l(libspace.o)
    0x1ffff7d4   0x00000004   PAD
    0x1ffff7d8   0x00000000   Zero   RW          760    HEAP                startup_mkl25z4.o
    0x1ffff7d8   0x00000400   Zero   RW          759    STACK               startup_mkl25z4.o


==============================================================================

Image component sizes


      Code (inc. data)   RO Data    RW Data    ZI Data      Debug   Object Name

      1804        208          0          9         32       4295   gps.o
       216         22          0          0          0        995   leds.o
       676        108          0          0        768     226502   main.o
       214          0          0          0          0       3193   queue.o
        80         44        192          0       1024        904   startup_mkl25z4.o
       312         46          0          0          0        589   system_mkl25z4.o
       136         22          0         12          0       7798   timers.o
      1052        158          0         12       1072      13619   uart.o

    ----------------------------------------------------------------------
      4492        608        224         36       2896     257895   Object Totals
         0          0         32          0          0          0   (incl. Generated)
         2          0          0          3          0          0   (incl. Padding)

    ----------------------------------------------------------------------

      Code (inc. data)   RO Data    RW Data    ZI Data      Debug   Library Member Name

        28          6          0          0          0         84   __2printf.o
         8          0          0          0          0         68   __main.o
       392          6         17          0          0         76   __printf_flags_ss_wp.o
        14          0          0          0          0         60   __printf_wp.o
         0          0          0          0          0          0   __rtentry.o
        12          0          0          0          0          0   __rtentry2.o
         6          0          0          0          0          0   __rtentry4.o
        60          8          0          0          0          0   __scatter.o
        26          0          0          0          0          0   __scatter_copy.o
        28          0          0          0          0          0   __scatter_zi.o
        30          0          0          0          0         60   _chval.o
        10          0          0          0          0          0   _printf_a.o
        10          0          0          0          0          0   _printf_c.o
        46          0          0          0          0        100   _printf_char.o
        48          6          0          0          0         88   _printf_char_common.o
        40          6          0          0          0         72   _printf_char_file.o
        38          0          0          0          0         60   _printf_charcount.o
        10          0          0          0          0          0   _printf_d.o
       108         18          0          0          0         76   _printf_dec.o
        10          0          0          0          0          0   _printf_e.o
        10          0          0          0          0          0   _printf_f.o
      1044         14          0          0          0        176   _printf_fp_dec.o
       136         16          0          0          0         76   _printf_fp_infnan.o
        10          0          0          0          0          0   _printf_g.o
       152          4         40          0          0        148   _printf_hex_int_ll_ptr.o
        10          0          0          0          0          0   _printf_i.o
       176          0          0          0          0         84   _printf_intcommon.o
        10          0          0          0          0          0   _printf_l.o
        10          0          0          0          0          0   _printf_lc.o
        10          0          0          0          0          0   _printf_ll.o
        10          0          0          0          0          0   _printf_lld.o
        10          0          0          0          0          0   _printf_lli.o
        10          0          0          0          0          0   _printf_llo.o
        10          0          0          0          0          0   _printf_llu.o
        10          0          0          0          0          0   _printf_llx.o
       112         18          0          0          0         76   _printf_longlong_dec.o
        10          0          0          0          0          0   _printf_ls.o
        10          0          0          0          0          0   _printf_n.o
        10          0          0          0          0          0   _printf_o.o
       112         10          0          0          0        112   _printf_oct_int_ll.o
        10          0          0          0          0          0   _printf_p.o
        78          0          0          0          0        100   _printf_pad.o
         2          0          0          0          0          0   _printf_percent.o
         4          0          0          0          0          0   _printf_percent_end.o
        10          0          0          0          0          0   _printf_s.o
        82          0          0          0          0         72   _printf_str.o
        36          0          0          0          0         76   _printf_truncate.o
        10          0          0          0          0          0   _printf_u.o
        46          0          0          0          0        100   _printf_wchar.o
       188          6          8          0          0         80   _printf_wctomb.o
        10          0          0          0          0          0   _printf_x.o
       166          0          0          0          0         84   _strtoul.o
        64          0          0          0          0         72   _wcrtomb.o
       346          0          0          0          0         92   aeabi_sdiv.o
       200          4        148          0          0         80   bigflt0.o
      1240         12          0          0          0        316   btod.o
        28          6          0          0          0         84   c89printf.o
        16          0          0          0          0         68   exit.o
         8          0          0          0          0         60   ferror.o
         6          0          0          0          0        136   heapauxi.o
         0          0          0          0          0          0   indicate_semi.o
        44         10        272          0          0         76   lc_ctype_c.o
        44         10         28          0          0         76   lc_numeric_c.o
         2          0          0          0          0          0   libinit.o
        30          0          0          0          0          0   libinit2.o
         2          0          0          0          0          0   libshutdown.o
         2          0          0          0          0          0   libshutdown2.o
         8          4          0          0         96         68   libspace.o
       122          0          0          0          0         72   lludiv10.o
        16          4          0          0          0         76   rt_ctype_table.o
         8          4          0          0          0         68   rt_errno_addr_intlibspace.o
         8          4          0          0          0         68   rt_locale_intlibspace.o
         2          0          0          0          0          0   rtexit.o
        10          0          0          0          0          0   rtexit2.o
        40          0          0          0          0         60   rtudiv10.o
       136          4          0          0          0         72   strcmp.o
       112          4          0          0          0         76   strtol.o
        12          4          0          0          0         60   sys_exit.o
        62          0          0          0          0         80   sys_stackheap_outer.o
         2          0          0          0          0         68   use_no_semi.o
        46          0          0          0          0         60   cmpret.o
      1096         26        128          0          0        112   ddiv.o
        72          4          0          0          0         68   dfixui.o
        88          0          0          0          0         92   dflti.o
        84          4          0          0          0         60   f2d.o
       348          8          0          0          0        160   faddsub.o
       100          4          0          0          0         68   fcmpin.o
       352         10         64          0          0         92   fdiv.o
        76          0          0          0          0         68   ffixi.o
        94          0          0          0          0         92   fflti.o
        84          4          0          0          0         76   flef.o
       176          4          0          0          0         80   fmul.o
        16          6          0          0          0         68   fnan2.o
        88          4          0          0          0         76   frlef.o
        16          4          0          0          0         76   printf1.o
        94          0          0          0          0         68   retnan.o
         0          0          0          0          0          0   usenofp.o
        44          4          0          0          0         60   fpclassify.o

    ----------------------------------------------------------------------
      8908        270        708          0        100       5132   Library Totals
        26          0          3          0          4          0   (incl. Padding)

    ----------------------------------------------------------------------

      Code (inc. data)   RO Data    RW Data    ZI Data      Debug   Library Name

      6008        188        513          0         96       3756   c_p.l
      2830         78        192          0          0       1316   fz_ps.l
        44          4          0          0          0         60   m_ps.l

    ----------------------------------------------------------------------
      8908        270        708          0        100       5132   Library Totals

    ----------------------------------------------------------------------

==============================================================================


      Code (inc. data)   RO Data    RW Data    ZI Data      Debug   

     13400        878        932         36       2996     259187   Grand Totals
     13400        878        932         36       2996     259187   ELF Image Totals
     13400        878        932         36          0          0   ROM Totals

==============================================================================

    Total RO  Size (Code + RO Data)                14332 (  14.00kB)
    Total RW  Size (RW Data + ZI Data)              3032 (   2.96kB)
    Total ROM Size (Code + RO Data + RW Data)      14368 (  14.03kB)

==============================================================================

