Component: ARM Compiler 5.06 update 3 (build 300) Tool: armlink [4d35c9]

==============================================================================

Section Cross References

    main.o(i.main) refers to uart.o(i.Init_UART0) for Init_UART0
    main.o(i.main) refers to uart.o(i.Init_UART2) for Init_UART2
    main.o(i.main) refers to leds.o(i.Init_RGB_LEDs) for Init_RGB_LEDs
    main.o(i.main) refers to noretval__2printf.o(.text) for __2printf
    main.o(i.main) refers to uart.o(i.Get_Num_Rx_Chars_Available) for Get_Num_Rx_Chars_Available
    main.o(i.main) refers to queue.o(i.Q_Init) for Q_Init
    main.o(i.main) refers to gps.o(i.Task_NMEA_Decode) for Task_NMEA_Decode
    main.o(i.main) refers to gps.o(i.Task_Report_Drift) for Task_Report_Drift
    main.o(i.main) refers to frlef.o(x$fpl$frleqf) for __aeabi_cfrcmple
    main.o(i.main) refers to flef.o(x$fpl$fleqf) for __aeabi_cfcmple
    main.o(i.main) refers to leds.o(i.Control_RGB_LEDs) for Control_RGB_LEDs
    main.o(i.main) refers to uart.o(.bss) for RxQ
    main.o(i.main) refers to uart.o(.data) for GPS_message_received
    main.o(i.main) refers to main.o(.bss) for input_message
    main.o(i.main) refers to gps.o(.bss) for GPS_Message
    queue.o(i.Q_Dequeue) refers to queue.o(i.Q_Empty) for Q_Empty
    queue.o(i.Q_Enqueue) refers to queue.o(i.Q_Full) for Q_Full
    timers.o(i.Init_PIT) refers to timers.o(i.NVIC_SetPriority) for NVIC_SetPriority
    timers.o(i.Init_PIT) refers to timers.o(i.NVIC_ClearPendingIRQ) for NVIC_ClearPendingIRQ
    timers.o(i.PIT_IRQHandler) refers to timers.o(i.NVIC_ClearPendingIRQ) for NVIC_ClearPendingIRQ
    timers.o(i.PIT_IRQHandler) refers to timers.o(.data) for PIT_interrupt_counter
    uart.o(i.Get_Char) refers to queue.o(i.Q_Dequeue) for Q_Dequeue
    uart.o(i.Get_Char) refers to uart.o(.bss) for RxQ
    uart.o(i.Get_Num_Rx_Chars_Available) refers to queue.o(i.Q_Size) for Q_Size
    uart.o(i.Get_Num_Rx_Chars_Available) refers to uart.o(.bss) for RxQ
    uart.o(i.Init_UART0) refers to aeabi_sdiv.o(.text) for __aeabi_uidivmod
    uart.o(i.Init_UART0) refers to uart.o(i.NVIC_SetPriority) for NVIC_SetPriority
    uart.o(i.Init_UART0) refers to uart.o(i.NVIC_ClearPendingIRQ) for NVIC_ClearPendingIRQ
    uart.o(i.Init_UART0) refers to uart.o(i.NVIC_EnableIRQ) for NVIC_EnableIRQ
    uart.o(i.Init_UART0) refers to queue.o(i.Q_Init) for Q_Init
    uart.o(i.Init_UART0) refers to uart.o(.bss) for TxQ
    uart.o(i.Init_UART2) refers to dflti.o(.text) for __aeabi_ui2d
    uart.o(i.Init_UART2) refers to ddiv.o(.text) for __aeabi_ddiv
    uart.o(i.Init_UART2) refers to dfixui.o(.text) for __aeabi_d2uiz
    uart.o(i.Init_UART2) refers to uart.o(i.NVIC_SetPriority) for NVIC_SetPriority
    uart.o(i.Init_UART2) refers to uart.o(i.NVIC_ClearPendingIRQ) for NVIC_ClearPendingIRQ
    uart.o(i.Init_UART2) refers to uart.o(i.NVIC_EnableIRQ) for NVIC_EnableIRQ
    uart.o(i.Init_UART2) refers to queue.o(i.Q_Init) for Q_Init
    uart.o(i.Init_UART2) refers to uart.o(.bss) for TxQ
    uart.o(i.Send_String) refers to queue.o(i.Q_Full) for Q_Full
    uart.o(i.Send_String) refers to queue.o(i.Q_Enqueue) for Q_Enqueue
    uart.o(i.Send_String) refers to queue.o(i.Q_Dequeue) for Q_Dequeue
    uart.o(i.Send_String) refers to uart.o(.bss) for TxQ
    uart.o(i.UART0_IRQHandler) refers to uart.o(i.NVIC_ClearPendingIRQ) for NVIC_ClearPendingIRQ
    uart.o(i.UART0_IRQHandler) refers to queue.o(i.Q_Empty) for Q_Empty
    uart.o(i.UART0_IRQHandler) refers to queue.o(i.Q_Dequeue) for Q_Dequeue
    uart.o(i.UART0_IRQHandler) refers to queue.o(i.Q_Full) for Q_Full
    uart.o(i.UART0_IRQHandler) refers to queue.o(i.Q_Enqueue) for Q_Enqueue
    uart.o(i.UART0_IRQHandler) refers to noretval__2printf.o(.text) for __2printf
    uart.o(i.UART0_IRQHandler) refers to uart.o(.bss) for TxQ
    uart.o(i.UART0_IRQHandler) refers to uart.o(.data) for message_received
    uart.o(i.UART2_IRQHandler) refers to uart.o(i.NVIC_ClearPendingIRQ) for NVIC_ClearPendingIRQ
    uart.o(i.UART2_IRQHandler) refers to queue.o(i.Q_Empty) for Q_Empty
    uart.o(i.UART2_IRQHandler) refers to queue.o(i.Q_Dequeue) for Q_Dequeue
    uart.o(i.UART2_IRQHandler) refers to queue.o(i.Q_Full) for Q_Full
    uart.o(i.UART2_IRQHandler) refers to queue.o(i.Q_Enqueue) for Q_Enqueue
    uart.o(i.UART2_IRQHandler) refers to uart.o(.bss) for TxQ
    uart.o(i.UART2_IRQHandler) refers to uart.o(.data) for GPS_message_received
    gps.o(i.Convert_Number_to_Float) refers to fflti.o(.text) for __aeabi_i2f
    gps.o(i.Convert_Number_to_Float) refers to fdiv.o(.text) for __aeabi_fdiv
    gps.o(i.Convert_Number_to_Float) refers to faddsub.o(x$fpl$fadd) for __aeabi_fadd
    gps.o(i.Convert_Number_to_Float) refers to main.o(.bss) for input_message
    gps.o(i.Decode_GPS) refers to gps.o(i.__ARM_common_switch8) for __ARM_common_switch8
    gps.o(i.Decode_GPS) refers to gps.o(i.Convert_Number_to_Float) for Convert_Number_to_Float
    gps.o(i.Decode_GPS) refers to fmul.o(x$fpl$fmul) for __aeabi_fmul
[...]
    bigflt0.o(.constdata) refers (Special) to usenofp.o(x$fpl$usenofp) for __I$use$fp
    btod.o(.text) refers to btod.o(i.__ARM_common_ll_muluu) for __ARM_common_ll_muluu
    lc_ctype_c.o(locale$$data) refers (Special) to libinit2.o(.ARM.Collect$$libinit$$00000012) for __rt_lib_init_lc_ctype_2
    lc_ctype_c.o(locale$$code) refers (Special) to libinit2.o(.ARM.Collect$$libinit$$00000012) for __rt_lib_init_lc_ctype_2
    lc_ctype_c.o(locale$$code) refers to strcmp.o(.text) for strcmp
    lc_ctype_c.o(locale$$code) refers to lc_ctype_c.o(locale$$data) for __lcctype_c_name
    lc_numeric_c.o(locale$$data) refers (Special) to libinit2.o(.ARM.Collect$$libinit$$00000016) for __rt_lib_init_lc_numeric_2
    lc_numeric_c.o(locale$$code) refers (Special) to libinit2.o(.ARM.Collect$$libinit$$00000016) for __rt_lib_init_lc_numeric_2
    lc_numeric_c.o(locale$$code) refers to strcmp.o(.text) for strcmp
    lc_numeric_c.o(locale$$code) refers to lc_numeric_c.o(locale$$data) for __lcnum_c_name
    cmpret.o(.text) refers (Special) to usenofp.o(x$fpl$usenofp) for __I$use$fp
    fnan2.o(.text) refers (Special) to usenofp.o(x$fpl$usenofp) for __I$use$fp
    fnan2.o(.text) refers to retnan.o(.text) for __fpl_return_NaN
    ieee_status.o(.text) refers (Special) to usenofp.o(x$fpl$usenofp) for __I$use$fp
    fpclassify.o(i.__ARM_fpclassify) refers (Special) to usenofp.o(x$fpl$usenofp) for __I$use$fp
    sys_stackheap_outer.o(.text) refers to libspace.o(.text) for __user_perproc_libspace
    sys_stackheap_outer.o(.text) refers to startup_mkl25z4.o(.text) for __user_initial_stackheap
    sys_stackheap_outer.o(__vectab_stack_and_reset_area) refers to tempstk.o(.text) for __temporary_stack_top
    sys_stackheap_outer.o(__vectab_stack_and_reset_area) refers to __main.o(!!!main) for __main
    exit.o(.text) refers to rtexit.o(.ARM.Collect$$rtexit$$00000000) for __rt_exit
    defsig_fpe_outer.o(.text) refers to defsig_fpe_inner.o(.text) for __rt_SIGFPE_inner
    defsig_fpe_outer.o(.text) refers to defsig_exit.o(.text) for __sig_exit
    defsig_fpe_formal.o(.text) refers to rt_raise.o(.text) for __rt_raise
    libinit.o(.ARM.Collect$$libinit$$00000000) refers (Special) to libinit2.o(.ARM.Collect$$libinit$$0000002E) for __rt_lib_init_alloca_1
    libinit.o(.ARM.Collect$$libinit$$00000000) refers (Special) to libinit2.o(.ARM.Collect$$libinit$$0000002C) for __rt_lib_init_argv_1
    libinit.o(.ARM.Collect$$libinit$$00000000) refers (Special) to libinit2.o(.ARM.Collect$$libinit$$0000001B) for __rt_lib_init_atexit_1
    libinit.o(.ARM.Collect$$libinit$$00000000) refers (Special) to libinit2.o(.ARM.Collect$$libinit$$00000021) for __rt_lib_init_clock_1
    libinit.o(.ARM.Collect$$libinit$$00000000) refers (Special) to libinit2.o(.ARM.Collect$$libinit$$00000032) for __rt_lib_init_cpp_1
    libinit.o(.ARM.Collect$$libinit$$00000000) refers (Special) to libinit2.o(.ARM.Collect$$libinit$$00000030) for __rt_lib_init_exceptions_1
    libinit.o(.ARM.Collect$$libinit$$00000000) refers (Special) to libinit2.o(.ARM.Collect$$libinit$$00000002) for __rt_lib_init_fp_1
    libinit.o(.ARM.Collect$$libinit$$00000000) refers (Special) to libinit2.o(.ARM.Collect$$libinit$$0000001F) for __rt_lib_init_fp_trap_1
    libinit.o(.ARM.Collect$$libinit$$00000000) refers (Special) to libinit2.o(.ARM.Collect$$libinit$$00000023) for __rt_lib_init_getenv_1
    libinit.o(.ARM.Collect$$libinit$$00000000) refers (Special) to libinit2.o(.ARM.Collect$$libinit$$0000000A) for __rt_lib_init_heap_1
    libinit.o(.ARM.Collect$$libinit$$00000000) refers (Special) to libinit2.o(.ARM.Collect$$libinit$$00000011) for __rt_lib_init_lc_collate_1
    libinit.o(.ARM.Collect$$libinit$$00000000) refers (Special) to libinit2.o(.ARM.Collect$$libinit$$00000013) for __rt_lib_init_lc_ctype_1
    libinit.o(.ARM.Collect$$libinit$$00000000) refers (Special) to libinit2.o(.ARM.Collect$$libinit$$00000015) for __rt_lib_init_lc_monetary_1
    libinit.o(.ARM.Collect$$libinit$$00000000) refers (Special) to libinit2.o(.ARM.Collect$$libinit$$00000017) for __rt_lib_init_lc_numeric_1
    libinit.o(.ARM.Collect$$libinit$$00000000) refers (Special) to libinit2.o(.ARM.Collect$$libinit$$00000019) for __rt_lib_init_lc_time_1
    libinit.o(.ARM.Collect$$libinit$$00000000) refers (Special) to libinit2.o(.ARM.Collect$$libinit$$00000004) for __rt_lib_init_preinit_1
    libinit.o(.ARM.Collect$$libinit$$00000000) refers (Special) to libinit2.o(.ARM.Collect$$libinit$$0000000E) for __rt_lib_init_rand_1
    libinit.o(.ARM.Collect$$libinit$$00000000) refers (Special) to libinit2.o(.ARM.Collect$$libinit$$00000033) for __rt_lib_init_return
    libinit.o(.ARM.Collect$$libinit$$00000000) refers (Special) to libinit2.o(.ARM.Collect$$libinit$$0000001D) for __rt_lib_init_signal_1
    libinit.o(.ARM.Collect$$libinit$$00000000) refers (Special) to libinit2.o(.ARM.Collect$$libinit$$00000025) for __rt_lib_init_stdio_1
    libinit.o(.ARM.Collect$$libinit$$00000000) refers (Special) to libinit2.o(.ARM.Collect$$libinit$$0000000C) for __rt_lib_init_user_alloc_1
    libinit2.o(.ARM.Collect$$libinit$$0000000F) refers (Weak) to rt_locale_intlibspace.o(.text) for __rt_locale
    libinit2.o(.ARM.Collect$$libinit$$00000010) refers to libinit2.o(.ARM.Collect$$libinit$$0000000F) for .ARM.Collect$$libinit$$0000000F
    libinit2.o(.ARM.Collect$$libinit$$00000012) refers to libinit2.o(.ARM.Collect$$libinit$$0000000F) for .ARM.Collect$$libinit$$0000000F
    libinit2.o(.ARM.Collect$$libinit$$00000012) refers (Weak) to lc_ctype_c.o(locale$$code) for _get_lc_ctype
    libinit2.o(.ARM.Collect$$libinit$$00000014) refers to libinit2.o(.ARM.Collect$$libinit$$0000000F) for .ARM.Collect$$libinit$$0000000F
    libinit2.o(.ARM.Collect$$libinit$$00000016) refers to libinit2.o(.ARM.Collect$$libinit$$0000000F) for .ARM.Collect$$libinit$$0000000F
    libinit2.o(.ARM.Collect$$libinit$$00000016) refers (Weak) to lc_numeric_c.o(locale$$code) for _get_lc_numeric
    libinit2.o(.ARM.Collect$$libinit$$00000018) refers to libinit2.o(.ARM.Collect$$libinit$$0000000F) for .ARM.Collect$$libinit$$0000000F
    libinit2.o(.ARM.Collect$$libinit$$00000026) refers to argv_veneer.o(.text) for __ARM_argv_veneer
    libinit2.o(.ARM.Collect$$libinit$$00000027) refers to argv_veneer.o(.text) for __ARM_argv_veneer
    retnan.o(.text) refers (Special) to usenofp.o(x$fpl$usenofp) for __I$use$fp
    retnan.o(.text) refers to cmpret.o(.text) for __fpl_cmpreturn
    rtexit.o(.ARM.Collect$$rtexit$$00000000) refers (Special) to rtexit2.o(.ARM.Collect$$rtexit$$00000004) for __rt_exit_exit
    rtexit.o(.ARM.Collect$$rtexit$$00000000) refers (Special) to rtexit2.o(.ARM.Collect$$rtexit$$00000003) for __rt_exit_ls
    rtexit.o(.ARM.Collect$$rtexit$$00000000) refers (Special) to rtexit2.o(.ARM.Collect$$rtexit$$00000002) for __rt_exit_prels_1
    rtexit.o(.ARM.exidx) refers (Special) to rtexit2.o(.ARM.Collect$$rtexit$$00000004) for __rt_exit_exit
    rtexit.o(.ARM.exidx) refers (Special) to rtexit2.o(.ARM.Collect$$rtexit$$00000003) for __rt_exit_ls
    rtexit.o(.ARM.exidx) refers (Special) to rtexit2.o(.ARM.Collect$$rtexit$$00000002) for __rt_exit_prels_1
    rtexit.o(.ARM.exidx) refers to rtexit.o(.ARM.Collect$$rtexit$$00000000) for .ARM.Collect$$rtexit$$00000000
    rt_raise.o(.text) refers to __raise.o(.text) for __raise
    rt_raise.o(.text) refers to sys_exit.o(.text) for _sys_exit
    defsig_exit.o(.text) refers to sys_exit.o(.text) for _sys_exit
    defsig_fpe_inner.o(.text) refers to defsig_general.o(.text) for __default_signal_display
    sys_exit.o(.text) refers (Special) to use_no_semi.o(.text) for __I$use$semihosting
    sys_exit.o(.text) refers (Special) to indicate_semi.o(.text) for __semihosting_library_function
    rtexit2.o(.ARM.Collect$$rtexit$$00000003) refers to libshutdown.o(.ARM.Collect$$libshutdown$$00000000) for __rt_lib_shutdown
    rtexit2.o(.ARM.Collect$$rtexit$$00000004) refers to sys_exit.o(.text) for _sys_exit
    rtexit2.o(.ARM.exidx) refers to rtexit2.o(.ARM.Collect$$rtexit$$00000001) for .ARM.Collect$$rtexit$$00000001
    rtexit2.o(.ARM.exidx) refers to rtexit2.o(.ARM.Collect$$rtexit$$00000003) for .ARM.Collect$$rtexit$$00000003
    rtexit2.o(.ARM.exidx) refers to rtexit2.o(.ARM.Collect$$rtexit$$00000004) for .ARM.Collect$$rtexit$$00000004
    __raise.o(.text) refers to defsig.o(CL$$defsig) for __default_signal_handler
    defsig_general.o(.text) refers to sys_wrch.o(.text) for _ttywrch
    _get_argv_nomalloc.o(.text) refers (Special) to hrguard.o(.text) for __heap_region$guard
    _get_argv_nomalloc.o(.text) refers to defsig_rtmem_outer.o(.text) for __rt_SIGRTMEM
    _get_argv_nomalloc.o(.text) refers to sys_command.o(.text) for _sys_command_string
    sys_wrch.o(.text) refers (Special) to use_no_semi.o(.text) for __I$use$semihosting
    sys_wrch.o(.text) refers (Special) to indicate_semi.o(.text) for __semihosting_library_function
    sys_command.o(.text) refers (Special) to use_no_semi.o(.text) for __I$use$semihosting
    sys_command.o(.text) refers (Special) to indicate_semi.o(.text) for __semihosting_library_function
    defsig_rtmem_outer.o(.text) refers to defsig_rtmem_inner.o(.text) for __rt_SIGRTMEM_inner
    defsig_rtmem_outer.o(.text) refers to defsig_exit.o(.text) for __sig_exit
    defsig_rtmem_formal.o(.text) refers to rt_raise.o(.text) for __rt_raise
    defsig.o(CL$$defsig) refers to defsig_fpe_inner.o(.text) for __rt_SIGFPE_inner
    defsig.o(CL$$defsig) refers to defsig_rtmem_inner.o(.text) for __rt_SIGRTMEM_inner
    libshutdown.o(.ARM.Collect$$libshutdown$$00000000) refers (Special) to libshutdown2.o(.ARM.Collect$$libshutdown$$00000002) for __rt_lib_shutdown_cpp_1
    libshutdown.o(.ARM.Collect$$libshutdown$$00000000) refers (Special) to libshutdown2.o(.ARM.Collect$$libshutdown$$00000007) for __rt_lib_shutdown_fp_trap_1
    libshutdown.o(.ARM.Collect$$libshutdown$$00000000) refers (Special) to libshutdown2.o(.ARM.Collect$$libshutdown$$0000000F) for __rt_lib_shutdown_heap_1
    libshutdown.o(.ARM.Collect$$libshutdown$$00000000) refers (Special) to libshutdown2.o(.ARM.Collect$$libshutdown$$00000010) for __rt_lib_shutdown_return
    libshutdown.o(.ARM.Collect$$libshutdown$$00000000) refers (Special) to libshutdown2.o(.ARM.Collect$$libshutdown$$0000000A) for __rt_lib_shutdown_signal_1
    libshutdown.o(.ARM.Collect$$libshutdown$$00000000) refers (Special) to libshutdown2.o(.ARM.Collect$$libshutdown$$00000004) for __rt_lib_shutdown_stdio_1
    libshutdown.o(.ARM.Collect$$libshutdown$$00000000) refers (Special) to libshutdown2.o(.ARM.Collect$$libshutdown$$0000000C) for __rt_lib_shutdown_user_alloc_1
    defsig_abrt_inner.o(.text) refers to defsig_general.o(.text) for __default_signal_display
    defsig_rtred_inner.o(.text) refers to defsig_general.o(.text) for __default_signal_display
    defsig_rtmem_inner.o(.text) refers to defsig_general.o(.text) for __default_signal_display
    defsig_stak_inner.o(.text) refers to defsig_general.o(.text) for __default_signal_display
    defsig_pvfn_inner.o(.text) refers to defsig_general.o(.text) for __default_signal_display
    defsig_cppl_inner.o(.text) refers to defsig_general.o(.text) for __default_signal_display
    defsig_segv_inner.o(.text) refers to defsig_general.o(.text) for __default_signal_display
    defsig_other.o(.text) refers to defsig_general.o(.text) for __default_signal_display


==============================================================================

Removing Unused input sections from the image.

    Removing main.o(.rev16_text), (4 bytes).
    Removing main.o(.revsh_text), (4 bytes).
    Removing timers.o(.rev16_text), (4 bytes).
    Removing timers.o(.revsh_text), (4 bytes).
    Removing timers.o(i.Init_PIT), (112 bytes).
    Removing timers.o(i.Init_PWM), (132 bytes).
    Removing timers.o(i.NVIC_SetPriority), (120 bytes).
    Removing timers.o(i.Set_PWM_Values), (36 bytes).
    Removing timers.o(i.Start_PIT), (20 bytes).
    Removing timers.o(i.Stop_PIT), (20 bytes).
    Removing uart.o(.rev16_text), (4 bytes).
    Removing uart.o(.revsh_text), (4 bytes).
    Removing uart.o(i.Get_Char), (16 bytes).
    Removing uart.o(i.Send_String), (76 bytes).
    Removing uart.o(i.UART0_Receive_Poll), (24 bytes).
    Removing uart.o(i.UART0_Transmit_Poll), (24 bytes).
    Removing uart.o(i.UART2_Receive_Poll), (24 bytes).
    Removing uart.o(i.UART2_Transmit_Poll), (24 bytes).
    Removing uart.o(i.fgetc), (28 bytes).
    Removing leds.o(.rev16_text), (4 bytes).
    Removing leds.o(.revsh_text), (4 bytes).
    Removing gps.o(.rev16_text), (4 bytes).
    Removing gps.o(.revsh_text), (4 bytes).
    Removing led_frdm-kl25z.o(.rev16_text), (4 bytes).
    Removing led_frdm-kl25z.o(.revsh_text), (4 bytes).
    Removing led_frdm-kl25z.o(i.LED_GetCount), (4 bytes).
    Removing led_frdm-kl25z.o(i.LED_Initialize), (164 bytes).
    Removing led_frdm-kl25z.o(i.LED_Off), (36 bytes).
    Removing led_frdm-kl25z.o(i.LED_On), (36 bytes).
    Removing led_frdm-kl25z.o(i.LED_SetOut), (42 bytes).
    Removing led_frdm-kl25z.o(i.LED_Uninitialize), (4 bytes).
    Removing led_frdm-kl25z.o(.constdata), (36 bytes).
    Removing system_mkl25z4.o(.rev16_text), (4 bytes).
    Removing system_mkl25z4.o(.revsh_text), (4 bytes).
    Removing system_mkl25z4.o(i.SystemCoreClockUpdate), (400 bytes).
    Removing system_mkl25z4.o(.data), (4 bytes).

36 unused section(s) (total 1438 bytes) removed from the image.

==============================================================================

Image Symbol Table

    Local Symbols

    Symbol Name                              Value     Ov Type        Size  Object(Section)

    RESET                                    0x00000000   Section      192  startup_mkl25z4.o(RESET)
    ../clib/angel/boardlib.s                 0x00000000   Number         0  boardinit1.o ABSOLUTE
    ../clib/angel/boardlib.s                 0x00000000   Number         0  boardinit2.o ABSOLUTE
    ../clib/angel/boardlib.s                 0x00000000   Number         0  boardshut.o ABSOLUTE
    ../clib/angel/boardlib.s                 0x00000000   Number         0  boardinit3.o ABSOLUTE
    ../clib/angel/handlers.s                 0x00000000   Number         0  __scatter_copy.o ABSOLUTE
    ../clib/angel/handlers.s                 0x00000000   Number         0  __scatter_zi.o ABSOLUTE
    ../clib/angel/kernel.s                   0x00000000   Number         0  rtexit2.o ABSOLUTE
    ../clib/angel/kernel.s                   0x00000000   Number         0  rtexit.o ABSOLUTE
    ../clib/angel/kernel.s                   0x00000000   Number         0  __rtentry.o ABSOLUTE
    ../clib/angel/kernel.s                   0x00000000   Number         0  __rtentry4.o ABSOLUTE
    ../clib/angel/kernel.s                   0x00000000   Number         0  __rtentry2.o ABSOLUTE
    ../clib/angel/rt.s                       0x00000000   Number         0  rt_errno_addr_intlibspace.o ABSOLUTE
    ../clib/angel/rt.s                       0x00000000   Number         0  aeabi_idiv0_sigfpe.o ABSOLUTE
    ../clib/angel/rt.s                       0x00000000   Number         0  aeabi_idiv0.o ABSOLUTE
    ../clib/angel/rt.s                       0x00000000   Number         0  rt_raise.o ABSOLUTE
    ../clib/angel/rt.s                       0x00000000   Number         0  rt_ctype_table.o ABSOLUTE
    ../clib/angel/rt.s                       0x00000000   Number         0  rt_locale_intlibspace.o ABSOLUTE
    ../clib/angel/rt.s                       0x00000000   Number         0  rt_errno_addr.o ABSOLUTE
    ../clib/angel/rt.s                       0x00000000   Number         0  rt_locale.o ABSOLUTE
    ../clib/angel/rt.s                       0x00000000   Number         0  rt_div0.o ABSOLUTE
    ../clib/angel/scatterp.s                 0x00000000   Number         0  __scatter.o ABSOLUTE
    ../clib/angel/startup.s                  0x00000000   Number         0  __main.o ABSOLUTE
    ../clib/angel/sys.s                      0x00000000   Number         0  indicate_semi.o ABSOLUTE
    ../clib/angel/sys.s                      0x00000000   Number         0  use_no_semi.o ABSOLUTE
    ../clib/angel/sys.s                      0x00000000   Number         0  tempstk.o ABSOLUTE
    ../clib/angel/sys.s                      0x00000000   Number         0  sys_stackheap_outer.o ABSOLUTE
    ../clib/angel/sys.s                      0x00000000   Number         0  libspace.o ABSOLUTE
    ../clib/angel/sysapp.c                   0x00000000   Number         0  sys_exit.o ABSOLUTE
    ../clib/angel/sysapp.c                   0x00000000   Number         0  sys_command.o ABSOLUTE
    ../clib/angel/sysapp.c                   0x00000000   Number         0  sys_wrch.o ABSOLUTE
    ../clib/armsys.c                         0x00000000   Number         0  _get_argv_nomalloc.o ABSOLUTE
    ../clib/armsys.c                         0x00000000   Number         0  argv_veneer.o ABSOLUTE
    ../clib/armsys.c                         0x00000000   Number         0  no_argv.o ABSOLUTE
    ../clib/bigflt.c                         0x00000000   Number         0  bigflt0.o ABSOLUTE
    ../clib/btod.c                           0x00000000   Number         0  btod.o ABSOLUTE
    ../clib/division.c                       0x00000000   Number         0  lludiv10.o ABSOLUTE
    ../clib/division.c                       0x00000000   Number         0  rtudiv10.o ABSOLUTE
    ../clib/division.s                       0x00000000   Number         0  aeabi_sdiv_div0.o ABSOLUTE
    ../clib/division.s                       0x00000000   Number         0  aeabi_sdiv.o ABSOLUTE
    ../clib/heapalloc.c                      0x00000000   Number         0  hrguard.o ABSOLUTE
    ../clib/heapaux.c                        0x00000000   Number         0  heapauxi.o ABSOLUTE
    ../clib/libinit.s                        0x00000000   Number         0  libinit2.o ABSOLUTE
    ../clib/libinit.s                        0x00000000   Number         0  libshutdown2.o ABSOLUTE
    ../clib/libinit.s                        0x00000000   Number         0  libinit.o ABSOLUTE
    ../clib/libinit.s                        0x00000000   Number         0  libshutdown.o ABSOLUTE
    ../clib/locale.s                         0x00000000   Number         0  lc_ctype_c.o ABSOLUTE
    ../clib/locale.s                         0x00000000   Number         0  lc_numeric_c.o ABSOLUTE
    ../clib/misc.s                           0x00000000   Number         0  printf_stubs.o ABSOLUTE
    ../clib/printf.c                         0x00000000   Number         0  __printf.o ABSOLUTE
    ../clib/printf.c                         0x00000000   Number         0  _printf_fp_dec.o ABSOLUTE
    ../clib/printf.c                         0x00000000   Number         0  _printf_pad.o ABSOLUTE
    ../clib/printf.c                         0x00000000   Number         0  _printf_fp_infnan.o ABSOLUTE
    ../clib/printf.c                         0x00000000   Number         0  _printf_char.o ABSOLUTE
    ../clib/printf.c                         0x00000000   Number         0  _printf_char_common.o ABSOLUTE
    ../clib/printf.c                         0x00000000   Number         0  _printf_char_file.o ABSOLUTE
    ../clib/printf.c                         0x00000000   Number         0  noretval__2printf.o ABSOLUTE
    ../clib/printf.c                         0x00000000   Number         0  __printf_flags_wp.o ABSOLUTE
    ../clib/printf.c                         0x00000000   Number         0  __printf_ss_wp.o ABSOLUTE
    ../clib/printf.c                         0x00000000   Number         0  __printf_flags_ss_wp.o ABSOLUTE
    ../clib/printf.c                         0x00000000   Number         0  __printf_flags_ss.o ABSOLUTE
    ../clib/printf.c                         0x00000000   Number         0  __printf_ss.o ABSOLUTE
    ../clib/printf.c                         0x00000000   Number         0  __printf_flags.o ABSOLUTE
    ../clib/printf.c                         0x00000000   Number         0  __printf_wp.o ABSOLUTE
    ../clib/printf.c                         0x00000000   Number         0  _printf_str.o ABSOLUTE
    ../clib/printf.c                         0x00000000   Number         0  __printf_nopercent.o ABSOLUTE
    ../clib/printf.c                         0x00000000   Number         0  __2printf.o ABSOLUTE
    ../clib/printf_percent.s                 0x00000000   Number         0  _printf_percent.o ABSOLUTE
    ../clib/printf_percent.s                 0x00000000   Number         0  _printf_percent_end.o ABSOLUTE
    ../clib/printf_percent.s                 0x00000000   Number         0  _printf_c.o ABSOLUTE
    ../clib/printf_percent.s                 0x00000000   Number         0  _printf_f.o ABSOLUTE
    ../clib/scanf.c                          0x00000000   Number         0  _chval.o ABSOLUTE
    ../clib/scanf.c                          0x00000000   Number         0  _strtoul.o ABSOLUTE
    ../clib/scanf.c                          0x00000000   Number         0  strtol.o ABSOLUTE
    ../clib/signal.c                         0x00000000   Number         0  defsig_exit.o ABSOLUTE
    ../clib/signal.c                         0x00000000   Number         0  defsig_general.o ABSOLUTE
    ../clib/signal.c                         0x00000000   Number         0  defsig_cppl_inner.o ABSOLUTE
    ../clib/signal.c                         0x00000000   Number         0  defsig_pvfn_inner.o ABSOLUTE
    ../clib/signal.c                         0x00000000   Number         0  defsig_stak_inner.o ABSOLUTE
    ../clib/signal.c                         0x00000000   Number         0  defsig_other.o ABSOLUTE
    ../clib/signal.c                         0x00000000   Number         0  defsig_segv_inner.o ABSOLUTE
    ../clib/signal.c                         0x00000000   Number         0  defsig_rtmem_inner.o ABSOLUTE
    ../clib/signal.c                         0x00000000   Number         0  defsig_fpe_inner.o ABSOLUTE
    ../clib/signal.c                         0x00000000   Number         0  defsig_rtred_inner.o ABSOLUTE
    ../clib/signal.c                         0x00000000   Number         0  __raise.o ABSOLUTE
    ../clib/signal.c                         0x00000000   Number         0  defsig_rtmem_outer.o ABSOLUTE
    ../clib/signal.c                         0x00000000   Number         0  defsig_rtmem_formal.o ABSOLUTE
    ../clib/signal.c                         0x00000000   Number         0  defsig_fpe_formal.o ABSOLUTE
    ../clib/signal.c                         0x00000000   Number         0  defsig_fpe_outer.o ABSOLUTE
    ../clib/signal.c                         0x00000000   Number         0  defsig_abrt_inner.o ABSOLUTE
    ../clib/signal.s                         0x00000000   Number         0  defsig.o ABSOLUTE
    ../clib/stdio.c                          0x00000000   Number         0  ferror.o ABSOLUTE
    ../clib/stdio.c                          0x00000000   Number         0  ferror_locked.o ABSOLUTE
    ../clib/stdlib.c                         0x00000000   Number         0  exit.o ABSOLUTE
    ../clib/string.c                         0x00000000   Number         0  strcmp.o ABSOLUTE
    ../fplib/cfplib/cmpret.c                 0x00000000   Number         0  cmpret.o ABSOLUTE
    ../fplib/cfplib/ddiv.c                   0x00000000   Number         0  ddiv.o ABSOLUTE
    ../fplib/cfplib/f2d.c                    0x00000000   Number         0  f2d.o ABSOLUTE
    ../fplib/cfplib/fcmpin.c                 0x00000000   Number         0  fcmpin.o ABSOLUTE
    ../fplib/cfplib/fdiv.c                   0x00000000   Number         0  fdiv.o ABSOLUTE
    ../fplib/cfplib/ffix.c                   0x00000000   Number         0  dfixui.o ABSOLUTE
    ../fplib/cfplib/fflt.c                   0x00000000   Number         0  dflti.o ABSOLUTE
    ../fplib/cfplib/fflt.c                   0x00000000   Number         0  fflti.o ABSOLUTE
    ../fplib/cfplib/fpinit.c                 0x00000000   Number         0  fpinit.o ABSOLUTE
    ../fplib/cfplib/ieee_status.c            0x00000000   Number         0  ieee_status.o ABSOLUTE
    ../fplib/cfplib/nan2.c                   0x00000000   Number         0  fnan2.o ABSOLUTE
    ../fplib/cfplib/retnan.c                 0x00000000   Number         0  retnan.o ABSOLUTE
    ../fplib/faddsub6m.s                     0x00000000   Number         0  faddsub.o ABSOLUTE
    ../fplib/fleqf6m.s                       0x00000000   Number         0  flef.o ABSOLUTE
    ../fplib/fmul6m.s                        0x00000000   Number         0  fmul.o ABSOLUTE
    ../fplib/frleqf6m.s                      0x00000000   Number         0  frlef.o ABSOLUTE
    ../fplib/printf1.s                       0x00000000   Number         0  printf1.o ABSOLUTE
    ../fplib/usenofp.s                       0x00000000   Number         0  usenofp.o ABSOLUTE
    ../mathlib/fpclassify.c                  0x00000000   Number         0  fpclassify.o ABSOLUTE
    C:\Keil_v5\ARM\PACK\Keil\Kinetis_KLxx_DFP\1.12.0\Boards\NXP\FRDM-KL25Z\Common\LED_FRDM-KL25Z.c 0x00000000   Number         0  led_frdm-kl25z.o ABSOLUTE
    C:\\Keil_v5\\ARM\\PACK\\Keil\\Kinetis_KLxx_DFP\\1.12.0\\Boards\\NXP\\FRDM-KL25Z\\Common\\LED_FRDM-KL25Z.c 0x00000000   Number         0  led_frdm-kl25z.o ABSOLUTE
    LEDs.c                                   0x00000000   Number         0  leds.o ABSOLUTE
    LEDs.c                                   0x00000000   Number         0  leds.o ABSOLUTE
    RTE\Device\MKL25Z128xxx4\startup_MKL25Z4.s 0x00000000   Number         0  startup_mkl25z4.o ABSOLUTE
    RTE\Device\MKL25Z128xxx4\system_MKL25Z4.c 0x00000000   Number         0  system_mkl25z4.o ABSOLUTE
    RTE\\Device\\MKL25Z128xxx4\\system_MKL25Z4.c 0x00000000   Number         0  system_mkl25z4.o ABSOLUTE
    UART.c                                   0x00000000   Number         0  uart.o ABSOLUTE
    UART.c                                   0x00000000   Number         0  uart.o ABSOLUTE
    dc.s                                     0x00000000   Number         0  dc.o ABSOLUTE
    gps.c                                    0x00000000   Number         0  gps.o ABSOLUTE
    gps.c                                    0x00000000   Number         0  gps.o ABSOLUTE
    main.c                                   0x00000000   Number         0  main.o ABSOLUTE
    main.c                                   0x00000000   Number         0  main.o ABSOLUTE
    queue.c                                  0x00000000   Number         0  queue.o ABSOLUTE
    timers.c                                 0x00000000   Number         0  timers.o ABSOLUTE
    timers.c                                 0x00000000   Number         0  timers.o ABSOLUTE
    !!!main                                  0x000000c0   Section        8  __main.o(!!!main)
    !!!scatter                               0x000000c8   Section       60  __scatter.o(!!!scatter)
    !!handler_copy                           0x00000104   Section       26  __scatter_copy.o(!!handler_copy)
    !!handler_zi                             0x00000120   Section       28  __scatter_zi.o(!!handler_zi)
    .ARM.Collect$$_printf_percent$$00000000  0x0000013c   Section        2  _printf_percent.o(.ARM.Collect$$_printf_percent$$00000000)
    .ARM.Collect$$_printf_percent$$00000003  0x0000013e   Section       10  _printf_f.o(.ARM.Collect$$_printf_percent$$00000003)
    .ARM.Collect$$_printf_percent$$00000013  0x00000148   Section       10  _printf_c.o(.ARM.Collect$$_printf_percent$$00000013)
    .ARM.Collect$$_printf_percent$$00000017  0x00000152   Section        4  _printf_percent_end.o(.ARM.Collect$$_printf_percent$$00000017)
    .ARM.Collect$$libinit$$00000000          0x00000156   Section        2  libinit.o(.ARM.Collect$$libinit$$00000000)
    .ARM.Collect$$libinit$$00000002          0x00000158   Section        0  libinit2.o(.ARM.Collect$$libinit$$00000002)
    .ARM.Collect$$libinit$$00000004          0x00000158   Section        0  libinit2.o(.ARM.Collect$$libinit$$00000004)
    .ARM.Collect$$libinit$$0000000A          0x00000158   Section        0  libinit2.o(.ARM.Collect$$libinit$$0000000A)
    .ARM.Collect$$libinit$$0000000C          0x00000158   Section        0  libinit2.o(.ARM.Collect$$libinit$$0000000C)
    .ARM.Collect$$libinit$$0000000E          0x00000158   Section        0  libinit2.o(.ARM.Collect$$libinit$$0000000E)
    .ARM.Collect$$libinit$$0000000F          0x00000158   Section        6  libinit2.o(.ARM.Collect$$libinit$$0000000F)
    .ARM.Collect$$libinit$$00000011          0x0000015e   Section        0  libinit2.o(.ARM.Collect$$libinit$$00000011)
    .ARM.Collect$$libinit$$00000012          0x0000015e   Section       12  libinit2.o(.ARM.Collect$$libinit$$00000012)
    .ARM.Collect$$libinit$$00000013          0x0000016a   Section        0  libinit2.o(.ARM.Collect$$libinit$$00000013)
    .ARM.Collect$$libinit$$00000015          0x0000016a   Section        0  libinit2.o(.ARM.Collect$$libinit$$00000015)
    .ARM.Collect$$libinit$$00000016          0x0000016a   Section       10  libinit2.o(.ARM.Collect$$libinit$$00000016)
    .ARM.Collect$$libinit$$00000017          0x00000174   Section        0  libinit2.o(.ARM.Collect$$libinit$$00000017)
    .ARM.Collect$$libinit$$00000019          0x00000174   Section        0  libinit2.o(.ARM.Collect$$libinit$$00000019)
    .ARM.Collect$$libinit$$0000001B          0x00000174   Section        0  libinit2.o(.ARM.Collect$$libinit$$0000001B)
    .ARM.Collect$$libinit$$0000001D          0x00000174   Section        0  libinit2.o(.ARM.Collect$$libinit$$0000001D)
    .ARM.Collect$$libinit$$0000001F          0x00000174   Section        0  libinit2.o(.ARM.Collect$$libinit$$0000001F)
    .ARM.Collect$$libinit$$00000021          0x00000174   Section        0  libinit2.o(.ARM.Collect$$libinit$$00000021)
    .ARM.Collect$$libinit$$00000023          0x00000174   Section        0  libinit2.o(.ARM.Collect$$libinit$$00000023)
    .ARM.Collect$$libinit$$00000025          0x00000174   Section        0  libinit2.o(.ARM.Collect$$libinit$$00000025)
    .ARM.Collect$$libinit$$0000002C          0x00000174   Section        0  libinit2.o(.ARM.Collect$$libinit$$0000002C)
    .ARM.Collect$$libinit$$0000002E          0x00000174   Section        0  libinit2.o(.ARM.Collect$$libinit$$0000002E)
    .ARM.Collect$$libinit$$00000030          0x00000174   Section        0  libinit2.o(.ARM.Collect$$libinit$$00000030)
    .ARM.Collect$$libinit$$00000032          0x00000174   Section        0  libinit2.o(.ARM.Collect$$libinit$$00000032)
    .ARM.Collect$$libinit$$00000033          0x00000174   Section        2  libinit2.o(.ARM.Collect$$libinit$$00000033)
    .ARM.Collect$$libshutdown$$00000000      0x00000176   Section        2  libshutdown.o(.ARM.Collect$$libshutdown$$00000000)
    .ARM.Collect$$libshutdown$$00000002      0x00000178   Section        0  libshutdown2.o(.ARM.Collect$$libshutdown$$00000002)
    .ARM.Collect$$libshutdown$$00000004      0x00000178   Section        0  libshutdown2.o(.ARM.Collect$$libshutdown$$00000004)
    .ARM.Collect$$libshutdown$$00000007      0x00000178   Section        0  libshutdown2.o(.ARM.Collect$$libshutdown$$00000007)
    .ARM.Collect$$libshutdown$$0000000A      0x00000178   Section        0  libshutdown2.o(.ARM.Collect$$libshutdown$$0000000A)
    .ARM.Collect$$libshutdown$$0000000C      0x00000178   Section        0  libshutdown2.o(.ARM.Collect$$libshutdown$$0000000C)
    .ARM.Collect$$libshutdown$$0000000F      0x00000178   Section        0  libshutdown2.o(.ARM.Collect$$libshutdown$$0000000F)
    .ARM.Collect$$libshutdown$$00000010      0x00000178   Section        2  libshutdown2.o(.ARM.Collect$$libshutdown$$00000010)
    .ARM.Collect$$rtentry$$00000000          0x0000017a   Section        0  __rtentry.o(.ARM.Collect$$rtentry$$00000000)
    .ARM.Collect$$rtentry$$00000002          0x0000017a   Section        0  __rtentry2.o(.ARM.Collect$$rtentry$$00000002)
    .ARM.Collect$$rtentry$$00000004          0x0000017a   Section        6  __rtentry4.o(.ARM.Collect$$rtentry$$00000004)
    .ARM.Collect$$rtentry$$00000009          0x00000180   Section        0  __rtentry2.o(.ARM.Collect$$rtentry$$00000009)
    .ARM.Collect$$rtentry$$0000000A          0x00000180   Section        4  __rtentry2.o(.ARM.Collect$$rtentry$$0000000A)
    .ARM.Collect$$rtentry$$0000000C          0x00000184   Section        0  __rtentry2.o(.ARM.Collect$$rtentry$$0000000C)
    .ARM.Collect$$rtentry$$0000000D          0x00000184   Section        8  __rtentry2.o(.ARM.Collect$$rtentry$$0000000D)
    .ARM.Collect$$rtexit$$00000000           0x0000018c   Section        2  rtexit.o(.ARM.Collect$$rtexit$$00000000)
    .ARM.Collect$$rtexit$$00000002           0x0000018e   Section        0  rtexit2.o(.ARM.Collect$$rtexit$$00000002)
    .ARM.Collect$$rtexit$$00000003           0x0000018e   Section        4  rtexit2.o(.ARM.Collect$$rtexit$$00000003)
    .ARM.Collect$$rtexit$$00000004           0x00000192   Section        6  rtexit2.o(.ARM.Collect$$rtexit$$00000004)
    .text                                    0x00000198   Section       64  startup_mkl25z4.o(.text)
    .text                                    0x000001d8   Section        0  noretval__2printf.o(.text)
    .text                                    0x000001f4   Section        0  _printf_pad.o(.text)
    .text                                    0x00000242   Section        0  _printf_str.o(.text)
    .text                                    0x00000294   Section        0  __printf_wp.o(.text)
    .text                                    0x000003a2   Section        0  heapauxi.o(.text)
    .text                                    0x000003a8   Section        0  dfixui.o(.text)
    .text                                    0x000003f0   Section       16  rt_ctype_table.o(.text)
    .ARM.__at_0x400                          0x00000400   Section       16  startup_mkl25z4.o(.ARM.__at_0x400)
    .text                                    0x00000410   Section        0  strtol.o(.text)
    .text                                    0x00000480   Section      346  aeabi_sdiv.o(.text)
    .text                                    0x000005dc   Section        0  ddiv.o(.text)
    .text                                    0x00000a24   Section        0  dflti.o(.text)
    .text                                    0x00000a7c   Section        0  f2d.o(.text)
    .text                                    0x00000ad0   Section        0  fdiv.o(.text)
    .text                                    0x00000c30   Section        0  fflti.o(.text)
    .text                                    0x00000c90   Section        8  rt_errno_addr_intlibspace.o(.text)
    .text                                    0x00000c98   Section        0  _printf_fp_dec.o(.text)
    _fp_digits                               0x00000c9b   Thumb Code   408  _printf_fp_dec.o(.text)
    .text                                    0x000010ac   Section        0  _printf_char.o(.text)
    .text                                    0x000010dc   Section        0  _printf_char_file.o(.text)
    .text                                    0x00001104   Section        0  _strtoul.o(.text)
    .text                                    0x000011ac   Section        0  fcmpin.o(.text)
    .text                                    0x00001210   Section        8  libspace.o(.text)
    .text                                    0x00001218   Section        8  rt_locale_intlibspace.o(.text)
    .text                                    0x00001220   Section        0  lludiv10.o(.text)
    .text                                    0x0000129c   Section        0  _printf_char_common.o(.text)
    _printf_input_char                       0x0000129d   Thumb Code    10  _printf_char_common.o(.text)
    .text                                    0x000012cc   Section        0  _printf_fp_infnan.o(.text)
    .text                                    0x00001354   Section        0  _chval.o(.text)
    .text                                    0x00001374   Section        0  bigflt0.o(.text)
    .text                                    0x0000143c   Section        0  btod.o(.text)
    btod_internal_mul                        0x0000147d   Thumb Code   456  btod.o(.text)
    btod_internal_div                        0x00001645   Thumb Code   494  btod.o(.text)
    .text                                    0x000018e4   Section        0  ferror.o(.text)
    .text                                    0x000018ec   Section        0  rtudiv10.o(.text)
    .text                                    0x00001914   Section        0  cmpret.o(.text)
    .text                                    0x00001944   Section        0  fnan2.o(.text)
    .text                                    0x00001954   Section       62  sys_stackheap_outer.o(.text)
    .text                                    0x00001992   Section        0  exit.o(.text)
    .text                                    0x000019a4   Section        0  strcmp.o(.text)
    .text                                    0x00001a2c   Section        0  retnan.o(.text)
    .text                                    0x00001a8c   Section        0  sys_exit.o(.text)
    .text                                    0x00001a98   Section        2  use_no_semi.o(.text)
    .text                                    0x00001a9a   Section        0  indicate_semi.o(.text)
    i.Control_RGB_LEDs                       0x00001a9c   Section        0  leds.o(i.Control_RGB_LEDs)
    i.Convert_Number_to_Float                0x00001ae8   Section        0  gps.o(i.Convert_Number_to_Float)
    i.Decode_GPS                             0x00001d10   Section        0  gps.o(i.Decode_GPS)
    i.Decode_HeaderGPS                       0x00001e04   Section        0  gps.o(i.Decode_HeaderGPS)
    i.Get_Num_Rx_Chars_Available             0x00001e90   Section        0  uart.o(i.Get_Num_Rx_Chars_Available)
    i.Init_RGB_LEDs                          0x00001ea0   Section        0  leds.o(i.Init_RGB_LEDs)
    i.Init_UART0                             0x00001f2c   Section        0  uart.o(i.Init_UART0)
    i.Init_UART2                             0x00002020   Section        0  uart.o(i.Init_UART2)
    i.NVIC_ClearPendingIRQ                   0x000020d0   Section        0  timers.o(i.NVIC_ClearPendingIRQ)
    NVIC_ClearPendingIRQ                     0x000020d1   Thumb Code    14  timers.o(i.NVIC_ClearPendingIRQ)
    i.NVIC_ClearPendingIRQ                   0x000020e4   Section        0  uart.o(i.NVIC_ClearPendingIRQ)
    NVIC_ClearPendingIRQ                     0x000020e5   Thumb Code    14  uart.o(i.NVIC_ClearPendingIRQ)
    i.NVIC_EnableIRQ                         0x000020f8   Section        0  uart.o(i.NVIC_EnableIRQ)
    NVIC_EnableIRQ                           0x000020f9   Thumb Code    14  uart.o(i.NVIC_EnableIRQ)
    i.NVIC_SetPriority                       0x0000210c   Section        0  uart.o(i.NVIC_SetPriority)
    NVIC_SetPriority                         0x0000210d   Thumb Code   110  uart.o(i.NVIC_SetPriority)
    i.PIT_IRQHandler                         0x00002184   Section        0  timers.o(i.PIT_IRQHandler)
    i.Q_Dequeue                              0x000021f8   Section        0  queue.o(i.Q_Dequeue)
    i.Q_Empty                                0x0000223c   Section        0  queue.o(i.Q_Empty)
    i.Q_Enqueue                              0x00002250   Section        0  queue.o(i.Q_Enqueue)
    i.Q_Full                                 0x0000228c   Section        0  queue.o(i.Q_Full)
    i.Q_Init                                 0x000022a4   Section        0  queue.o(i.Q_Init)
    i.Q_Size                                 0x000022c4   Section        0  queue.o(i.Q_Size)
    i.SystemInit                             0x000022d0   Section        0  system_mkl25z4.o(i.SystemInit)
    i.Task_NMEA_Decode                       0x00002408   Section        0  gps.o(i.Task_NMEA_Decode)
    i.Task_Report_Drift                      0x00002468   Section        0  gps.o(i.Task_Report_Drift)
    i.UART0_IRQHandler                       0x00002534   Section        0  uart.o(i.UART0_IRQHandler)
    i.UART2_IRQHandler                       0x000025d8   Section        0  uart.o(i.UART2_IRQHandler)
    i.__ARM_common_ll_muluu                  0x00002658   Section        0  btod.o(i.__ARM_common_ll_muluu)
    i.__ARM_common_switch8                   0x00002688   Section        0  gps.o(i.__ARM_common_switch8)
    i.__ARM_fpclassify                       0x000026a4   Section        0  fpclassify.o(i.__ARM_fpclassify)
    i._is_digit                              0x000026d0   Section        0  __printf_wp.o(i._is_digit)
    i.checksum                               0x000026e0   Section        0  gps.o(i.checksum)
    i.fputc                                  0x00002730   Section        0  uart.o(i.fputc)
    i.main                                   0x00002754   Section        0  main.o(i.main)
    locale$$code                             0x000028f4   Section       44  lc_ctype_c.o(locale$$code)
    locale$$code                             0x00002920   Section       44  lc_numeric_c.o(locale$$code)
    x$fpl$fadd                               0x0000294c   Section      140  faddsub.o(x$fpl$fadd)
    _fadd1                                   0x00002959   Thumb Code     0  faddsub.o(x$fpl$fadd)
    x$fpl$fleqf                              0x000029d8   Section       84  flef.o(x$fpl$fleqf)
    x$fpl$fmul                               0x00002a2c   Section      176  fmul.o(x$fpl$fmul)
    x$fpl$frleqf                             0x00002adc   Section       88  frlef.o(x$fpl$frleqf)
    x$fpl$fsub                               0x00002b34   Section      208  faddsub.o(x$fpl$fsub)
    _fsub1                                   0x00002b41   Thumb Code     0  faddsub.o(x$fpl$fsub)
    x$fpl$printf1                            0x00002c04   Section       16  printf1.o(x$fpl$printf1)
    .constdata                               0x00002c14   Section      128  ddiv.o(.constdata)
    x$fpl$usenofp                            0x00002c14   Section        0  usenofp.o(x$fpl$usenofp)
    ddiv_reciptbl                            0x00002c14   Data         128  ddiv.o(.constdata)
    .constdata                               0x00002c94   Section       64  fdiv.o(.constdata)
    fdiv_tab                                 0x00002c94   Data          64  fdiv.o(.constdata)
    .constdata                               0x00002cd4   Section      148  bigflt0.o(.constdata)
    tenpwrs_x                                0x00002cd4   Data          60  bigflt0.o(.constdata)
    tenpwrs_i                                0x00002d10   Data          64  bigflt0.o(.constdata)
    .conststring                             0x00002d68   Section       87  gps.o(.conststring)
    locale$$data                             0x00002de0   Section      272  lc_ctype_c.o(locale$$data)
    __lcctype_c_name                         0x00002de4   Data           2  lc_ctype_c.o(locale$$data)
    __lcctype_c_start                        0x00002dec   Data           0  lc_ctype_c.o(locale$$data)
    locale$$data                             0x00002ef0   Section       28  lc_numeric_c.o(locale$$data)
    __lcctype_c_end                          0x00002ef0   Data           0  lc_ctype_c.o(locale$$data)
    __lcnum_c_name                           0x00002ef4   Data           2  lc_numeric_c.o(locale$$data)
    __lcnum_c_start                          0x00002efc   Data           0  lc_numeric_c.o(locale$$data)
    __lcnum_c_point                          0x00002f08   Data           0  lc_numeric_c.o(locale$$data)
    __lcnum_c_thousands                      0x00002f0a   Data           0  lc_numeric_c.o(locale$$data)
    __lcnum_c_grouping                       0x00002f0b   Data           0  lc_numeric_c.o(locale$$data)
    __lcnum_c_end                            0x00002f0c   Data           0  lc_numeric_c.o(locale$$data)
    .data                                    0x1ffff000   Section       12  timers.o(.data)
    LCD_update_delay                         0x1ffff008   Data           4  timers.o(.data)
    .data                                    0x1ffff00c   Section       12  uart.o(.data)
    .data                                    0x1ffff018   Section        9  gps.o(.data)
    .bss                                     0x1ffff024   Section      256  main.o(.bss)
    .bss                                     0x1ffff124   Section      536  uart.o(.bss)
    .bss                                     0x1ffff33c   Section       32  gps.o(.bss)
    .bss                                     0x1ffff35c   Section       96  libspace.o(.bss)
    HEAP                                     0x1ffff3c0   Section        0  startup_mkl25z4.o(HEAP)
    STACK                                    0x1ffff3c0   Section     1024  startup_mkl25z4.o(STACK)
    Heap_Mem                                 0x1ffff3c0   Data           0  startup_mkl25z4.o(HEAP)
    Stack_Mem                                0x1ffff3c0   Data        1024  startup_mkl25z4.o(STACK)
    __initial_sp                             0x1ffff7c0   Data           0  startup_mkl25z4.o(STACK)

    Global Symbols

    Symbol Name                              Value     Ov Type        Size  Object(Section)

    BuildAttributes$$THM_ISAv3M$S$PE$A:L22$X:L11$S22$IEEE1$IW$USESV6$~STKCKD$USESV7$~SHL$OTIME$ROPI$IEEEJ$EBA8$UX$STANDARDLIB$REQ8$PRES8$EABIv2 0x00000000   Number         0  anon$$obj.o ABSOLUTE
    __ARM_use_no_argv                        0x00000000   Number         0  main.o ABSOLUTE
    __Vectors                                0x00000000   Data           4  startup_mkl25z4.o(RESET)
    _printf_flags                            0x00000000   Number         0  printf_stubs.o ABSOLUTE
    _printf_return_value                     0x00000000   Number         0  printf_stubs.o ABSOLUTE
    _printf_sizespec                         0x00000000   Number         0  printf_stubs.o ABSOLUTE
    _printf_widthprec                        0x00000000   Number         0  printf_stubs.o ABSOLUTE
    __ARM_exceptions_init                     - Undefined Weak Reference
    __alloca_initialize                       - Undefined Weak Reference
    __arm_preinit_                            - Undefined Weak Reference
    __cpp_initialize__aeabi_                  - Undefined Weak Reference
    __cxa_finalize                            - Undefined Weak Reference
    __sigvec_lookup                           - Undefined Weak Reference
    _atexit_init                              - Undefined Weak Reference
    _call_atexit_fns                          - Undefined Weak Reference
    _clock_init                               - Undefined Weak Reference
    _fp_trap_init                             - Undefined Weak Reference
    _fp_trap_shutdown                         - Undefined Weak Reference
    _get_lc_collate                           - Undefined Weak Reference
    _get_lc_monetary                          - Undefined Weak Reference
    _get_lc_time                              - Undefined Weak Reference
    _getenv_init                              - Undefined Weak Reference
    _handle_redirection                       - Undefined Weak Reference
    _init_alloc                               - Undefined Weak Reference
    _init_user_alloc                          - Undefined Weak Reference
    _initio                                   - Undefined Weak Reference
    _mutex_acquire                            - Undefined Weak Reference
    _mutex_release                            - Undefined Weak Reference
    _printf_mbtowc                            - Undefined Weak Reference
    _rand_init                                - Undefined Weak Reference
    _signal_finish                            - Undefined Weak Reference
    _signal_init                              - Undefined Weak Reference
    _terminate_alloc                          - Undefined Weak Reference
    _terminate_user_alloc                     - Undefined Weak Reference
    _terminateio                              - Undefined Weak Reference
    __Vectors_End                            0x000000c0   Data           0  startup_mkl25z4.o(RESET)
    __Vectors_Size                           0x000000c0   Number         0  startup_mkl25z4.o ABSOLUTE
    __main                                   0x000000c1   Thumb Code     8  __main.o(!!!main)
    __scatterload                            0x000000c9   Thumb Code     0  __scatter.o(!!!scatter)
    __scatterload_rt2                        0x000000c9   Thumb Code    52  __scatter.o(!!!scatter)
    __scatterload_rt2_thumb_only             0x000000c9   Thumb Code     0  __scatter.o(!!!scatter)
    __scatterload_null                       0x000000d9   Thumb Code     0  __scatter.o(!!!scatter)
    __scatterload_copy                       0x00000105   Thumb Code    26  __scatter_copy.o(!!handler_copy)
    __scatterload_zeroinit                   0x00000121   Thumb Code    28  __scatter_zi.o(!!handler_zi)
    _printf_percent                          0x0000013d   Thumb Code     0  _printf_percent.o(.ARM.Collect$$_printf_percent$$00000000)
    _printf_f                                0x0000013f   Thumb Code     0  _printf_f.o(.ARM.Collect$$_printf_percent$$00000003)
    _printf_c                                0x00000149   Thumb Code     0  _printf_c.o(.ARM.Collect$$_printf_percent$$00000013)
    _printf_percent_end                      0x00000153   Thumb Code     0  _printf_percent_end.o(.ARM.Collect$$_printf_percent$$00000017)
    __rt_lib_init                            0x00000157   Thumb Code     0  libinit.o(.ARM.Collect$$libinit$$00000000)
    __rt_lib_init_fp_1                       0x00000159   Thumb Code     0  libinit2.o(.ARM.Collect$$libinit$$00000002)
    __rt_lib_init_heap_1                     0x00000159   Thumb Code     0  libinit2.o(.ARM.Collect$$libinit$$0000000A)
    __rt_lib_init_lc_common                  0x00000159   Thumb Code     0  libinit2.o(.ARM.Collect$$libinit$$0000000F)
    __rt_lib_init_preinit_1                  0x00000159   Thumb Code     0  libinit2.o(.ARM.Collect$$libinit$$00000004)
    __rt_lib_init_rand_1                     0x00000159   Thumb Code     0  libinit2.o(.ARM.Collect$$libinit$$0000000E)
    __rt_lib_init_user_alloc_1               0x00000159   Thumb Code     0  libinit2.o(.ARM.Collect$$libinit$$0000000C)
    __rt_lib_init_lc_collate_1               0x0000015f   Thumb Code     0  libinit2.o(.ARM.Collect$$libinit$$00000011)
    __rt_lib_init_lc_ctype_2                 0x0000015f   Thumb Code     0  libinit2.o(.ARM.Collect$$libinit$$00000012)
    __rt_lib_init_lc_ctype_1                 0x0000016b   Thumb Code     0  libinit2.o(.ARM.Collect$$libinit$$00000013)
    __rt_lib_init_lc_monetary_1              0x0000016b   Thumb Code     0  libinit2.o(.ARM.Collect$$libinit$$00000015)
    __rt_lib_init_lc_numeric_2               0x0000016b   Thumb Code     0  libinit2.o(.ARM.Collect$$libinit$$00000016)
    __rt_lib_init_alloca_1                   0x00000175   Thumb Code     0  libinit2.o(.ARM.Collect$$libinit$$0000002E)
    __rt_lib_init_argv_1                     0x00000175   Thumb Code     0  libinit2.o(.ARM.Collect$$libinit$$0000002C)
    __rt_lib_init_atexit_1                   0x00000175   Thumb Code     0  libinit2.o(.ARM.Collect$$libinit$$0000001B)
    __rt_lib_init_clock_1                    0x00000175   Thumb Code     0  libinit2.o(.ARM.Collect$$libinit$$00000021)
    __rt_lib_init_cpp_1                      0x00000175   Thumb Code     0  libinit2.o(.ARM.Collect$$libinit$$00000032)
    __rt_lib_init_exceptions_1               0x00000175   Thumb Code     0  libinit2.o(.ARM.Collect$$libinit$$00000030)
    __rt_lib_init_fp_trap_1                  0x00000175   Thumb Code     0  libinit2.o(.ARM.Collect$$libinit$$0000001F)
    __rt_lib_init_getenv_1                   0x00000175   Thumb Code     0  libinit2.o(.ARM.Collect$$libinit$$00000023)
    __rt_lib_init_lc_numeric_1               0x00000175   Thumb Code     0  libinit2.o(.ARM.Collect$$libinit$$00000017)
    __rt_lib_init_lc_time_1                  0x00000175   Thumb Code     0  libinit2.o(.ARM.Collect$$libinit$$00000019)
    __rt_lib_init_return                     0x00000175   Thumb Code     0  libinit2.o(.ARM.Collect$$libinit$$00000033)
    __rt_lib_init_signal_1                   0x00000175   Thumb Code     0  libinit2.o(.ARM.Collect$$libinit$$0000001D)
    __rt_lib_init_stdio_1                    0x00000175   Thumb Code     0  libinit2.o(.ARM.Collect$$libinit$$00000025)
    __rt_lib_shutdown                        0x00000177   Thumb Code     0  libshutdown.o(.ARM.Collect$$libshutdown$$00000000)
    __rt_lib_shutdown_cpp_1                  0x00000179   Thumb Code     0  libshutdown2.o(.ARM.Collect$$libshutdown$$00000002)
    __rt_lib_shutdown_fp_trap_1              0x00000179   Thumb Code     0  libshutdown2.o(.ARM.Collect$$libshutdown$$00000007)
    __rt_lib_shutdown_heap_1                 0x00000179   Thumb Code     0  libshutdown2.o(.ARM.Collect$$libshutdown$$0000000F)
    __rt_lib_shutdown_return                 0x00000179   Thumb Code     0  libshutdown2.o(.ARM.Collect$$libshutdown$$00000010)
    __rt_lib_shutdown_signal_1               0x00000179   Thumb Code     0  libshutdown2.o(.ARM.Collect$$libshutdown$$0000000A)
    __rt_lib_shutdown_stdio_1                0x00000179   Thumb Code     0  libshutdown2.o(.ARM.Collect$$libshutdown$$00000004)
    __rt_lib_shutdown_user_alloc_1           0x00000179   Thumb Code     0  libshutdown2.o(.ARM.Collect$$libshutdown$$0000000C)
    __rt_entry                               0x0000017b   Thumb Code     0  __rtentry.o(.ARM.Collect$$rtentry$$00000000)
    __rt_entry_presh_1                       0x0000017b   Thumb Code     0  __rtentry2.o(.ARM.Collect$$rtentry$$00000002)
    __rt_entry_sh                            0x0000017b   Thumb Code     0  __rtentry4.o(.ARM.Collect$$rtentry$$00000004)
    __rt_entry_li                            0x00000181   Thumb Code     0  __rtentry2.o(.ARM.Collect$$rtentry$$0000000A)
    __rt_entry_postsh_1                      0x00000181   Thumb Code     0  __rtentry2.o(.ARM.Collect$$rtentry$$00000009)
    __rt_entry_main                          0x00000185   Thumb Code     0  __rtentry2.o(.ARM.Collect$$rtentry$$0000000D)
    __rt_entry_postli_1                      0x00000185   Thumb Code     0  __rtentry2.o(.ARM.Collect$$rtentry$$0000000C)
    __rt_exit                                0x0000018d   Thumb Code     0  rtexit.o(.ARM.Collect$$rtexit$$00000000)
    __rt_exit_ls                             0x0000018f   Thumb Code     0  rtexit2.o(.ARM.Collect$$rtexit$$00000003)
    __rt_exit_prels_1                        0x0000018f   Thumb Code     0  rtexit2.o(.ARM.Collect$$rtexit$$00000002)
    __rt_exit_exit                           0x00000193   Thumb Code     0  rtexit2.o(.ARM.Collect$$rtexit$$00000004)
    Reset_Handler                            0x00000199   Thumb Code    12  startup_mkl25z4.o(.text)
    NMI_Handler                              0x000001a5   Thumb Code     2  startup_mkl25z4.o(.text)
    HardFault_Handler                        0x000001a7   Thumb Code     2  startup_mkl25z4.o(.text)
    SVC_Handler                              0x000001a9   Thumb Code     2  startup_mkl25z4.o(.text)
    PendSV_Handler                           0x000001ab   Thumb Code     2  startup_mkl25z4.o(.text)
    SysTick_Handler                          0x000001ad   Thumb Code     2  startup_mkl25z4.o(.text)
    ADC0_IRQHandler                          0x000001af   Thumb Code     0  startup_mkl25z4.o(.text)
    CMP0_IRQHandler                          0x000001af   Thumb Code     0  startup_mkl25z4.o(.text)
    DAC0_IRQHandler                          0x000001af   Thumb Code     0  startup_mkl25z4.o(.text)
    DMA0_IRQHandler                          0x000001af   Thumb Code     0  startup_mkl25z4.o(.text)
    DMA1_IRQHandler                          0x000001af   Thumb Code     0  startup_mkl25z4.o(.text)
    DMA2_IRQHandler                          0x000001af   Thumb Code     0  startup_mkl25z4.o(.text)
    DMA3_IRQHandler                          0x000001af   Thumb Code     0  startup_mkl25z4.o(.text)
    DefaultISR                               0x000001af   Thumb Code     0  startup_mkl25z4.o(.text)
    FTFA_IRQHandler                          0x000001af   Thumb Code     0  startup_mkl25z4.o(.text)
    I2C0_IRQHandler                          0x000001af   Thumb Code     0  startup_mkl25z4.o(.text)
    I2C1_IRQHandler                          0x000001af   Thumb Code     0  startup_mkl25z4.o(.text)
    LLWU_IRQHandler                          0x000001af   Thumb Code     0  startup_mkl25z4.o(.text)
    LPTMR0_IRQHandler                        0x000001af   Thumb Code     0  startup_mkl25z4.o(.text)
    LVD_LVW_IRQHandler                       0x000001af   Thumb Code     0  startup_mkl25z4.o(.text)
    MCG_IRQHandler                           0x000001af   Thumb Code     0  startup_mkl25z4.o(.text)
    PORTA_IRQHandler                         0x000001af   Thumb Code     0  startup_mkl25z4.o(.text)
    PORTD_IRQHandler                         0x000001af   Thumb Code     0  startup_mkl25z4.o(.text)
    RTC_IRQHandler                           0x000001af   Thumb Code     0  startup_mkl25z4.o(.text)
    RTC_Seconds_IRQHandler                   0x000001af   Thumb Code     0  startup_mkl25z4.o(.text)
    Reserved20_IRQHandler                    0x000001af   Thumb Code     0  startup_mkl25z4.o(.text)
    Reserved39_IRQHandler                    0x000001af   Thumb Code     0  startup_mkl25z4.o(.text)
    Reserved45_IRQHandler                    0x000001af   Thumb Code     0  startup_mkl25z4.o(.text)
    SPI0_IRQHandler                          0x000001af   Thumb Code     0  startup_mkl25z4.o(.text)
    SPI1_IRQHandler                          0x000001af   Thumb Code     0  startup_mkl25z4.o(.text)
    TPM0_IRQHandler                          0x000001af   Thumb Code     0  startup_mkl25z4.o(.text)
    TPM1_IRQHandler                          0x000001af   Thumb Code     0  startup_mkl25z4.o(.text)
    TPM2_IRQHandler                          0x000001af   Thumb Code     0  startup_mkl25z4.o(.text)
    TSI0_IRQHandler                          0x000001af   Thumb Code     0  startup_mkl25z4.o(.text)
    UART1_IRQHandler                         0x000001af   Thumb Code     0  startup_mkl25z4.o(.text)
    USB0_IRQHandler                          0x000001af   Thumb Code     0  startup_mkl25z4.o(.text)
    __user_initial_stackheap                 0x000001b5   Thumb Code     0  startup_mkl25z4.o(.text)
    __2printf                                0x000001d9   Thumb Code    22  noretval__2printf.o(.text)
    _printf_pre_padding                      0x000001f5   Thumb Code    44  _printf_pad.o(.text)
    _printf_post_padding                     0x00000221   Thumb Code    34  _printf_pad.o(.text)
    _printf_str                              0x00000243   Thumb Code    82  _printf_str.o(.text)
    __printf                                 0x00000295   Thumb Code   270  __printf_wp.o(.text)
    __use_two_region_memory                  0x000003a3   Thumb Code     2  heapauxi.o(.text)
    __rt_heap_escrow$2region                 0x000003a5   Thumb Code     2  heapauxi.o(.text)
    __rt_heap_expand$2region                 0x000003a7   Thumb Code     2  heapauxi.o(.text)
    __aeabi_d2uiz                            0x000003a9   Thumb Code     0  dfixui.o(.text)
    _dfixu                                   0x000003a9   Thumb Code    68  dfixui.o(.text)
    __rt_ctype_table                         0x000003f1   Thumb Code    16  rt_ctype_table.o(.text)
    strtol                                   0x00000411   Thumb Code   108  strtol.o(.text)
    __aeabi_uidiv                            0x00000481   Thumb Code     0  aeabi_sdiv.o(.text)
    __aeabi_uidivmod                         0x00000481   Thumb Code    20  aeabi_sdiv.o(.text)
    __aeabi_idiv                             0x00000495   Thumb Code     0  aeabi_sdiv.o(.text)
    __aeabi_idivmod                          0x00000495   Thumb Code   326  aeabi_sdiv.o(.text)
    __aeabi_ddiv                             0x000005dd   Thumb Code     0  ddiv.o(.text)
    _ddiv                                    0x000005dd   Thumb Code  1072  ddiv.o(.text)
    _drdiv                                   0x00000a0d   Thumb Code    20  ddiv.o(.text)
    __aeabi_i2d_normalise                    0x00000a25   Thumb Code    66  dflti.o(.text)
    __aeabi_i2d                              0x00000a67   Thumb Code    16  dflti.o(.text)
    _dflt                                    0x00000a67   Thumb Code     0  dflti.o(.text)
    __aeabi_ui2d                             0x00000a77   Thumb Code     6  dflti.o(.text)
    _dfltu                                   0x00000a77   Thumb Code     0  dflti.o(.text)
    __aeabi_f2d                              0x00000a7d   Thumb Code     0  f2d.o(.text)
    _f2d                                     0x00000a7d   Thumb Code    80  f2d.o(.text)
    __aeabi_fdiv                             0x00000ad1   Thumb Code     0  fdiv.o(.text)
    _fdiv                                    0x00000ad1   Thumb Code   334  fdiv.o(.text)
    _frdiv                                   0x00000c1f   Thumb Code     8  fdiv.o(.text)
    __aeabi_i2f_normalise                    0x00000c31   Thumb Code    72  fflti.o(.text)
    __aeabi_i2f                              0x00000c79   Thumb Code    16  fflti.o(.text)
    _fflt                                    0x00000c79   Thumb Code     0  fflti.o(.text)
    __aeabi_ui2f                             0x00000c89   Thumb Code     6  fflti.o(.text)
    _ffltu                                   0x00000c89   Thumb Code     0  fflti.o(.text)
    __aeabi_errno_addr                       0x00000c91   Thumb Code     8  rt_errno_addr_intlibspace.o(.text)
    __errno$intlibspace                      0x00000c91   Thumb Code     0  rt_errno_addr_intlibspace.o(.text)
    __rt_errno_addr$intlibspace              0x00000c91   Thumb Code     0  rt_errno_addr_intlibspace.o(.text)
    __lib_sel_fp_printf                      0x00000c99   Thumb Code     2  _printf_fp_dec.o(.text)
    _printf_fp_dec_real                      0x00000e33   Thumb Code   620  _printf_fp_dec.o(.text)
    _printf_cs_common                        0x000010ad   Thumb Code    22  _printf_char.o(.text)
    _printf_char                             0x000010c3   Thumb Code    16  _printf_char.o(.text)
    _printf_string                           0x000010d3   Thumb Code     8  _printf_char.o(.text)
    _printf_char_file                        0x000010dd   Thumb Code    34  _printf_char_file.o(.text)
    _strtoul                                 0x00001105   Thumb Code   166  _strtoul.o(.text)
    __fpl_fcmp_InfNaN                        0x000011ad   Thumb Code    96  fcmpin.o(.text)
    __user_libspace                          0x00001211   Thumb Code     8  libspace.o(.text)
    __user_perproc_libspace                  0x00001211   Thumb Code     0  libspace.o(.text)
    __user_perthread_libspace                0x00001211   Thumb Code     0  libspace.o(.text)
    __rt_locale                              0x00001219   Thumb Code     8  rt_locale_intlibspace.o(.text)
    _ll_udiv10                               0x00001221   Thumb Code   122  lludiv10.o(.text)
    _printf_char_common                      0x000012a7   Thumb Code    32  _printf_char_common.o(.text)
    _printf_fp_infnan                        0x000012cd   Thumb Code   120  _printf_fp_infnan.o(.text)
    _chval                                   0x00001355   Thumb Code    30  _chval.o(.text)
    _btod_etento                             0x00001375   Thumb Code   196  bigflt0.o(.text)
    _btod_d2e                                0x0000143d   Thumb Code    64  btod.o(.text)
    _btod_emul                               0x00001833   Thumb Code    24  btod.o(.text)
    _btod_emuld                              0x0000184b   Thumb Code    60  btod.o(.text)
    _btod_ediv                               0x00001887   Thumb Code    22  btod.o(.text)
    _btod_edivd                              0x0000189d   Thumb Code    60  btod.o(.text)
    ferror                                   0x000018e5   Thumb Code     8  ferror.o(.text)
    __rt_udiv10                              0x000018ed   Thumb Code    40  rtudiv10.o(.text)
    __fpl_cmpreturn                          0x00001915   Thumb Code    46  cmpret.o(.text)
    __fpl_fcheck_NaN2                        0x00001945   Thumb Code    10  fnan2.o(.text)
    __user_setup_stackheap                   0x00001955   Thumb Code    62  sys_stackheap_outer.o(.text)
    exit                                     0x00001993   Thumb Code    16  exit.o(.text)
    strcmp                                   0x000019a5   Thumb Code   132  strcmp.o(.text)
    __fpl_return_NaN                         0x00001a2d   Thumb Code    94  retnan.o(.text)
    _sys_exit                                0x00001a8d   Thumb Code     8  sys_exit.o(.text)
    __I$use$semihosting                      0x00001a99   Thumb Code     0  use_no_semi.o(.text)
    __use_no_semihosting_swi                 0x00001a99   Thumb Code     2  use_no_semi.o(.text)
    __semihosting_library_function           0x00001a9b   Thumb Code     0  indicate_semi.o(.text)
    Control_RGB_LEDs                         0x00001a9d   Thumb Code    70  leds.o(i.Control_RGB_LEDs)
    Convert_Number_to_Float                  0x00001ae9   Thumb Code   532  gps.o(i.Convert_Number_to_Float)
    Decode_GPS                               0x00001d11   Thumb Code   208  gps.o(i.Decode_GPS)
    Decode_HeaderGPS                         0x00001e05   Thumb Code   102  gps.o(i.Decode_HeaderGPS)
    Get_Num_Rx_Chars_Available               0x00001e91   Thumb Code    10  uart.o(i.Get_Num_Rx_Chars_Available)
    Init_RGB_LEDs                            0x00001ea1   Thumb Code   124  leds.o(i.Init_RGB_LEDs)
    Init_UART0                               0x00001f2d   Thumb Code   214  uart.o(i.Init_UART0)
    Init_UART2                               0x00002021   Thumb Code   150  uart.o(i.Init_UART2)
    PIT_IRQHandler                           0x00002185   Thumb Code   100  timers.o(i.PIT_IRQHandler)
    Q_Dequeue                                0x000021f9   Thumb Code    68  queue.o(i.Q_Dequeue)
    Q_Empty                                  0x0000223d   Thumb Code    20  queue.o(i.Q_Empty)
    Q_Enqueue                                0x00002251   Thumb Code    60  queue.o(i.Q_Enqueue)
    Q_Full                                   0x0000228d   Thumb Code    24  queue.o(i.Q_Full)
    Q_Init                                   0x000022a5   Thumb Code    32  queue.o(i.Q_Init)
    Q_Size                                   0x000022c5   Thumb Code    10  queue.o(i.Q_Size)
    SystemInit                               0x000022d1   Thumb Code   266  system_mkl25z4.o(i.SystemInit)
    Task_NMEA_Decode                         0x00002409   Thumb Code    60  gps.o(i.Task_NMEA_Decode)
    Task_Report_Drift                        0x00002469   Thumb Code   138  gps.o(i.Task_Report_Drift)
    UART0_IRQHandler                         0x00002535   Thumb Code   130  uart.o(i.UART0_IRQHandler)
    UART2_IRQHandler                         0x000025d9   Thumb Code   110  uart.o(i.UART2_IRQHandler)
    __ARM_common_ll_muluu                    0x00002659   Thumb Code    48  btod.o(i.__ARM_common_ll_muluu)
    __ARM_common_switch8                     0x00002689   Thumb Code    28  gps.o(i.__ARM_common_switch8)
    __ARM_fpclassify                         0x000026a5   Thumb Code    40  fpclassify.o(i.__ARM_fpclassify)
    _is_digit                                0x000026d1   Thumb Code    14  __printf_wp.o(i._is_digit)
    checksum                                 0x000026e1   Thumb Code    72  gps.o(i.checksum)
    fputc                                    0x00002731   Thumb Code    32  uart.o(i.fputc)
    main                                     0x00002755   Thumb Code   334  main.o(i.main)
    _get_lc_ctype                            0x000028f5   Thumb Code    44  lc_ctype_c.o(locale$$code)
    _get_lc_numeric                          0x00002921   Thumb Code    44  lc_numeric_c.o(locale$$code)
    __aeabi_fadd                             0x0000294d   Thumb Code     0  faddsub.o(x$fpl$fadd)
    _fadd                                    0x0000294d   Thumb Code   134  faddsub.o(x$fpl$fadd)
    __aeabi_cfcmple                          0x000029d9   Thumb Code     0  flef.o(x$fpl$fleqf)
    _fcmple                                  0x000029d9   Thumb Code    78  flef.o(x$fpl$fleqf)
    __aeabi_fmul                             0x00002a2d   Thumb Code     0  fmul.o(x$fpl$fmul)
    _fmul                                    0x00002a2d   Thumb Code   172  fmul.o(x$fpl$fmul)
    __aeabi_cfrcmple                         0x00002add   Thumb Code     0  frlef.o(x$fpl$frleqf)
    _frcmple                                 0x00002add   Thumb Code    84  frlef.o(x$fpl$frleqf)
    __aeabi_fsub                             0x00002b35   Thumb Code     0  faddsub.o(x$fpl$fsub)
    _fsub                                    0x00002b35   Thumb Code   204  faddsub.o(x$fpl$fsub)
    _printf_fp_dec                           0x00002c05   Thumb Code    16  printf1.o(x$fpl$printf1)
    __I$use$fp                               0x00002c14   Number         0  usenofp.o(x$fpl$usenofp)
    Region$$Table$$Base                      0x00002dc0   Number         0  anon$$obj.o(Region$$Table)
    Region$$Table$$Limit                     0x00002de0   Number         0  anon$$obj.o(Region$$Table)
    __ctype                                  0x00002ded   Data           0  lc_ctype_c.o(locale$$data)
    PIT_interrupt_counter                    0x1ffff000   Data           4  timers.o(.data)
    LCD_update_requested                     0x1ffff004   Data           4  timers.o(.data)
    message_received                         0x1ffff00c   Data           1  uart.o(.data)
    GPS_message_received                     0x1ffff00d   Data           1  uart.o(.data)
    __stdout                                 0x1ffff010   Data           4  uart.o(.data)
    __stdin                                  0x1ffff014   Data           4  uart.o(.data)
    message_type                             0x1ffff018   Data           4  gps.o(.data)
    given_sum                                0x1ffff01c   Data           4  gps.o(.data)
    direction                                0x1ffff020   Data           1  gps.o(.data)
    input_message                            0x1ffff024   Data         256  main.o(.bss)
    TxQ                                      0x1ffff124   Data         268  uart.o(.bss)
    RxQ                                      0x1ffff230   Data         268  uart.o(.bss)
    GPS_Message                              0x1ffff33c   Data          32  gps.o(.bss)
    __libspace_start                         0x1ffff35c   Data          96  libspace.o(.bss)
    __temporary_stack_top$libspace           0x1ffff3bc   Data           0  libspace.o(.bss)



==============================================================================

Memory Map of the image

  Image Entry point : 0x00000199

  Load Region LR_1 (Base: 0x00000000, Size: 0x00002f30, Max: 0xffffffff, ABSOLUTE)

    Execution Region ER_RO (Base: 0x00000000, Size: 0x00002f0c, Max: 0xffffffff, ABSOLUTE)

    Base Addr    Size         Type   Attr      Idx    E Section Name        Object

    0x00000000   0x000000c0   Data   RO          457    RESET               startup_mkl25z4.o
    0x000000c0   0x00000008   Code   RO          540  * !!!main             c_p.l(__main.o)
    0x000000c8   0x0000003c   Code   RO          802    !!!scatter          c_p.l(__scatter.o)
    0x00000104   0x0000001a   Code   RO          804    !!handler_copy      c_p.l(__scatter_copy.o)
    0x0000011e   0x00000002   PAD
    0x00000120   0x0000001c   Code   RO          806    !!handler_zi        c_p.l(__scatter_zi.o)
    0x0000013c   0x00000002   Code   RO          531    .ARM.Collect$$_printf_percent$$00000000  c_p.l(_printf_percent.o)
    0x0000013e   0x0000000a   Code   RO          530    .ARM.Collect$$_printf_percent$$00000003  c_p.l(_printf_f.o)
    0x00000148   0x0000000a   Code   RO          529    .ARM.Collect$$_printf_percent$$00000013  c_p.l(_printf_c.o)
    0x00000152   0x00000004   Code   RO          588    .ARM.Collect$$_printf_percent$$00000017  c_p.l(_printf_percent_end.o)
    0x00000156   0x00000002   Code   RO          672    .ARM.Collect$$libinit$$00000000  c_p.l(libinit.o)
    0x00000158   0x00000000   Code   RO          674    .ARM.Collect$$libinit$$00000002  c_p.l(libinit2.o)
    0x00000158   0x00000000   Code   RO          676    .ARM.Collect$$libinit$$00000004  c_p.l(libinit2.o)
    0x00000158   0x00000000   Code   RO          679    .ARM.Collect$$libinit$$0000000A  c_p.l(libinit2.o)
    0x00000158   0x00000000   Code   RO          681    .ARM.Collect$$libinit$$0000000C  c_p.l(libinit2.o)
    0x00000158   0x00000000   Code   RO          683    .ARM.Collect$$libinit$$0000000E  c_p.l(libinit2.o)
    0x00000158   0x00000006   Code   RO          684    .ARM.Collect$$libinit$$0000000F  c_p.l(libinit2.o)
    0x0000015e   0x00000000   Code   RO          686    .ARM.Collect$$libinit$$00000011  c_p.l(libinit2.o)
    0x0000015e   0x0000000c   Code   RO          687    .ARM.Collect$$libinit$$00000012  c_p.l(libinit2.o)
    0x0000016a   0x00000000   Code   RO          688    .ARM.Collect$$libinit$$00000013  c_p.l(libinit2.o)
    0x0000016a   0x00000000   Code   RO          690    .ARM.Collect$$libinit$$00000015  c_p.l(libinit2.o)
    0x0000016a   0x0000000a   Code   RO          691    .ARM.Collect$$libinit$$00000016  c_p.l(libinit2.o)
    0x00000174   0x00000000   Code   RO          692    .ARM.Collect$$libinit$$00000017  c_p.l(libinit2.o)
    0x00000174   0x00000000   Code   RO          694    .ARM.Collect$$libinit$$00000019  c_p.l(libinit2.o)
    0x00000174   0x00000000   Code   RO          696    .ARM.Collect$$libinit$$0000001B  c_p.l(libinit2.o)
    0x00000174   0x00000000   Code   RO          698    .ARM.Collect$$libinit$$0000001D  c_p.l(libinit2.o)
    0x00000174   0x00000000   Code   RO          700    .ARM.Collect$$libinit$$0000001F  c_p.l(libinit2.o)
    0x00000174   0x00000000   Code   RO          702    .ARM.Collect$$libinit$$00000021  c_p.l(libinit2.o)
    0x00000174   0x00000000   Code   RO          704    .ARM.Collect$$libinit$$00000023  c_p.l(libinit2.o)
    0x00000174   0x00000000   Code   RO          706    .ARM.Collect$$libinit$$00000025  c_p.l(libinit2.o)
    0x00000174   0x00000000   Code   RO          710    .ARM.Collect$$libinit$$0000002C  c_p.l(libinit2.o)
    0x00000174   0x00000000   Code   RO          712    .ARM.Collect$$libinit$$0000002E  c_p.l(libinit2.o)
    0x00000174   0x00000000   Code   RO          714    .ARM.Collect$$libinit$$00000030  c_p.l(libinit2.o)
    0x00000174   0x00000000   Code   RO          716    .ARM.Collect$$libinit$$00000032  c_p.l(libinit2.o)
    0x00000174   0x00000002   Code   RO          717    .ARM.Collect$$libinit$$00000033  c_p.l(libinit2.o)
    0x00000176   0x00000002   Code   RO          767    .ARM.Collect$$libshutdown$$00000000  c_p.l(libshutdown.o)
    0x00000178   0x00000000   Code   RO          785    .ARM.Collect$$libshutdown$$00000002  c_p.l(libshutdown2.o)
    0x00000178   0x00000000   Code   RO          787    .ARM.Collect$$libshutdown$$00000004  c_p.l(libshutdown2.o)
    0x00000178   0x00000000   Code   RO          790    .ARM.Collect$$libshutdown$$00000007  c_p.l(libshutdown2.o)
    0x00000178   0x00000000   Code   RO          793    .ARM.Collect$$libshutdown$$0000000A  c_p.l(libshutdown2.o)
    0x00000178   0x00000000   Code   RO          795    .ARM.Collect$$libshutdown$$0000000C  c_p.l(libshutdown2.o)
    0x00000178   0x00000000   Code   RO          798    .ARM.Collect$$libshutdown$$0000000F  c_p.l(libshutdown2.o)
    0x00000178   0x00000002   Code   RO          799    .ARM.Collect$$libshutdown$$00000010  c_p.l(libshutdown2.o)
    0x0000017a   0x00000000   Code   RO          570    .ARM.Collect$$rtentry$$00000000  c_p.l(__rtentry.o)
    0x0000017a   0x00000000   Code   RO          598    .ARM.Collect$$rtentry$$00000002  c_p.l(__rtentry2.o)
    0x0000017a   0x00000006   Code   RO          610    .ARM.Collect$$rtentry$$00000004  c_p.l(__rtentry4.o)
    0x00000180   0x00000000   Code   RO          600    .ARM.Collect$$rtentry$$00000009  c_p.l(__rtentry2.o)
    0x00000180   0x00000004   Code   RO          601    .ARM.Collect$$rtentry$$0000000A  c_p.l(__rtentry2.o)
    0x00000184   0x00000000   Code   RO          603    .ARM.Collect$$rtentry$$0000000C  c_p.l(__rtentry2.o)
    0x00000184   0x00000008   Code   RO          604    .ARM.Collect$$rtentry$$0000000D  c_p.l(__rtentry2.o)
    0x0000018c   0x00000002   Code   RO          721    .ARM.Collect$$rtexit$$00000000  c_p.l(rtexit.o)
    0x0000018e   0x00000000   Code   RO          736    .ARM.Collect$$rtexit$$00000002  c_p.l(rtexit2.o)
    0x0000018e   0x00000004   Code   RO          737    .ARM.Collect$$rtexit$$00000003  c_p.l(rtexit2.o)
    0x00000192   0x00000006   Code   RO          738    .ARM.Collect$$rtexit$$00000004  c_p.l(rtexit2.o)
    0x00000198   0x00000040   Code   RO          459  * .text               startup_mkl25z4.o
    0x000001d8   0x0000001c   Code   RO          501    .text               c_p.l(noretval__2printf.o)
    0x000001f4   0x0000004e   Code   RO          505    .text               c_p.l(_printf_pad.o)
    0x00000242   0x00000052   Code   RO          507    .text               c_p.l(_printf_str.o)
    0x00000294   0x0000010e   Code   RO          517    .text               c_p.l(__printf_wp.o)
    0x000003a2   0x00000006   Code   RO          538    .text               c_p.l(heapauxi.o)
    0x000003a8   0x00000048   Code   RO          545    .text               fz_ps.l(dfixui.o)
    0x000003f0   0x00000010   Code   RO          571    .text               c_p.l(rt_ctype_table.o)
    0x00000400   0x00000010   Code   RO          458    .ARM.__at_0x400     startup_mkl25z4.o
    0x00000410   0x00000070   Code   RO          532    .text               c_p.l(strtol.o)
    0x00000480   0x0000015a   Code   RO          534    .text               c_p.l(aeabi_sdiv.o)
    0x000005da   0x00000002   PAD
    0x000005dc   0x00000448   Code   RO          542    .text               fz_ps.l(ddiv.o)
    0x00000a24   0x00000058   Code   RO          547    .text               fz_ps.l(dflti.o)
    0x00000a7c   0x00000054   Code   RO          549    .text               fz_ps.l(f2d.o)
    0x00000ad0   0x00000160   Code   RO          557    .text               fz_ps.l(fdiv.o)
    0x00000c30   0x0000005e   Code   RO          560    .text               fz_ps.l(fflti.o)
    0x00000c8e   0x00000002   PAD
    0x00000c90   0x00000008   Code   RO          580    .text               c_p.l(rt_errno_addr_intlibspace.o)
    0x00000c98   0x00000414   Code   RO          582    .text               c_p.l(_printf_fp_dec.o)
    0x000010ac   0x0000002e   Code   RO          584    .text               c_p.l(_printf_char.o)
    0x000010da   0x00000002   PAD
    0x000010dc   0x00000028   Code   RO          586    .text               c_p.l(_printf_char_file.o)
    0x00001104   0x000000a6   Code   RO          589    .text               c_p.l(_strtoul.o)
    0x000011aa   0x00000002   PAD
    0x000011ac   0x00000064   Code   RO          591    .text               fz_ps.l(fcmpin.o)
    0x00001210   0x00000008   Code   RO          594    .text               c_p.l(libspace.o)
    0x00001218   0x00000008   Code   RO          617    .text               c_p.l(rt_locale_intlibspace.o)
    0x00001220   0x0000007a   Code   RO          619    .text               c_p.l(lludiv10.o)
    0x0000129a   0x00000002   PAD
    0x0000129c   0x00000030   Code   RO          621    .text               c_p.l(_printf_char_common.o)
    0x000012cc   0x00000088   Code   RO          623    .text               c_p.l(_printf_fp_infnan.o)
    0x00001354   0x0000001e   Code   RO          625    .text               c_p.l(_chval.o)
    0x00001372   0x00000002   PAD
    0x00001374   0x000000c8   Code   RO          627    .text               c_p.l(bigflt0.o)
    0x0000143c   0x000004a8   Code   RO          630    .text               c_p.l(btod.o)
    0x000018e4   0x00000008   Code   RO          634    .text               c_p.l(ferror.o)
    0x000018ec   0x00000028   Code   RO          644    .text               c_p.l(rtudiv10.o)
    0x00001914   0x0000002e   Code   RO          646    .text               fz_ps.l(cmpret.o)
    0x00001942   0x00000002   PAD
    0x00001944   0x00000010   Code   RO          648    .text               fz_ps.l(fnan2.o)
    0x00001954   0x0000003e   Code   RO          654    .text               c_p.l(sys_stackheap_outer.o)
    0x00001992   0x00000010   Code   RO          659    .text               c_p.l(exit.o)
    0x000019a2   0x00000002   PAD
    0x000019a4   0x00000088   Code   RO          665    .text               c_p.l(strcmp.o)
    0x00001a2c   0x0000005e   Code   RO          718    .text               fz_ps.l(retnan.o)
    0x00001a8a   0x00000002   PAD
    0x00001a8c   0x0000000c   Code   RO          733    .text               c_p.l(sys_exit.o)
    0x00001a98   0x00000002   Code   RO          754    .text               c_p.l(use_no_semi.o)
    0x00001a9a   0x00000000   Code   RO          756    .text               c_p.l(indicate_semi.o)
    0x00001a9a   0x00000002   PAD
    0x00001a9c   0x0000004c   Code   RO          305    i.Control_RGB_LEDs  leds.o
    0x00001ae8   0x00000228   Code   RO          334    i.Convert_Number_to_Float  gps.o
    0x00001d10   0x000000f4   Code   RO          335    i.Decode_GPS        gps.o
    0x00001e04   0x0000008c   Code   RO          336    i.Decode_HeaderGPS  gps.o
    0x00001e90   0x00000010   Code   RO          188    i.Get_Num_Rx_Chars_Available  uart.o
    0x00001ea0   0x0000008c   Code   RO          306    i.Init_RGB_LEDs     leds.o
    0x00001f2c   0x000000f4   Code   RO          189    i.Init_UART0        uart.o
    0x00002020   0x000000b0   Code   RO          190    i.Init_UART2        uart.o
    0x000020d0   0x00000014   Code   RO          120    i.NVIC_ClearPendingIRQ  timers.o
    0x000020e4   0x00000014   Code   RO          191    i.NVIC_ClearPendingIRQ  uart.o
    0x000020f8   0x00000014   Code   RO          192    i.NVIC_EnableIRQ    uart.o
    0x0000210c   0x00000078   Code   RO          193    i.NVIC_SetPriority  uart.o
    0x00002184   0x00000074   Code   RO          122    i.PIT_IRQHandler    timers.o
    0x000021f8   0x00000044   Code   RO           74    i.Q_Dequeue         queue.o
    0x0000223c   0x00000014   Code   RO           75    i.Q_Empty           queue.o
    0x00002250   0x0000003c   Code   RO           76    i.Q_Enqueue         queue.o
    0x0000228c   0x00000018   Code   RO           77    i.Q_Full            queue.o
    0x000022a4   0x00000020   Code   RO           78    i.Q_Init            queue.o
    0x000022c4   0x0000000a   Code   RO           79    i.Q_Size            queue.o
    0x000022ce   0x00000002   PAD
    0x000022d0   0x00000138   Code   RO          468    i.SystemInit        system_mkl25z4.o
    0x00002408   0x00000060   Code   RO          337    i.Task_NMEA_Decode  gps.o
    0x00002468   0x000000cc   Code   RO          338    i.Task_Report_Drift  gps.o
    0x00002534   0x000000a4   Code   RO          195    i.UART0_IRQHandler  uart.o
    0x000025d8   0x00000080   Code   RO          198    i.UART2_IRQHandler  uart.o
    0x00002658   0x00000030   Code   RO          632    i.__ARM_common_ll_muluu  c_p.l(btod.o)
    0x00002688   0x0000001c   Code   RO          384    i.__ARM_common_switch8  gps.o
    0x000026a4   0x0000002c   Code   RO          652    i.__ARM_fpclassify  m_ps.l(fpclassify.o)
    0x000026d0   0x0000000e   Code   RO          519    i._is_digit         c_p.l(__printf_wp.o)
    0x000026de   0x00000002   PAD
    0x000026e0   0x00000050   Code   RO          339    i.checksum          gps.o
    0x00002730   0x00000024   Code   RO          202    i.fputc             uart.o
    0x00002754   0x000001a0   Code   RO            3    i.main              main.o
    0x000028f4   0x0000002c   Code   RO          639    locale$$code        c_p.l(lc_ctype_c.o)
    0x00002920   0x0000002c   Code   RO          642    locale$$code        c_p.l(lc_numeric_c.o)
    0x0000294c   0x0000008c   Code   RO          551    x$fpl$fadd          fz_ps.l(faddsub.o)
    0x000029d8   0x00000054   Code   RO          562    x$fpl$fleqf         fz_ps.l(flef.o)
    0x00002a2c   0x000000b0   Code   RO          564    x$fpl$fmul          fz_ps.l(fmul.o)
    0x00002adc   0x00000058   Code   RO          566    x$fpl$frleqf        fz_ps.l(frlef.o)
    0x00002b34   0x000000d0   Code   RO          553    x$fpl$fsub          fz_ps.l(faddsub.o)
    0x00002c04   0x00000010   Code   RO          568    x$fpl$printf1       fz_ps.l(printf1.o)
    0x00002c14   0x00000000   Code   RO          593    x$fpl$usenofp       fz_ps.l(usenofp.o)
    0x00002c14   0x00000080   Data   RO          543    .constdata          fz_ps.l(ddiv.o)
    0x00002c94   0x00000040   Data   RO          558    .constdata          fz_ps.l(fdiv.o)
    0x00002cd4   0x00000094   Data   RO          628    .constdata          c_p.l(bigflt0.o)
    0x00002d68   0x00000057   Data   RO          341    .conststring        gps.o
    0x00002dbf   0x00000001   PAD
    0x00002dc0   0x00000020   Data   RO          800    Region$$Table       anon$$obj.o
    0x00002de0   0x00000110   Data   RO          638    locale$$data        c_p.l(lc_ctype_c.o)
    0x00002ef0   0x0000001c   Data   RO          641    locale$$data        c_p.l(lc_numeric_c.o)


    Execution Region ER_RW (Base: 0x1ffff000, Size: 0x00000024, Max: 0xffffffff, ABSOLUTE)

    Base Addr    Size         Type   Attr      Idx    E Section Name        Object

    0x1ffff000   0x0000000c   Data   RW          126    .data               timers.o
    0x1ffff00c   0x0000000c   Data   RW          204    .data               uart.o
    0x1ffff018   0x00000009   Data   RW          342    .data               gps.o


    Execution Region ER_ZI (Base: 0x1ffff024, Size: 0x0000079c, Max: 0xffffffff, ABSOLUTE)

    Base Addr    Size         Type   Attr      Idx    E Section Name        Object

    0x1ffff024   0x00000100   Zero   RW            4    .bss                main.o
    0x1ffff124   0x00000218   Zero   RW          203    .bss                uart.o
    0x1ffff33c   0x00000020   Zero   RW          340    .bss                gps.o
    0x1ffff35c   0x00000060   Zero   RW          595    .bss                c_p.l(libspace.o)
    0x1ffff3bc   0x00000004   PAD
    0x1ffff3c0   0x00000000   Zero   RW          456    HEAP                startup_mkl25z4.o
    0x1ffff3c0   0x00000400   Zero   RW          455    STACK               startup_mkl25z4.o


==============================================================================

Image component sizes


      Code (inc. data)   RO Data    RW Data    ZI Data      Debug   Object Name

      1344        216         87          9         32       3995   gps.o
       216         22          0          0          0        979   leds.o
       416         82          0          0        256     225927   main.o
       214          0          0          0          0       3145   queue.o
        80         44        192          0       1024        892   startup_mkl25z4.o
       312         46          0          0          0        581   system_mkl25z4.o
       136         22          0         12          0       7782   timers.o
       924        140          0         12        536      12885   uart.o

    ----------------------------------------------------------------------
      3644        572        312         36       1848     256186   Object Totals
         0          0         32          0          0          0   (incl. Generated)
         2          0          1          3          0          0   (incl. Padding)

    ----------------------------------------------------------------------

      Code (inc. data)   RO Data    RW Data    ZI Data      Debug   Library Member Name

         8          0          0          0          0         68   __main.o
       284          0          0          0          0        136   __printf_wp.o
         0          0          0          0          0          0   __rtentry.o
        12          0          0          0          0          0   __rtentry2.o
         6          0          0          0          0          0   __rtentry4.o
        60          8          0          0          0          0   __scatter.o
        26          0          0          0          0          0   __scatter_copy.o
        28          0          0          0          0          0   __scatter_zi.o
        30          0          0          0          0         60   _chval.o
        10          0          0          0          0          0   _printf_c.o
        46          0          0          0          0        100   _printf_char.o
        48          6          0          0          0         88   _printf_char_common.o
        40          6          0          0          0         72   _printf_char_file.o
        10          0          0          0          0          0   _printf_f.o
      1044         14          0          0          0        176   _printf_fp_dec.o
       136         16          0          0          0         76   _printf_fp_infnan.o
        78          0          0          0          0        100   _printf_pad.o
         2          0          0          0          0          0   _printf_percent.o
         4          0          0          0          0          0   _printf_percent_end.o
        82          0          0          0          0         72   _printf_str.o
       166          0          0          0          0         84   _strtoul.o
       346          0          0          0          0         92   aeabi_sdiv.o
       200          4        148          0          0         80   bigflt0.o
      1240         12          0          0          0        316   btod.o
        16          0          0          0          0         68   exit.o
         8          0          0          0          0         60   ferror.o
         6          0          0          0          0        136   heapauxi.o
         0          0          0          0          0          0   indicate_semi.o
        44         10        272          0          0         76   lc_ctype_c.o
        44         10         28          0          0         76   lc_numeric_c.o
         2          0          0          0          0          0   libinit.o
        30          0          0          0          0          0   libinit2.o
         2          0          0          0          0          0   libshutdown.o
         2          0          0          0          0          0   libshutdown2.o
         8          4          0          0         96         68   libspace.o
       122          0          0          0          0         72   lludiv10.o
        28          6          0          0          0         84   noretval__2printf.o
        16          4          0          0          0         76   rt_ctype_table.o
         8          4          0          0          0         68   rt_errno_addr_intlibspace.o
         8          4          0          0          0         68   rt_locale_intlibspace.o
         2          0          0          0          0          0   rtexit.o
        10          0          0          0          0          0   rtexit2.o
        40          0          0          0          0         60   rtudiv10.o
       136          4          0          0          0         72   strcmp.o
       112          4          0          0          0         76   strtol.o
        12          4          0          0          0         60   sys_exit.o
        62          0          0          0          0         80   sys_stackheap_outer.o
         2          0          0          0          0         68   use_no_semi.o
        46          0          0          0          0         60   cmpret.o
      1096         26        128          0          0        112   ddiv.o
        72          4          0          0          0         68   dfixui.o
        88          0          0          0          0         92   dflti.o
        84          4          0          0          0         60   f2d.o
       348          8          0          0          0        160   faddsub.o
       100          4          0          0          0         68   fcmpin.o
       352         10         64          0          0         92   fdiv.o
        94          0          0          0          0         92   fflti.o
        84          4          0          0          0         76   flef.o
       176          4          0          0          0         80   fmul.o
        16          6          0          0          0         68   fnan2.o
        88          4          0          0          0         76   frlef.o
        16          4          0          0          0         76   printf1.o
        94          0          0          0          0         68   retnan.o
         0          0          0          0          0          0   usenofp.o
        44          4          0          0          0         60   fpclassify.o

    ----------------------------------------------------------------------
      7448        202        640          0        100       4096   Library Totals
        24          0          0          0          4          0   (incl. Padding)

    ----------------------------------------------------------------------

      Code (inc. data)   RO Data    RW Data    ZI Data      Debug   Library Name

      4626        120        448          0         96       2788   c_p.l
      2754         78        192          0          0       1248   fz_ps.l
        44          4          0          0          0         60   m_ps.l

    ----------------------------------------------------------------------
      7448        202        640          0        100       4096   Library Totals

    ----------------------------------------------------------------------

==============================================================================


      Code (inc. data)   RO Data    RW Data    ZI Data      Debug   

     11092        774        952         36       1948     257014   Grand Totals
     11092        774        952         36       1948     257014   ELF Image Totals
     11092        774        952         36          0          0   ROM Totals

==============================================================================

    Total RO  Size (Code + RO Data)                12044 (  11.76kB)
    Total RW  Size (RW Data + ZI Data)              1984 (   1.94kB)
    Total ROM Size (Code + RO Data + RW Data)      12080 (  11.80kB)

==============================================================================

